Component: ARM Compiler 6.16 Tool: armlink [5dfea300]

==============================================================================

Memory Map of the image

  Image Entry point : 0x00000301

  Load Region LR_IROM1 (Base: 0x00000000, Size: 0x00073ec0, Max: 0x00080000, ABSOLUTE, COMPRESSED[0x00073dbc])

    Execution Region ER_IROM0 (Base: 0x00000000, Size: 0x000000c4, Max: 0x000002fc, ABSOLUTE)

    Base Addr    Size         Type   Attr      Idx    E Section Name        Object

    0x00000000   0x000000c4   Data   RO         4079    RESET               BUILD/LPC1768/ARMC6/mbed-os/targets/TARGET_NXP/TARGET_LPC176X/device/TOOLCHAIN_ARM_STD/startup_LPC17xx.o


    Execution Region ER_CRP (Base: 0x000002fc, Size: 0x00000004, Max: 0x00000004, ABSOLUTE, FIXED)

    Base Addr    Size         Type   Attr      Idx    E Section Name        Object

    0x000002fc   0x00000004   Data   RO         4078    .CRPSection         BUILD/LPC1768/ARMC6/mbed-os/targets/TARGET_NXP/TARGET_LPC176X/device/CRP.o


    Execution Region ER_IROM1 (Base: 0x00000300, Size: 0x000739f0, Max: 0x0007fd00, ABSOLUTE, FIXED)

    Base Addr    Size         Type   Attr      Idx    E Section Name        Object

    0x00000300   0x00000008   Code   RO         5603  * !!!main             /Library/Application Support/Mbed Studio/mbed-studio-tools/ac6/bin/../lib/armlib/c_w.l(__main.o)
    0x00000308   0x00000034   Code   RO        10690    !!!scatter          /Library/Application Support/Mbed Studio/mbed-studio-tools/ac6/bin/../lib/armlib/c_w.l(__scatter.o)
    0x0000033c   0x0000005a   Code   RO        10688    !!dczerorl2         /Library/Application Support/Mbed Studio/mbed-studio-tools/ac6/bin/../lib/armlib/c_w.l(__dczerorl2.o)
    0x00000396   0x00000002   PAD
    0x00000398   0x0000001c   Code   RO        10692    !!handler_zi        /Library/Application Support/Mbed Studio/mbed-studio-tools/ac6/bin/../lib/armlib/c_w.l(__scatter_zi.o)
    0x000003b4   0x00000000   Code   RO         5504    .ARM.Collect$$_printf_percent$$00000000  /Library/Application Support/Mbed Studio/mbed-studio-tools/ac6/bin/../lib/armlib/c_w.l(_printf_percent.o)
    0x000003b4   0x00000006   Code   RO         9480    .ARM.Collect$$_printf_percent$$00000001  /Library/Application Support/Mbed Studio/mbed-studio-tools/ac6/bin/../lib/armlib/c_w.l(_printf_n.o)
    0x000003ba   0x00000006   Code   RO         5500    .ARM.Collect$$_printf_percent$$00000002  /Library/Application Support/Mbed Studio/mbed-studio-tools/ac6/bin/../lib/armlib/c_w.l(_printf_p.o)
    0x000003c0   0x00000006   Code   RO         5503    .ARM.Collect$$_printf_percent$$00000003  /Library/Application Support/Mbed Studio/mbed-studio-tools/ac6/bin/../lib/armlib/c_w.l(_printf_f.o)
    0x000003c6   0x00000006   Code   RO         9483    .ARM.Collect$$_printf_percent$$00000004  /Library/Application Support/Mbed Studio/mbed-studio-tools/ac6/bin/../lib/armlib/c_w.l(_printf_e.o)
    0x000003cc   0x00000006   Code   RO         9484    .ARM.Collect$$_printf_percent$$00000005  /Library/Application Support/Mbed Studio/mbed-studio-tools/ac6/bin/../lib/armlib/c_w.l(_printf_g.o)
    0x000003d2   0x00000006   Code   RO         9485    .ARM.Collect$$_printf_percent$$00000006  /Library/Application Support/Mbed Studio/mbed-studio-tools/ac6/bin/../lib/armlib/c_w.l(_printf_a.o)
    0x000003d8   0x0000000a   Code   RO         9490    .ARM.Collect$$_printf_percent$$00000007  /Library/Application Support/Mbed Studio/mbed-studio-tools/ac6/bin/../lib/armlib/c_w.l(_printf_ll.o)
    0x000003e2   0x00000006   Code   RO         9482    .ARM.Collect$$_printf_percent$$00000008  /Library/Application Support/Mbed Studio/mbed-studio-tools/ac6/bin/../lib/armlib/c_w.l(_printf_i.o)
    0x000003e8   0x00000006   Code   RO         5501    .ARM.Collect$$_printf_percent$$00000009  /Library/Application Support/Mbed Studio/mbed-studio-tools/ac6/bin/../lib/armlib/c_w.l(_printf_d.o)
    0x000003ee   0x00000006   Code   RO         5502    .ARM.Collect$$_printf_percent$$0000000A  /Library/Application Support/Mbed Studio/mbed-studio-tools/ac6/bin/../lib/armlib/c_w.l(_printf_u.o)
    0x000003f4   0x00000006   Code   RO         9481    .ARM.Collect$$_printf_percent$$0000000B  /Library/Application Support/Mbed Studio/mbed-studio-tools/ac6/bin/../lib/armlib/c_w.l(_printf_o.o)
    0x000003fa   0x00000006   Code   RO         5499    .ARM.Collect$$_printf_percent$$0000000C  /Library/Application Support/Mbed Studio/mbed-studio-tools/ac6/bin/../lib/armlib/c_w.l(_printf_x.o)
    0x00000400   0x00000006   Code   RO         9487    .ARM.Collect$$_printf_percent$$0000000D  /Library/Application Support/Mbed Studio/mbed-studio-tools/ac6/bin/../lib/armlib/c_w.l(_printf_lli.o)
    0x00000406   0x00000006   Code   RO         9488    .ARM.Collect$$_printf_percent$$0000000E  /Library/Application Support/Mbed Studio/mbed-studio-tools/ac6/bin/../lib/armlib/c_w.l(_printf_lld.o)
[...]
    0x0002949c   0x0000003c   Data   RO         4366    .rodata.PinMap_SPI_SCLK  BUILD/LPC1768/ARMC6/mbed-os/targets/TARGET_NXP/TARGET_LPC176X/spi_api.o
    0x000294d8   0x0000003c   Data   RO         4367    .rodata.PinMap_SPI_SSEL  BUILD/LPC1768/ARMC6/mbed-os/targets/TARGET_NXP/TARGET_LPC176X/spi_api.o
    0x00029514   0x00000024   Data   RO         4318    .rodata.PinMap_UART_CTS  BUILD/LPC1768/ARMC6/mbed-os/targets/TARGET_NXP/TARGET_LPC176X/serial_api.o
    0x00029538   0x00000024   Data   RO         4317    .rodata.PinMap_UART_RTS  BUILD/LPC1768/ARMC6/mbed-os/targets/TARGET_NXP/TARGET_LPC176X/serial_api.o
    0x0002955c   0x0000006c   Data   RO         4314    .rodata.PinMap_UART_RX  BUILD/LPC1768/ARMC6/mbed-os/targets/TARGET_NXP/TARGET_LPC176X/serial_api.o
    0x000295c8   0x0000006c   Data   RO         4313    .rodata.PinMap_UART_TX  BUILD/LPC1768/ARMC6/mbed-os/targets/TARGET_NXP/TARGET_LPC176X/serial_api.o
    0x00029634   0x00000632   Data   RO         5316    .rodata._ZL10ENEMY_IMGS  BUILD/LPC1768/ARMC6/utilities/graphics/graphics.o
    0x00029c66   0x00000eb4   Data   RO         4968    .rodata._ZL10bSoundData  BUILD/LPC1768/ARMC6/utilities/audio/gameMusic.o
    0x0002ab1a   0x00001000   Data   RO         4967    .rodata._ZL10hSoundData  BUILD/LPC1768/ARMC6/utilities/audio/gameMusic.o
    0x0002bb1a   0x000107a8   Data   RO         4964    .rodata._ZL10lSoundData  BUILD/LPC1768/ARMC6/utilities/audio/gameMusic.o
    0x0003c2c2   0x00001270   Data   RO         4963    .rodata._ZL10pSoundData  BUILD/LPC1768/ARMC6/utilities/audio/gameMusic.o
    0x0003d532   0x00000002   PAD
    0x0003d534   0x00010000   Data   RO         5328    .rodata._ZL10profileImg  BUILD/LPC1768/ARMC6/utilities/graphics/graphics.o
    0x0004d534   0x0000ccd2   Data   RO         4966    .rodata._ZL10xSoundData  BUILD/LPC1768/ARMC6/utilities/audio/gameMusic.o
    0x0005a206   0x00000632   Data   RO         5315    .rodata._ZL11PLAYER_IMGS  BUILD/LPC1768/ARMC6/utilities/graphics/graphics.o
    0x0005a838   0x0000e1f4   Data   RO         4969    .rodata._ZL12winSoundData  BUILD/LPC1768/ARMC6/utilities/audio/gameMusic.o
    0x00068a2c   0x00004da6   Data   RO         4970    .rodata._ZL13loseSoundData  BUILD/LPC1768/ARMC6/utilities/audio/gameMusic.o
    0x0006d7d2   0x00002400   Data   RO         4965    .rodata._ZL16missileSoundData  BUILD/LPC1768/ARMC6/utilities/audio/gameMusic.o
    0x0006fbd2   0x00000080   Data   RO         3727    .rodata._ZL5ExCvt   BUILD/LPC1768/ARMC6/mbed-os/storage/filesystem/fat/ChaN/ff.o
    0x0006fc52   0x00000100   Data   RO         3738    .rodata._ZL5uc437   BUILD/LPC1768/ARMC6/mbed-os/storage/filesystem/fat/ChaN/ffunicode.o
    0x0006fd52   0x0000000d   Data   RO         3728    .rodata._ZL6LfnOfs  BUILD/LPC1768/ARMC6/mbed-os/storage/filesystem/fat/ChaN/ff.o
    0x0006fd5f   0x00001262   Data   RO         5317    .rodata._ZL9BOSS_IMGS  BUILD/LPC1768/ARMC6/utilities/graphics/graphics.o
    0x00070fc1   0x00000021   Data   RO         7860    .rodata._ZNSt3__214__num_get_base5__srcE  /Library/Application Support/Mbed Studio/mbed-studio-tools/ac6/bin/../lib/libcxx/libcpp_w.l(locale.cpp.o)
    0x00070fe2   0x00000002   PAD
    0x00070fe4   0x0000000c   Data   RO        10035    .rodata._ZTIN10__cxxabiv116__shim_type_infoE  /Library/Application Support/Mbed Studio/mbed-studio-tools/ac6/bin/../lib/libcxx/libcppabi_w.l(private_typeinfo.cpp.o)
    0x00070ff0   0x0000000c   Data   RO        10037    .rodata._ZTIN10__cxxabiv117__class_type_infoE  /Library/Application Support/Mbed Studio/mbed-studio-tools/ac6/bin/../lib/libcxx/libcppabi_w.l(private_typeinfo.cpp.o)
    0x00070ffc   0x0000000c   Data   RO        10212    .rodata._ZTIN10__cxxabiv120__si_class_type_infoE  /Library/Application Support/Mbed Studio/mbed-studio-tools/ac6/bin/../lib/libcxx/libcppabi_w.l(private_typeinfo.cpp.o)
    0x00071008   0x0000000c   Data   RO        10215    .rodata._ZTIN10__cxxabiv121__vmi_class_type_infoE  /Library/Application Support/Mbed Studio/mbed-studio-tools/ac6/bin/../lib/libcxx/libcppabi_w.l(private_typeinfo.cpp.o)
    0x00071014   0x0000000c   Data   RO         7198    .rodata._ZTINSt3__210__stdinbufIcEE  /Library/Application Support/Mbed Studio/mbed-studio-tools/ac6/bin/../lib/libcxx/libcpp_w.l(iostream.cpp.o)
    0x00071020   0x0000000c   Data   RO         7201    .rodata._ZTINSt3__210__stdinbufIwEE  /Library/Application Support/Mbed Studio/mbed-studio-tools/ac6/bin/../lib/libcxx/libcpp_w.l(iostream.cpp.o)
    0x0007102c   0x00000008   Data   RO         9278    .rodata._ZTINSt3__210__time_putE  /Library/Application Support/Mbed Studio/mbed-studio-tools/ac6/bin/../lib/libcxx/libcpp_w.l(locale.cpp.o)
    0x00071034   0x00000008   Data   RO         9229    .rodata._ZTINSt3__210ctype_baseE  /Library/Application Support/Mbed Studio/mbed-studio-tools/ac6/bin/../lib/libcxx/libcpp_w.l(locale.cpp.o)
    0x0007103c   0x00000008   Data   RO         9288    .rodata._ZTINSt3__210money_baseE  /Library/Application Support/Mbed Studio/mbed-studio-tools/ac6/bin/../lib/libcxx/libcpp_w.l(locale.cpp.o)
    0x00071044   0x00000020   Data   RO         9289    .rodata._ZTINSt3__210moneypunctIcLb0EEE  /Library/Application Support/Mbed Studio/mbed-studio-tools/ac6/bin/../lib/libcxx/libcpp_w.l(locale.cpp.o)
    0x00071064   0x00000020   Data   RO         9291    .rodata._ZTINSt3__210moneypunctIcLb1EEE  /Library/Application Support/Mbed Studio/mbed-studio-tools/ac6/bin/../lib/libcxx/libcpp_w.l(locale.cpp.o)
    0x00071084   0x00000020   Data   RO         9293    .rodata._ZTINSt3__210moneypunctIwLb0EEE  /Library/Application Support/Mbed Studio/mbed-studio-tools/ac6/bin/../lib/libcxx/libcpp_w.l(locale.cpp.o)
    0x000710a4   0x00000020   Data   RO         9295    .rodata._ZTINSt3__210moneypunctIwLb1EEE  /Library/Application Support/Mbed Studio/mbed-studio-tools/ac6/bin/../lib/libcxx/libcpp_w.l(locale.cpp.o)
    0x000710c4   0x00000008   Data   RO         9306    .rodata._ZTINSt3__211__money_getIcEE  /Library/Application Support/Mbed Studio/mbed-studio-tools/ac6/bin/../lib/libcxx/libcpp_w.l(locale.cpp.o)
    0x000710cc   0x00000008   Data   RO         9310    .rodata._ZTINSt3__211__money_getIwEE  /Library/Application Support/Mbed Studio/mbed-studio-tools/ac6/bin/../lib/libcxx/libcpp_w.l(locale.cpp.o)
    0x000710d4   0x00000008   Data   RO         9314    .rodata._ZTINSt3__211__money_putIcEE  /Library/Application Support/Mbed Studio/mbed-studio-tools/ac6/bin/../lib/libcxx/libcpp_w.l(locale.cpp.o)
    0x000710dc   0x00000008   Data   RO         9318    .rodata._ZTINSt3__211__money_putIwEE  /Library/Application Support/Mbed Studio/mbed-studio-tools/ac6/bin/../lib/libcxx/libcpp_w.l(locale.cpp.o)
    0x000710e4   0x0000000c   Data   RO         7204    .rodata._ZTINSt3__211__stdoutbufIcEE  /Library/Application Support/Mbed Studio/mbed-studio-tools/ac6/bin/../lib/libcxx/libcpp_w.l(iostream.cpp.o)
    0x000710f0   0x0000000c   Data   RO         7207    .rodata._ZTINSt3__211__stdoutbufIwEE  /Library/Application Support/Mbed Studio/mbed-studio-tools/ac6/bin/../lib/libcxx/libcpp_w.l(iostream.cpp.o)
    0x000710fc   0x00000008   Data   RO         9231    .rodata._ZTINSt3__212codecvt_baseE  /Library/Application Support/Mbed Studio/mbed-studio-tools/ac6/bin/../lib/libcxx/libcpp_w.l(locale.cpp.o)
    0x00071104   0x00000018   Data   RO         7075    .rodata._ZTINSt3__213basic_istreamIcNS_11char_traitsIcEEEE  /Library/Application Support/Mbed Studio/mbed-studio-tools/ac6/bin/../lib/libcxx/libcpp_w.l(ios.instantiations.cpp.o)
    0x0007111c   0x00000018   Data   RO         7077    .rodata._ZTINSt3__213basic_istreamIwNS_11char_traitsIwEEEE  /Library/Application Support/Mbed Studio/mbed-studio-tools/ac6/bin/../lib/libcxx/libcpp_w.l(ios.instantiations.cpp.o)
    0x00071134   0x00000018   Data   RO         7079    .rodata._ZTINSt3__213basic_ostreamIcNS_11char_traitsIcEEEE  /Library/Application Support/Mbed Studio/mbed-studio-tools/ac6/bin/../lib/libcxx/libcpp_w.l(ios.instantiations.cpp.o)
    0x0007114c   0x00000018   Data   RO         7081    .rodata._ZTINSt3__213basic_ostreamIwNS_11char_traitsIwEEEE  /Library/Application Support/Mbed Studio/mbed-studio-tools/ac6/bin/../lib/libcxx/libcpp_w.l(ios.instantiations.cpp.o)
    0x00071164   0x00000008   Data   RO         9322    .rodata._ZTINSt3__213messages_baseE  /Library/Application Support/Mbed Studio/mbed-studio-tools/ac6/bin/../lib/libcxx/libcpp_w.l(locale.cpp.o)
    0x0007116c   0x00000008   Data   RO         9239    .rodata._ZTINSt3__214__num_get_baseE  /Library/Application Support/Mbed Studio/mbed-studio-tools/ac6/bin/../lib/libcxx/libcpp_w.l(locale.cpp.o)
    0x00071174   0x00000008   Data   RO         9249    .rodata._ZTINSt3__214__num_put_baseE  /Library/Application Support/Mbed Studio/mbed-studio-tools/ac6/bin/../lib/libcxx/libcpp_w.l(locale.cpp.o)
    0x0007117c   0x00000008   Data   RO         9778    .rodata._ZTINSt3__214__shared_countE  /Library/Application Support/Mbed Studio/mbed-studio-tools/ac6/bin/../lib/libcxx/libcpp_w.l(memory.cpp.o)
    0x00071184   0x00000008   Data   RO         7071    .rodata._ZTINSt3__215basic_streambufIcNS_11char_traitsIcEEEE  /Library/Application Support/Mbed Studio/mbed-studio-tools/ac6/bin/../lib/libcxx/libcpp_w.l(ios.instantiations.cpp.o)
    0x0007118c   0x00000008   Data   RO         7073    .rodata._ZTINSt3__215basic_streambufIwNS_11char_traitsIwEEEE  /Library/Application Support/Mbed Studio/mbed-studio-tools/ac6/bin/../lib/libcxx/libcpp_w.l(ios.instantiations.cpp.o)
    0x00071194   0x00000008   Data   RO         9260    .rodata._ZTINSt3__220__time_get_c_storageIcEE  /Library/Application Support/Mbed Studio/mbed-studio-tools/ac6/bin/../lib/libcxx/libcpp_w.l(locale.cpp.o)
    0x0007119c   0x00000008   Data   RO         9264    .rodata._ZTINSt3__220__time_get_c_storageIwEE  /Library/Application Support/Mbed Studio/mbed-studio-tools/ac6/bin/../lib/libcxx/libcpp_w.l(locale.cpp.o)
    0x000711a4   0x00000020   Data   RO         8026    .rodata._ZTINSt3__25ctypeIcEE  /Library/Application Support/Mbed Studio/mbed-studio-tools/ac6/bin/../lib/libcxx/libcpp_w.l(locale.cpp.o)
    0x000711c4   0x00000020   Data   RO         7953    .rodata._ZTINSt3__25ctypeIwEE  /Library/Application Support/Mbed Studio/mbed-studio-tools/ac6/bin/../lib/libcxx/libcpp_w.l(locale.cpp.o)
    0x000711e4   0x0000000c   Data   RO         8020    .rodata._ZTINSt3__26locale5__impE  /Library/Application Support/Mbed Studio/mbed-studio-tools/ac6/bin/../lib/libcxx/libcpp_w.l(locale.cpp.o)
    0x000711f0   0x0000000c   Data   RO         7950    .rodata._ZTINSt3__26locale5facetE  /Library/Application Support/Mbed Studio/mbed-studio-tools/ac6/bin/../lib/libcxx/libcpp_w.l(locale.cpp.o)
    0x000711fc   0x00000020   Data   RO         7968    .rodata._ZTINSt3__27codecvtIDiDuSt11__mbstate_tEE  /Library/Application Support/Mbed Studio/mbed-studio-tools/ac6/bin/../lib/libcxx/libcpp_w.l(locale.cpp.o)
    0x0007121c   0x00000020   Data   RO         7965    .rodata._ZTINSt3__27codecvtIDicSt11__mbstate_tEE  /Library/Application Support/Mbed Studio/mbed-studio-tools/ac6/bin/../lib/libcxx/libcpp_w.l(locale.cpp.o)
    0x0007123c   0x00000020   Data   RO         7962    .rodata._ZTINSt3__27codecvtIDsDuSt11__mbstate_tEE  /Library/Application Support/Mbed Studio/mbed-studio-tools/ac6/bin/../lib/libcxx/libcpp_w.l(locale.cpp.o)
    0x0007125c   0x00000020   Data   RO         7959    .rodata._ZTINSt3__27codecvtIDscSt11__mbstate_tEE  /Library/Application Support/Mbed Studio/mbed-studio-tools/ac6/bin/../lib/libcxx/libcpp_w.l(locale.cpp.o)
    0x0007127c   0x00000020   Data   RO         7956    .rodata._ZTINSt3__27codecvtIccSt11__mbstate_tEE  /Library/Application Support/Mbed Studio/mbed-studio-tools/ac6/bin/../lib/libcxx/libcpp_w.l(locale.cpp.o)
    0x0007129c   0x00000020   Data   RO         7984    .rodata._ZTINSt3__27codecvtIwcSt11__mbstate_tEE  /Library/Application Support/Mbed Studio/mbed-studio-tools/ac6/bin/../lib/libcxx/libcpp_w.l(locale.cpp.o)
    0x000712bc   0x0000000c   Data   RO         9233    .rodata._ZTINSt3__27collateIcEE  /Library/Application Support/Mbed Studio/mbed-studio-tools/ac6/bin/../lib/libcxx/libcpp_w.l(locale.cpp.o)
    0x000712c8   0x0000000c   Data   RO         9235    .rodata._ZTINSt3__27collateIwEE  /Library/Application Support/Mbed Studio/mbed-studio-tools/ac6/bin/../lib/libcxx/libcpp_w.l(locale.cpp.o)
    0x000712d4   0x00000020   Data   RO         9241    .rodata._ZTINSt3__27num_getIcNS_19istreambuf_iteratorIcNS_11char_traitsIcEEEEEE  /Library/Application Support/Mbed Studio/mbed-studio-tools/ac6/bin/../lib/libcxx/libcpp_w.l(locale.cpp.o)
    0x000712f4   0x00000020   Data   RO         9245    .rodata._ZTINSt3__27num_getIwNS_19istreambuf_iteratorIwNS_11char_traitsIwEEEEEE  /Library/Application Support/Mbed Studio/mbed-studio-tools/ac6/bin/../lib/libcxx/libcpp_w.l(locale.cpp.o)
    0x00071314   0x00000020   Data   RO         9251    .rodata._ZTINSt3__27num_putIcNS_19ostreambuf_iteratorIcNS_11char_traitsIcEEEEEE  /Library/Application Support/Mbed Studio/mbed-studio-tools/ac6/bin/../lib/libcxx/libcpp_w.l(locale.cpp.o)
    0x00071334   0x00000020   Data   RO         9255    .rodata._ZTINSt3__27num_putIwNS_19ostreambuf_iteratorIwNS_11char_traitsIwEEEEEE  /Library/Application Support/Mbed Studio/mbed-studio-tools/ac6/bin/../lib/libcxx/libcpp_w.l(locale.cpp.o)
    0x00071354   0x00000008   Data   RO         6090    .rodata._ZTINSt3__28ios_baseE  /Library/Application Support/Mbed Studio/mbed-studio-tools/ac6/bin/../lib/libcxx/libcpp_w.l(ios.cpp.o)
    0x0007135c   0x00000020   Data   RO         9323    .rodata._ZTINSt3__28messagesIcEE  /Library/Application Support/Mbed Studio/mbed-studio-tools/ac6/bin/../lib/libcxx/libcpp_w.l(locale.cpp.o)
    0x0007137c   0x00000020   Data   RO         9325    .rodata._ZTINSt3__28messagesIwEE  /Library/Application Support/Mbed Studio/mbed-studio-tools/ac6/bin/../lib/libcxx/libcpp_w.l(locale.cpp.o)
    0x0007139c   0x0000000c   Data   RO         8032    .rodata._ZTINSt3__28numpunctIcEE  /Library/Application Support/Mbed Studio/mbed-studio-tools/ac6/bin/../lib/libcxx/libcpp_w.l(locale.cpp.o)
    0x000713a8   0x0000000c   Data   RO         8034    .rodata._ZTINSt3__28numpunctIwEE  /Library/Application Support/Mbed Studio/mbed-studio-tools/ac6/bin/../lib/libcxx/libcpp_w.l(locale.cpp.o)
    0x000713b4   0x00000028   Data   RO         9261    .rodata._ZTINSt3__28time_getIcNS_19istreambuf_iteratorIcNS_11char_traitsIcEEEEEE  /Library/Application Support/Mbed Studio/mbed-studio-tools/ac6/bin/../lib/libcxx/libcpp_w.l(locale.cpp.o)
    0x000713dc   0x00000028   Data   RO         9265    .rodata._ZTINSt3__28time_getIwNS_19istreambuf_iteratorIwNS_11char_traitsIwEEEEEE  /Library/Application Support/Mbed Studio/mbed-studio-tools/ac6/bin/../lib/libcxx/libcpp_w.l(locale.cpp.o)
    0x00071404   0x00000020   Data   RO         9279    .rodata._ZTINSt3__28time_putIcNS_19ostreambuf_iteratorIcNS_11char_traitsIcEEEEEE  /Library/Application Support/Mbed Studio/mbed-studio-tools/ac6/bin/../lib/libcxx/libcpp_w.l(locale.cpp.o)
    0x00071424   0x00000020   Data   RO         9281    .rodata._ZTINSt3__28time_putIwNS_19ostreambuf_iteratorIwNS_11char_traitsIwEEEEEE  /Library/Application Support/Mbed Studio/mbed-studio-tools/ac6/bin/../lib/libcxx/libcpp_w.l(locale.cpp.o)
    0x00071444   0x00000018   Data   RO         9240    .rodata._ZTINSt3__29__num_getIcEE  /Library/Application Support/Mbed Studio/mbed-studio-tools/ac6/bin/../lib/libcxx/libcpp_w.l(locale.cpp.o)
    0x0007145c   0x00000018   Data   RO         9244    .rodata._ZTINSt3__29__num_getIwEE  /Library/Application Support/Mbed Studio/mbed-studio-tools/ac6/bin/../lib/libcxx/libcpp_w.l(locale.cpp.o)
    0x00071474   0x00000018   Data   RO         9250    .rodata._ZTINSt3__29__num_putIcEE  /Library/Application Support/Mbed Studio/mbed-studio-tools/ac6/bin/../lib/libcxx/libcpp_w.l(locale.cpp.o)
    0x0007148c   0x00000018   Data   RO         9254    .rodata._ZTINSt3__29__num_putIwEE  /Library/Application Support/Mbed Studio/mbed-studio-tools/ac6/bin/../lib/libcxx/libcpp_w.l(locale.cpp.o)
    0x000714a4   0x0000000c   Data   RO         7067    .rodata._ZTINSt3__29basic_iosIcNS_11char_traitsIcEEEE  /Library/Application Support/Mbed Studio/mbed-studio-tools/ac6/bin/../lib/libcxx/libcpp_w.l(ios.instantiations.cpp.o)
    0x000714b0   0x0000000c   Data   RO         7069    .rodata._ZTINSt3__29basic_iosIwNS_11char_traitsIwEEEE  /Library/Application Support/Mbed Studio/mbed-studio-tools/ac6/bin/../lib/libcxx/libcpp_w.l(ios.instantiations.cpp.o)
    0x000714bc   0x00000020   Data   RO         9307    .rodata._ZTINSt3__29money_getIcNS_19istreambuf_iteratorIcNS_11char_traitsIcEEEEEE  /Library/Application Support/Mbed Studio/mbed-studio-tools/ac6/bin/../lib/libcxx/libcpp_w.l(locale.cpp.o)
    0x000714dc   0x00000020   Data   RO         9311    .rodata._ZTINSt3__29money_getIwNS_19istreambuf_iteratorIwNS_11char_traitsIwEEEEEE  /Library/Application Support/Mbed Studio/mbed-studio-tools/ac6/bin/../lib/libcxx/libcpp_w.l(locale.cpp.o)
    0x000714fc   0x00000020   Data   RO         9315    .rodata._ZTINSt3__29money_putIcNS_19ostreambuf_iteratorIcNS_11char_traitsIcEEEEEE  /Library/Application Support/Mbed Studio/mbed-studio-tools/ac6/bin/../lib/libcxx/libcpp_w.l(locale.cpp.o)
    0x0007151c   0x00000020   Data   RO         9319    .rodata._ZTINSt3__29money_putIwNS_19ostreambuf_iteratorIwNS_11char_traitsIwEEEEEE  /Library/Application Support/Mbed Studio/mbed-studio-tools/ac6/bin/../lib/libcxx/libcpp_w.l(locale.cpp.o)
    0x0007153c   0x00000008   Data   RO         9258    .rodata._ZTINSt3__29time_baseE  /Library/Application Support/Mbed Studio/mbed-studio-tools/ac6/bin/../lib/libcxx/libcpp_w.l(locale.cpp.o)
    0x00071544   0x00000008   Data   RO        10548    .rodata._ZTISt9type_info  /Library/Application Support/Mbed Studio/mbed-studio-tools/ac6/bin/../lib/libcxx/libcppabi_w.l(stdlib_typeinfo.cpp.o)
    0x0007154c   0x00000021   Data   RO        10034    .rodata._ZTSN10__cxxabiv116__shim_type_infoE  /Library/Application Support/Mbed Studio/mbed-studio-tools/ac6/bin/../lib/libcxx/libcppabi_w.l(private_typeinfo.cpp.o)
    0x0007156d   0x00000022   Data   RO        10036    .rodata._ZTSN10__cxxabiv117__class_type_infoE  /Library/Application Support/Mbed Studio/mbed-studio-tools/ac6/bin/../lib/libcxx/libcppabi_w.l(private_typeinfo.cpp.o)
    0x0007158f   0x00000025   Data   RO        10211    .rodata._ZTSN10__cxxabiv120__si_class_type_infoE  /Library/Application Support/Mbed Studio/mbed-studio-tools/ac6/bin/../lib/libcxx/libcppabi_w.l(private_typeinfo.cpp.o)
    0x000715b4   0x00000026   Data   RO        10214    .rodata._ZTSN10__cxxabiv121__vmi_class_type_infoE  /Library/Application Support/Mbed Studio/mbed-studio-tools/ac6/bin/../lib/libcxx/libcppabi_w.l(private_typeinfo.cpp.o)
    0x000715da   0x00000018   Data   RO         7197    .rodata._ZTSNSt3__210__stdinbufIcEE  /Library/Application Support/Mbed Studio/mbed-studio-tools/ac6/bin/../lib/libcxx/libcpp_w.l(iostream.cpp.o)
    0x000715f2   0x00000018   Data   RO         7200    .rodata._ZTSNSt3__210__stdinbufIwEE  /Library/Application Support/Mbed Studio/mbed-studio-tools/ac6/bin/../lib/libcxx/libcpp_w.l(iostream.cpp.o)
    0x0007160a   0x00000015   Data   RO         9277    .rodata._ZTSNSt3__210__time_putE  /Library/Application Support/Mbed Studio/mbed-studio-tools/ac6/bin/../lib/libcxx/libcpp_w.l(locale.cpp.o)
    0x0007161f   0x00000015   Data   RO         9228    .rodata._ZTSNSt3__210ctype_baseE  /Library/Application Support/Mbed Studio/mbed-studio-tools/ac6/bin/../lib/libcxx/libcpp_w.l(locale.cpp.o)
    0x00071634   0x00000015   Data   RO         9287    .rodata._ZTSNSt3__210money_baseE  /Library/Application Support/Mbed Studio/mbed-studio-tools/ac6/bin/../lib/libcxx/libcpp_w.l(locale.cpp.o)
    0x00071649   0x0000001c   Data   RO         9286    .rodata._ZTSNSt3__210moneypunctIcLb0EEE  /Library/Application Support/Mbed Studio/mbed-studio-tools/ac6/bin/../lib/libcxx/libcpp_w.l(locale.cpp.o)
    0x00071665   0x0000001c   Data   RO         9290    .rodata._ZTSNSt3__210moneypunctIcLb1EEE  /Library/Application Support/Mbed Studio/mbed-studio-tools/ac6/bin/../lib/libcxx/libcpp_w.l(locale.cpp.o)
    0x00071681   0x0000001c   Data   RO         9292    .rodata._ZTSNSt3__210moneypunctIwLb0EEE  /Library/Application Support/Mbed Studio/mbed-studio-tools/ac6/bin/../lib/libcxx/libcpp_w.l(locale.cpp.o)
    0x0007169d   0x0000001c   Data   RO         9294    .rodata._ZTSNSt3__210moneypunctIwLb1EEE  /Library/Application Support/Mbed Studio/mbed-studio-tools/ac6/bin/../lib/libcxx/libcpp_w.l(locale.cpp.o)
    0x000716b9   0x00000019   Data   RO         9305    .rodata._ZTSNSt3__211__money_getIcEE  /Library/Application Support/Mbed Studio/mbed-studio-tools/ac6/bin/../lib/libcxx/libcpp_w.l(locale.cpp.o)
    0x000716d2   0x00000019   Data   RO         9309    .rodata._ZTSNSt3__211__money_getIwEE  /Library/Application Support/Mbed Studio/mbed-studio-tools/ac6/bin/../lib/libcxx/libcpp_w.l(locale.cpp.o)
    0x000716eb   0x00000019   Data   RO         9313    .rodata._ZTSNSt3__211__money_putIcEE  /Library/Application Support/Mbed Studio/mbed-studio-tools/ac6/bin/../lib/libcxx/libcpp_w.l(locale.cpp.o)
    0x00071704   0x00000019   Data   RO         9317    .rodata._ZTSNSt3__211__money_putIwEE  /Library/Application Support/Mbed Studio/mbed-studio-tools/ac6/bin/../lib/libcxx/libcpp_w.l(locale.cpp.o)
    0x0007171d   0x00000019   Data   RO         7203    .rodata._ZTSNSt3__211__stdoutbufIcEE  /Library/Application Support/Mbed Studio/mbed-studio-tools/ac6/bin/../lib/libcxx/libcpp_w.l(iostream.cpp.o)
    0x00071736   0x00000019   Data   RO         7206    .rodata._ZTSNSt3__211__stdoutbufIwEE  /Library/Application Support/Mbed Studio/mbed-studio-tools/ac6/bin/../lib/libcxx/libcpp_w.l(iostream.cpp.o)
    0x0007174f   0x00000017   Data   RO         9230    .rodata._ZTSNSt3__212codecvt_baseE  /Library/Application Support/Mbed Studio/mbed-studio-tools/ac6/bin/../lib/libcxx/libcpp_w.l(locale.cpp.o)
    0x00071766   0x0000002f   Data   RO         7074    .rodata._ZTSNSt3__213basic_istreamIcNS_11char_traitsIcEEEE  /Library/Application Support/Mbed Studio/mbed-studio-tools/ac6/bin/../lib/libcxx/libcpp_w.l(ios.instantiations.cpp.o)
    0x00071795   0x0000002f   Data   RO         7076    .rodata._ZTSNSt3__213basic_istreamIwNS_11char_traitsIwEEEE  /Library/Application Support/Mbed Studio/mbed-studio-tools/ac6/bin/../lib/libcxx/libcpp_w.l(ios.instantiations.cpp.o)
    0x000717c4   0x0000002f   Data   RO         7078    .rodata._ZTSNSt3__213basic_ostreamIcNS_11char_traitsIcEEEE  /Library/Application Support/Mbed Studio/mbed-studio-tools/ac6/bin/../lib/libcxx/libcpp_w.l(ios.instantiations.cpp.o)
    0x000717f3   0x0000002f   Data   RO         7080    .rodata._ZTSNSt3__213basic_ostreamIwNS_11char_traitsIwEEEE  /Library/Application Support/Mbed Studio/mbed-studio-tools/ac6/bin/../lib/libcxx/libcpp_w.l(ios.instantiations.cpp.o)
    0x00071822   0x00000018   Data   RO         9321    .rodata._ZTSNSt3__213messages_baseE  /Library/Application Support/Mbed Studio/mbed-studio-tools/ac6/bin/../lib/libcxx/libcpp_w.l(locale.cpp.o)
    0x0007183a   0x00000019   Data   RO         9238    .rodata._ZTSNSt3__214__num_get_baseE  /Library/Application Support/Mbed Studio/mbed-studio-tools/ac6/bin/../lib/libcxx/libcpp_w.l(locale.cpp.o)
    0x00071853   0x00000019   Data   RO         9248    .rodata._ZTSNSt3__214__num_put_baseE  /Library/Application Support/Mbed Studio/mbed-studio-tools/ac6/bin/../lib/libcxx/libcpp_w.l(locale.cpp.o)
    0x0007186c   0x00000019   Data   RO         9777    .rodata._ZTSNSt3__214__shared_countE  /Library/Application Support/Mbed Studio/mbed-studio-tools/ac6/bin/../lib/libcxx/libcpp_w.l(memory.cpp.o)
    0x00071885   0x00000031   Data   RO         7070    .rodata._ZTSNSt3__215basic_streambufIcNS_11char_traitsIcEEEE  /Library/Application Support/Mbed Studio/mbed-studio-tools/ac6/bin/../lib/libcxx/libcpp_w.l(ios.instantiations.cpp.o)
    0x000718b6   0x00000031   Data   RO         7072    .rodata._ZTSNSt3__215basic_streambufIwNS_11char_traitsIwEEEE  /Library/Application Support/Mbed Studio/mbed-studio-tools/ac6/bin/../lib/libcxx/libcpp_w.l(ios.instantiations.cpp.o)
    0x000718e7   0x00000022   Data   RO         9259    .rodata._ZTSNSt3__220__time_get_c_storageIcEE  /Library/Application Support/Mbed Studio/mbed-studio-tools/ac6/bin/../lib/libcxx/libcpp_w.l(locale.cpp.o)
    0x00071909   0x00000022   Data   RO         9263    .rodata._ZTSNSt3__220__time_get_c_storageIwEE  /Library/Application Support/Mbed Studio/mbed-studio-tools/ac6/bin/../lib/libcxx/libcpp_w.l(locale.cpp.o)
    0x0007192b   0x00000012   Data   RO         8025    .rodata._ZTSNSt3__25ctypeIcEE  /Library/Application Support/Mbed Studio/mbed-studio-tools/ac6/bin/../lib/libcxx/libcpp_w.l(locale.cpp.o)
    0x0007193d   0x00000012   Data   RO         7952    .rodata._ZTSNSt3__25ctypeIwEE  /Library/Application Support/Mbed Studio/mbed-studio-tools/ac6/bin/../lib/libcxx/libcpp_w.l(locale.cpp.o)
    0x0007194f   0x00000016   Data   RO         8019    .rodata._ZTSNSt3__26locale5__impE  /Library/Application Support/Mbed Studio/mbed-studio-tools/ac6/bin/../lib/libcxx/libcpp_w.l(locale.cpp.o)
    0x00071965   0x00000016   Data   RO         7949    .rodata._ZTSNSt3__26locale5facetE  /Library/Application Support/Mbed Studio/mbed-studio-tools/ac6/bin/../lib/libcxx/libcpp_w.l(locale.cpp.o)
    0x0007197b   0x00000026   Data   RO         7967    .rodata._ZTSNSt3__27codecvtIDiDuSt11__mbstate_tEE  /Library/Application Support/Mbed Studio/mbed-studio-tools/ac6/bin/../lib/libcxx/libcpp_w.l(locale.cpp.o)
    0x000719a1   0x00000025   Data   RO         7964    .rodata._ZTSNSt3__27codecvtIDicSt11__mbstate_tEE  /Library/Application Support/Mbed Studio/mbed-studio-tools/ac6/bin/../lib/libcxx/libcpp_w.l(locale.cpp.o)
    0x000719c6   0x00000026   Data   RO         7961    .rodata._ZTSNSt3__27codecvtIDsDuSt11__mbstate_tEE  /Library/Application Support/Mbed Studio/mbed-studio-tools/ac6/bin/../lib/libcxx/libcpp_w.l(locale.cpp.o)
    0x000719ec   0x00000025   Data   RO         7958    .rodata._ZTSNSt3__27codecvtIDscSt11__mbstate_tEE  /Library/Application Support/Mbed Studio/mbed-studio-tools/ac6/bin/../lib/libcxx/libcpp_w.l(locale.cpp.o)
    0x00071a11   0x00000024   Data   RO         7955    .rodata._ZTSNSt3__27codecvtIccSt11__mbstate_tEE  /Library/Application Support/Mbed Studio/mbed-studio-tools/ac6/bin/../lib/libcxx/libcpp_w.l(locale.cpp.o)
    0x00071a35   0x00000024   Data   RO         7983    .rodata._ZTSNSt3__27codecvtIwcSt11__mbstate_tEE  /Library/Application Support/Mbed Studio/mbed-studio-tools/ac6/bin/../lib/libcxx/libcpp_w.l(locale.cpp.o)
    0x00071a59   0x00000014   Data   RO         9232    .rodata._ZTSNSt3__27collateIcEE  /Library/Application Support/Mbed Studio/mbed-studio-tools/ac6/bin/../lib/libcxx/libcpp_w.l(locale.cpp.o)
    0x00071a6d   0x00000014   Data   RO         9234    .rodata._ZTSNSt3__27collateIwEE  /Library/Application Support/Mbed Studio/mbed-studio-tools/ac6/bin/../lib/libcxx/libcpp_w.l(locale.cpp.o)
    0x00071a81   0x00000044   Data   RO         9236    .rodata._ZTSNSt3__27num_getIcNS_19istreambuf_iteratorIcNS_11char_traitsIcEEEEEE  /Library/Application Support/Mbed Studio/mbed-studio-tools/ac6/bin/../lib/libcxx/libcpp_w.l(locale.cpp.o)
    0x00071ac5   0x00000044   Data   RO         9242    .rodata._ZTSNSt3__27num_getIwNS_19istreambuf_iteratorIwNS_11char_traitsIwEEEEEE  /Library/Application Support/Mbed Studio/mbed-studio-tools/ac6/bin/../lib/libcxx/libcpp_w.l(locale.cpp.o)
    0x00071b09   0x00000044   Data   RO         9246    .rodata._ZTSNSt3__27num_putIcNS_19ostreambuf_iteratorIcNS_11char_traitsIcEEEEEE  /Library/Application Support/Mbed Studio/mbed-studio-tools/ac6/bin/../lib/libcxx/libcpp_w.l(locale.cpp.o)
    0x00071b4d   0x00000044   Data   RO         9252    .rodata._ZTSNSt3__27num_putIwNS_19ostreambuf_iteratorIwNS_11char_traitsIwEEEEEE  /Library/Application Support/Mbed Studio/mbed-studio-tools/ac6/bin/../lib/libcxx/libcpp_w.l(locale.cpp.o)
    0x00071b91   0x00000012   Data   RO         6089    .rodata._ZTSNSt3__28ios_baseE  /Library/Application Support/Mbed Studio/mbed-studio-tools/ac6/bin/../lib/libcxx/libcpp_w.l(ios.cpp.o)
    0x00071ba3   0x00000015   Data   RO         9320    .rodata._ZTSNSt3__28messagesIcEE  /Library/Application Support/Mbed Studio/mbed-studio-tools/ac6/bin/../lib/libcxx/libcpp_w.l(locale.cpp.o)
    0x00071bb8   0x00000015   Data   RO         9324    .rodata._ZTSNSt3__28messagesIwEE  /Library/Application Support/Mbed Studio/mbed-studio-tools/ac6/bin/../lib/libcxx/libcpp_w.l(locale.cpp.o)
    0x00071bcd   0x00000015   Data   RO         8031    .rodata._ZTSNSt3__28numpunctIcEE  /Library/Application Support/Mbed Studio/mbed-studio-tools/ac6/bin/../lib/libcxx/libcpp_w.l(locale.cpp.o)
    0x00071be2   0x00000015   Data   RO         8033    .rodata._ZTSNSt3__28numpunctIwEE  /Library/Application Support/Mbed Studio/mbed-studio-tools/ac6/bin/../lib/libcxx/libcpp_w.l(locale.cpp.o)
    0x00071bf7   0x00000045   Data   RO         9256    .rodata._ZTSNSt3__28time_getIcNS_19istreambuf_iteratorIcNS_11char_traitsIcEEEEEE  /Library/Application Support/Mbed Studio/mbed-studio-tools/ac6/bin/../lib/libcxx/libcpp_w.l(locale.cpp.o)
    0x00071c3c   0x00000045   Data   RO         9262    .rodata._ZTSNSt3__28time_getIwNS_19istreambuf_iteratorIwNS_11char_traitsIwEEEEEE  /Library/Application Support/Mbed Studio/mbed-studio-tools/ac6/bin/../lib/libcxx/libcpp_w.l(locale.cpp.o)
    0x00071c81   0x00000045   Data   RO         9276    .rodata._ZTSNSt3__28time_putIcNS_19ostreambuf_iteratorIcNS_11char_traitsIcEEEEEE  /Library/Application Support/Mbed Studio/mbed-studio-tools/ac6/bin/../lib/libcxx/libcpp_w.l(locale.cpp.o)
    0x00071cc6   0x00000045   Data   RO         9280    .rodata._ZTSNSt3__28time_putIwNS_19ostreambuf_iteratorIwNS_11char_traitsIwEEEEEE  /Library/Application Support/Mbed Studio/mbed-studio-tools/ac6/bin/../lib/libcxx/libcpp_w.l(locale.cpp.o)
    0x00071d0b   0x00000016   Data   RO         9237    .rodata._ZTSNSt3__29__num_getIcEE  /Library/Application Support/Mbed Studio/mbed-studio-tools/ac6/bin/../lib/libcxx/libcpp_w.l(locale.cpp.o)
    0x00071d21   0x00000016   Data   RO         9243    .rodata._ZTSNSt3__29__num_getIwEE  /Library/Application Support/Mbed Studio/mbed-studio-tools/ac6/bin/../lib/libcxx/libcpp_w.l(locale.cpp.o)
    0x00071d37   0x00000016   Data   RO         9247    .rodata._ZTSNSt3__29__num_putIcEE  /Library/Application Support/Mbed Studio/mbed-studio-tools/ac6/bin/../lib/libcxx/libcpp_w.l(locale.cpp.o)
    0x00071d4d   0x00000016   Data   RO         9253    .rodata._ZTSNSt3__29__num_putIwEE  /Library/Application Support/Mbed Studio/mbed-studio-tools/ac6/bin/../lib/libcxx/libcpp_w.l(locale.cpp.o)
    0x00071d63   0x0000002a   Data   RO         7066    .rodata._ZTSNSt3__29basic_iosIcNS_11char_traitsIcEEEE  /Library/Application Support/Mbed Studio/mbed-studio-tools/ac6/bin/../lib/libcxx/libcpp_w.l(ios.instantiations.cpp.o)
    0x00071d8d   0x0000002a   Data   RO         7068    .rodata._ZTSNSt3__29basic_iosIwNS_11char_traitsIwEEEE  /Library/Application Support/Mbed Studio/mbed-studio-tools/ac6/bin/../lib/libcxx/libcpp_w.l(ios.instantiations.cpp.o)
    0x00071db7   0x00000046   Data   RO         9304    .rodata._ZTSNSt3__29money_getIcNS_19istreambuf_iteratorIcNS_11char_traitsIcEEEEEE  /Library/Application Support/Mbed Studio/mbed-studio-tools/ac6/bin/../lib/libcxx/libcpp_w.l(locale.cpp.o)
    0x00071dfd   0x00000046   Data   RO         9308    .rodata._ZTSNSt3__29money_getIwNS_19istreambuf_iteratorIwNS_11char_traitsIwEEEEEE  /Library/Application Support/Mbed Studio/mbed-studio-tools/ac6/bin/../lib/libcxx/libcpp_w.l(locale.cpp.o)
    0x00071e43   0x00000046   Data   RO         9312    .rodata._ZTSNSt3__29money_putIcNS_19ostreambuf_iteratorIcNS_11char_traitsIcEEEEEE  /Library/Application Support/Mbed Studio/mbed-studio-tools/ac6/bin/../lib/libcxx/libcpp_w.l(locale.cpp.o)
    0x00071e89   0x00000046   Data   RO         9316    .rodata._ZTSNSt3__29money_putIwNS_19ostreambuf_iteratorIwNS_11char_traitsIwEEEEEE  /Library/Application Support/Mbed Studio/mbed-studio-tools/ac6/bin/../lib/libcxx/libcpp_w.l(locale.cpp.o)
    0x00071ecf   0x00000013   Data   RO         9257    .rodata._ZTSNSt3__29time_baseE  /Library/Application Support/Mbed Studio/mbed-studio-tools/ac6/bin/../lib/libcxx/libcpp_w.l(locale.cpp.o)
    0x00071ee2   0x0000000d   Data   RO        10547    .rodata._ZTSSt9type_info  /Library/Application Support/Mbed Studio/mbed-studio-tools/ac6/bin/../lib/libcxx/libcppabi_w.l(stdlib_typeinfo.cpp.o)
    0x00071eef   0x00000001   PAD
    0x00071ef0   0x00000050   Data   RO         2765    .rodata._ZTV12DirectSerial  BUILD/LPC1768/ARMC6/mbed-os/platform/source/mbed_retarget.o
    0x00071f40   0x00000064   Data   RO         3125    .rodata._ZTV13SDBlockDevice  BUILD/LPC1768/ARMC6/mbed-os/storage/blockdevice/COMPONENT_SD/source/SDBlockDevice.o
    0x00071fa4   0x00000070   Data   RO         4678    .rodata._ZTV9uLCD_4DGL  BUILD/LPC1768/ARMC6/utilities/4DGL-uLCD-SE/uLCD_4DGL_main.o
    0x00072014   0x00000028   Data   RO        10209    .rodata._ZTVN10__cxxabiv117__class_type_infoE  /Library/Application Support/Mbed Studio/mbed-studio-tools/ac6/bin/../lib/libcxx/libcppabi_w.l(private_typeinfo.cpp.o)
    0x0007203c   0x00000028   Data   RO        10210    .rodata._ZTVN10__cxxabiv120__si_class_type_infoE  /Library/Application Support/Mbed Studio/mbed-studio-tools/ac6/bin/../lib/libcxx/libcppabi_w.l(private_typeinfo.cpp.o)
    0x00072064   0x00000028   Data   RO        10213    .rodata._ZTVN10__cxxabiv121__vmi_class_type_infoE  /Library/Application Support/Mbed Studio/mbed-studio-tools/ac6/bin/../lib/libcxx/libcppabi_w.l(private_typeinfo.cpp.o)
    0x0007208c   0x00000050   Data   RO         1877    .rodata._ZTVN4mbed10FileHandleE  BUILD/LPC1768/ARMC6/mbed-os/platform/source/FileHandle.o
    0x000720dc   0x00000090   Data   RO         3964    .rodata._ZTVN4mbed10FileSystemE  BUILD/LPC1768/ARMC6/mbed-os/storage/filesystem/source/FileSystem.o
    0x0007216c   0x00000018   Data   RO         1275    .rodata._ZTVN4mbed10SerialBaseE  BUILD/LPC1768/ARMC6/mbed-os/drivers/source/SerialBase.o
    0x00072184   0x0000000c   Data   RO         1307    .rodata._ZTVN4mbed10TickerBaseE  BUILD/LPC1768/ARMC6/mbed-os/drivers/source/Ticker.o
    0x00072190   0x0000000c   Data   RO         1384    .rodata._ZTVN4mbed10TimerEventE  BUILD/LPC1768/ARMC6/mbed-os/drivers/source/TimerEvent.o
    0x0007219c   0x0000000c   Data   RO         1317    .rodata._ZTVN4mbed11TimeoutBaseE  BUILD/LPC1768/ARMC6/mbed-os/drivers/source/Timeout.o
    0x000721a8   0x000000a0   Data   RO         3847    .rodata._ZTVN4mbed13FATFileSystemE  BUILD/LPC1768/ARMC6/mbed-os/storage/filesystem/fat/source/FATFileSystem.o
    0x00072248   0x00000098   Data   RO          725    .rodata._ZTVN4mbed14BufferedSerialE  BUILD/LPC1768/ARMC6/mbed-os/drivers/source/BufferedSerial.o
    0x000722e0   0x0000003c   Data   RO         3992    .rodata._ZTVN4mbed14FileSystemLikeE  BUILD/LPC1768/ARMC6/mbed-os/storage/filesystem/source/FileSystem.o
    0x0007231c   0x0000002c   Data   RO         1920    .rodata._ZTVN4mbed16FileSystemHandleE  BUILD/LPC1768/ARMC6/mbed-os/platform/source/FileSystemHandle.o
    0x00072348   0x0000002c   Data   RO         3878    .rodata._ZTVN4mbed3DirE  BUILD/LPC1768/ARMC6/mbed-os/storage/filesystem/source/Dir.o
    0x00072374   0x00000020   Data   RO         1191    .rodata._ZTVN4mbed3SPIE  BUILD/LPC1768/ARMC6/mbed-os/drivers/source/SPI.o
    0x00072394   0x00000054   Data   RO         3915    .rodata._ZTVN4mbed4FileE  BUILD/LPC1768/ARMC6/mbed-os/storage/filesystem/source/File.o
    0x000723e8   0x00000018   Data   RO          776    .rodata._ZTVN4mbed5BusInE  BUILD/LPC1768/ARMC6/mbed-os/drivers/source/BusIn.o
    0x00072400   0x00000070   Data   RO         2059    .rodata._ZTVN4mbed6StreamE  BUILD/LPC1768/ARMC6/mbed-os/platform/source/Stream.o
    0x00072470   0x0000000c   Data   RO         1309    .rodata._ZTVN4mbed6TickerE  BUILD/LPC1768/ARMC6/mbed-os/drivers/source/Ticker.o
    0x0007247c   0x0000002c   Data   RO         3994    .rodata._ZTVN4mbed7ManagedINS_3DirEEE  BUILD/LPC1768/ARMC6/mbed-os/storage/filesystem/source/FileSystem.o
    0x000724a8   0x00000054   Data   RO         3993    .rodata._ZTVN4mbed7ManagedINS_4FileEEE  BUILD/LPC1768/ARMC6/mbed-os/storage/filesystem/source/FileSystem.o
    0x000724fc   0x0000000c   Data   RO         1321    .rodata._ZTVN4mbed7TimeoutE  BUILD/LPC1768/ARMC6/mbed-os/drivers/source/Timeout.o
    0x00072508   0x00000010   Data   RO         1871    .rodata._ZTVN4mbed8FileBaseE  BUILD/LPC1768/ARMC6/mbed-os/platform/source/FileBase.o
    0x00072518   0x00000060   Data   RO         2075    .rodata._ZTVN4mbed8FileLikeE  BUILD/LPC1768/ARMC6/mbed-os/platform/source/Stream.o
    0x00072578   0x0000000c   Data   RO         2266    .rodata._ZTVN4mbed8internal8SysTimerINSt3__25ratioILx1ELx1000EEELb1EEE  BUILD/LPC1768/ARMC6/mbed-os/platform/source/SysTimer.o
    0x00072584   0x00000018   Data   RO         4987    .rodata._ZTVN4mbed9AnalogOutE  BUILD/LPC1768/ARMC6/utilities/audio/gameMusic.o
    0x0007259c   0x00000040   Data   RO         7196    .rodata._ZTVNSt3__210__stdinbufIcEE  /Library/Application Support/Mbed Studio/mbed-studio-tools/ac6/bin/../lib/libcxx/libcpp_w.l(iostream.cpp.o)
    0x000725dc   0x00000040   Data   RO         7199    .rodata._ZTVNSt3__210__stdinbufIwEE  /Library/Application Support/Mbed Studio/mbed-studio-tools/ac6/bin/../lib/libcxx/libcpp_w.l(iostream.cpp.o)
    0x0007261c   0x00000038   Data   RO         9192    .rodata._ZTVNSt3__210moneypunctIcLb0EEE  /Library/Application Support/Mbed Studio/mbed-studio-tools/ac6/bin/../lib/libcxx/libcpp_w.l(locale.cpp.o)
    0x00072654   0x00000038   Data   RO         9195    .rodata._ZTVNSt3__210moneypunctIcLb1EEE  /Library/Application Support/Mbed Studio/mbed-studio-tools/ac6/bin/../lib/libcxx/libcpp_w.l(locale.cpp.o)
    0x0007268c   0x00000038   Data   RO         9198    .rodata._ZTVNSt3__210moneypunctIwLb0EEE  /Library/Application Support/Mbed Studio/mbed-studio-tools/ac6/bin/../lib/libcxx/libcpp_w.l(locale.cpp.o)
    0x000726c4   0x00000038   Data   RO         9201    .rodata._ZTVNSt3__210moneypunctIwLb1EEE  /Library/Application Support/Mbed Studio/mbed-studio-tools/ac6/bin/../lib/libcxx/libcpp_w.l(locale.cpp.o)
    0x000726fc   0x00000040   Data   RO         7202    .rodata._ZTVNSt3__211__stdoutbufIcEE  /Library/Application Support/Mbed Studio/mbed-studio-tools/ac6/bin/../lib/libcxx/libcpp_w.l(iostream.cpp.o)
    0x0007273c   0x00000040   Data   RO         7205    .rodata._ZTVNSt3__211__stdoutbufIwEE  /Library/Application Support/Mbed Studio/mbed-studio-tools/ac6/bin/../lib/libcxx/libcpp_w.l(iostream.cpp.o)
    0x0007277c   0x00000028   Data   RO         7044    .rodata._ZTVNSt3__213basic_istreamIcNS_11char_traitsIcEEEE  /Library/Application Support/Mbed Studio/mbed-studio-tools/ac6/bin/../lib/libcxx/libcpp_w.l(ios.instantiations.cpp.o)
    0x000727a4   0x00000028   Data   RO         7046    .rodata._ZTVNSt3__213basic_istreamIwNS_11char_traitsIwEEEE  /Library/Application Support/Mbed Studio/mbed-studio-tools/ac6/bin/../lib/libcxx/libcpp_w.l(ios.instantiations.cpp.o)
    0x000727cc   0x00000028   Data   RO         7048    .rodata._ZTVNSt3__213basic_ostreamIcNS_11char_traitsIcEEEE  /Library/Application Support/Mbed Studio/mbed-studio-tools/ac6/bin/../lib/libcxx/libcpp_w.l(ios.instantiations.cpp.o)
    0x000727f4   0x00000028   Data   RO         7050    .rodata._ZTVNSt3__213basic_ostreamIwNS_11char_traitsIwEEEE  /Library/Application Support/Mbed Studio/mbed-studio-tools/ac6/bin/../lib/libcxx/libcpp_w.l(ios.instantiations.cpp.o)
    0x0007281c   0x00000040   Data   RO         7042    .rodata._ZTVNSt3__215basic_streambufIcNS_11char_traitsIcEEEE  /Library/Application Support/Mbed Studio/mbed-studio-tools/ac6/bin/../lib/libcxx/libcpp_w.l(ios.instantiations.cpp.o)
    0x0007285c   0x00000040   Data   RO         7043    .rodata._ZTVNSt3__215basic_streambufIwNS_11char_traitsIwEEEE  /Library/Application Support/Mbed Studio/mbed-studio-tools/ac6/bin/../lib/libcxx/libcpp_w.l(ios.instantiations.cpp.o)
    0x0007289c   0x00000034   Data   RO         7902    .rodata._ZTVNSt3__25ctypeIcEE  /Library/Application Support/Mbed Studio/mbed-studio-tools/ac6/bin/../lib/libcxx/libcpp_w.l(locale.cpp.o)
    0x000728d0   0x00000044   Data   RO         7951    .rodata._ZTVNSt3__25ctypeIwEE  /Library/Application Support/Mbed Studio/mbed-studio-tools/ac6/bin/../lib/libcxx/libcpp_w.l(locale.cpp.o)
    0x00072914   0x00000014   Data   RO         7878    .rodata._ZTVNSt3__26locale5__impE  /Library/Application Support/Mbed Studio/mbed-studio-tools/ac6/bin/../lib/libcxx/libcpp_w.l(locale.cpp.o)
    0x00072928   0x00000014   Data   RO         7948    .rodata._ZTVNSt3__26locale5facetE  /Library/Application Support/Mbed Studio/mbed-studio-tools/ac6/bin/../lib/libcxx/libcpp_w.l(locale.cpp.o)
    0x0007293c   0x00000030   Data   RO         7966    .rodata._ZTVNSt3__27codecvtIDiDuSt11__mbstate_tEE  /Library/Application Support/Mbed Studio/mbed-studio-tools/ac6/bin/../lib/libcxx/libcpp_w.l(locale.cpp.o)
    0x0007296c   0x00000030   Data   RO         7963    .rodata._ZTVNSt3__27codecvtIDicSt11__mbstate_tEE  /Library/Application Support/Mbed Studio/mbed-studio-tools/ac6/bin/../lib/libcxx/libcpp_w.l(locale.cpp.o)
    0x0007299c   0x00000030   Data   RO         7960    .rodata._ZTVNSt3__27codecvtIDsDuSt11__mbstate_tEE  /Library/Application Support/Mbed Studio/mbed-studio-tools/ac6/bin/../lib/libcxx/libcpp_w.l(locale.cpp.o)
    0x000729cc   0x00000030   Data   RO         7957    .rodata._ZTVNSt3__27codecvtIDscSt11__mbstate_tEE  /Library/Application Support/Mbed Studio/mbed-studio-tools/ac6/bin/../lib/libcxx/libcpp_w.l(locale.cpp.o)
    0x000729fc   0x00000030   Data   RO         7954    .rodata._ZTVNSt3__27codecvtIccSt11__mbstate_tEE  /Library/Application Support/Mbed Studio/mbed-studio-tools/ac6/bin/../lib/libcxx/libcpp_w.l(locale.cpp.o)
    0x00072a2c   0x00000030   Data   RO         7908    .rodata._ZTVNSt3__27codecvtIwcSt11__mbstate_tEE  /Library/Application Support/Mbed Studio/mbed-studio-tools/ac6/bin/../lib/libcxx/libcpp_w.l(locale.cpp.o)
    0x00072a5c   0x00000020   Data   RO         9168    .rodata._ZTVNSt3__27collateIcEE  /Library/Application Support/Mbed Studio/mbed-studio-tools/ac6/bin/../lib/libcxx/libcpp_w.l(locale.cpp.o)
    0x00072a7c   0x00000020   Data   RO         9170    .rodata._ZTVNSt3__27collateIwEE  /Library/Application Support/Mbed Studio/mbed-studio-tools/ac6/bin/../lib/libcxx/libcpp_w.l(locale.cpp.o)
    0x00072a9c   0x00000040   Data   RO         9172    .rodata._ZTVNSt3__27num_getIcNS_19istreambuf_iteratorIcNS_11char_traitsIcEEEEEE  /Library/Application Support/Mbed Studio/mbed-studio-tools/ac6/bin/../lib/libcxx/libcpp_w.l(locale.cpp.o)
    0x00072adc   0x00000040   Data   RO         9174    .rodata._ZTVNSt3__27num_getIwNS_19istreambuf_iteratorIwNS_11char_traitsIwEEEEEE  /Library/Application Support/Mbed Studio/mbed-studio-tools/ac6/bin/../lib/libcxx/libcpp_w.l(locale.cpp.o)
    0x00072b1c   0x00000034   Data   RO         9176    .rodata._ZTVNSt3__27num_putIcNS_19ostreambuf_iteratorIcNS_11char_traitsIcEEEEEE  /Library/Application Support/Mbed Studio/mbed-studio-tools/ac6/bin/../lib/libcxx/libcpp_w.l(locale.cpp.o)
    0x00072b50   0x00000034   Data   RO         9178    .rodata._ZTVNSt3__27num_putIwNS_19ostreambuf_iteratorIwNS_11char_traitsIwEEEEEE  /Library/Application Support/Mbed Studio/mbed-studio-tools/ac6/bin/../lib/libcxx/libcpp_w.l(locale.cpp.o)
    0x00072b84   0x00000010   Data   RO         6087    .rodata._ZTVNSt3__28ios_baseE  /Library/Application Support/Mbed Studio/mbed-studio-tools/ac6/bin/../lib/libcxx/libcpp_w.l(ios.cpp.o)
    0x00072b94   0x00000020   Data   RO         9216    .rodata._ZTVNSt3__28messagesIcEE  /Library/Application Support/Mbed Studio/mbed-studio-tools/ac6/bin/../lib/libcxx/libcpp_w.l(locale.cpp.o)
    0x00072bb4   0x00000020   Data   RO         9218    .rodata._ZTVNSt3__28messagesIwEE  /Library/Application Support/Mbed Studio/mbed-studio-tools/ac6/bin/../lib/libcxx/libcpp_w.l(locale.cpp.o)
    0x00072bd4   0x00000028   Data   RO         7915    .rodata._ZTVNSt3__28numpunctIcEE  /Library/Application Support/Mbed Studio/mbed-studio-tools/ac6/bin/../lib/libcxx/libcpp_w.l(locale.cpp.o)
    0x00072bfc   0x00000028   Data   RO         7916    .rodata._ZTVNSt3__28numpunctIwEE  /Library/Application Support/Mbed Studio/mbed-studio-tools/ac6/bin/../lib/libcxx/libcpp_w.l(locale.cpp.o)
    0x00072c24   0x00000054   Data   RO         9180    .rodata._ZTVNSt3__28time_getIcNS_19istreambuf_iteratorIcNS_11char_traitsIcEEEEEE  /Library/Application Support/Mbed Studio/mbed-studio-tools/ac6/bin/../lib/libcxx/libcpp_w.l(locale.cpp.o)
    0x00072c78   0x00000054   Data   RO         9182    .rodata._ZTVNSt3__28time_getIwNS_19istreambuf_iteratorIwNS_11char_traitsIwEEEEEE  /Library/Application Support/Mbed Studio/mbed-studio-tools/ac6/bin/../lib/libcxx/libcpp_w.l(locale.cpp.o)
    0x00072ccc   0x00000018   Data   RO         9186    .rodata._ZTVNSt3__28time_putIcNS_19ostreambuf_iteratorIcNS_11char_traitsIcEEEEEE  /Library/Application Support/Mbed Studio/mbed-studio-tools/ac6/bin/../lib/libcxx/libcpp_w.l(locale.cpp.o)
    0x00072ce4   0x00000018   Data   RO         9188    .rodata._ZTVNSt3__28time_putIwNS_19ostreambuf_iteratorIwNS_11char_traitsIwEEEEEE  /Library/Application Support/Mbed Studio/mbed-studio-tools/ac6/bin/../lib/libcxx/libcpp_w.l(locale.cpp.o)
    0x00072cfc   0x0000001c   Data   RO         9208    .rodata._ZTVNSt3__29money_getIcNS_19istreambuf_iteratorIcNS_11char_traitsIcEEEEEE  /Library/Application Support/Mbed Studio/mbed-studio-tools/ac6/bin/../lib/libcxx/libcpp_w.l(locale.cpp.o)
    0x00072d18   0x0000001c   Data   RO         9210    .rodata._ZTVNSt3__29money_getIwNS_19istreambuf_iteratorIwNS_11char_traitsIwEEEEEE  /Library/Application Support/Mbed Studio/mbed-studio-tools/ac6/bin/../lib/libcxx/libcpp_w.l(locale.cpp.o)
    0x00072d34   0x0000001c   Data   RO         9212    .rodata._ZTVNSt3__29money_putIcNS_19ostreambuf_iteratorIcNS_11char_traitsIcEEEEEE  /Library/Application Support/Mbed Studio/mbed-studio-tools/ac6/bin/../lib/libcxx/libcpp_w.l(locale.cpp.o)
    0x00072d50   0x0000001c   Data   RO         9214    .rodata._ZTVNSt3__29money_putIwNS_19ostreambuf_iteratorIwNS_11char_traitsIwEEEEEE  /Library/Application Support/Mbed Studio/mbed-studio-tools/ac6/bin/../lib/libcxx/libcpp_w.l(locale.cpp.o)
    0x00072d6c   0x00000018   Data   RO         2772    .rodata._ZZL15default_consolevE14console_pinmap  BUILD/LPC1768/ARMC6/mbed-os/platform/source/mbed_retarget.o
    0x00072d84   0x00000400   Data   RO         7903    .rodata._ZZNSt3__25ctypeIcE13classic_tableEvE13builtin_table  /Library/Application Support/Mbed Studio/mbed-studio-tools/ac6/bin/../lib/libcxx/libcpp_w.l(locale.cpp.o)
    0x00073184   0x00000008   Data   RO         2762    .rodata.__stderr_name  BUILD/LPC1768/ARMC6/mbed-os/platform/source/mbed_retarget.o
    0x0007318c   0x00000007   Data   RO         2760    .rodata.__stdin_name  BUILD/LPC1768/ARMC6/mbed-os/platform/source/mbed_retarget.o
    0x00073193   0x00000008   Data   RO         2761    .rodata.__stdout_name  BUILD/LPC1768/ARMC6/mbed-os/platform/source/mbed_retarget.o
    0x0007319b   0x00000001   PAD
    0x0007319c   0x00000030   Data   RO         7865    .rodata.cst16       /Library/Application Support/Mbed Studio/mbed-studio-tools/ac6/bin/../lib/libcxx/libcpp_w.l(locale.cpp.o)
    0x000731cc   0x00000060   Data   RO         2515    .rodata.seconds_before_month  BUILD/LPC1768/ARMC6/mbed-os/platform/source/mbed_mktime.o
    0x0007322c   0x00000061   Data   RO          583    .rodata.str1.1      BUILD/LPC1768/ARMC6/game/users/users.o
    0x0007328d   0x00000021   Data   RO          589    .rodata.str1.1      BUILD/LPC1768/ARMC6/main.o
    0x000732ae   0x000000c8   Data   RO         2278    .rodata.str1.1      BUILD/LPC1768/ARMC6/mbed-os/platform/source/TARGET_CORTEX_M/mbed_fault_handler.o
    0x00073376   0x000001a9   Data   RO         5023    .rodata.str1.1      BUILD/LPC1768/ARMC6/utilities/doublyLinkedList/doublyLinkedList.o
    0x0007351f   0x00000077   Data   RO         5318    .rodata.str1.1      BUILD/LPC1768/ARMC6/utilities/graphics/graphics.o
    0x00073596   0x00000026   Data   RO         7141    .rodata.str1.1      /Library/Application Support/Mbed Studio/mbed-studio-tools/ac6/bin/../lib/libcxx/libcpp_w.l(iostream.cpp.o)
    0x000735bc   0x00000016   Data   RO         7861    .rodata.str1.1      /Library/Application Support/Mbed Studio/mbed-studio-tools/ac6/bin/../lib/libcxx/libcpp_w.l(locale.cpp.o)
    0x000735d2   0x00000002   PAD
    0x000735d4   0x0000000b   Data   RO         7868    .rodata.str1.4      /Library/Application Support/Mbed Studio/mbed-studio-tools/ac6/bin/../lib/libcxx/libcpp_w.l(locale.cpp.o)
    0x000735df   0x00000001   PAD
    0x000735e0   0x0000001c   Data   RO         3726    .rodata.str2.2      BUILD/LPC1768/ARMC6/mbed-os/storage/filesystem/fat/ChaN/ff.o
    0x000735fc   0x000002ae   Data   RO         3739    .rodata.str2.2      BUILD/LPC1768/ARMC6/mbed-os/storage/filesystem/fat/ChaN/ffunicode.o
    0x000738aa   0x00000112   Data   RO         7917    .rodata.str2.2      /Library/Application Support/Mbed Studio/mbed-studio-tools/ac6/bin/../lib/libcxx/libcpp_w.l(locale.cpp.o)
    0x000739bc   0x00000008   Data   RO         1669    .rodata.us_data     BUILD/LPC1768/ARMC6/mbed-os/hal/source/mbed_us_ticker_api.o
    0x000739c4   0x00000024   Data   RO         1672    .rodata.us_interface  BUILD/LPC1768/ARMC6/mbed-os/hal/source/mbed_us_ticker_api.o
    0x000739e8   0x00000008   Data   RO         4386    .rodata.us_ticker_get_info.info  BUILD/LPC1768/ARMC6/mbed-os/targets/TARGET_NXP/TARGET_LPC176X/us_ticker.o
    0x000739f0   0x00000020   Data   RO        10687    Region$$Table       anon$$obj.o
    0x00073a10   0x00000008   Data   RO        10611    c$$dinf             /Library/Application Support/Mbed Studio/mbed-studio-tools/ac6/bin/../lib/armlib/fz_ws.l(fpconst.o)
    0x00073a18   0x00000008   Data   RO        10614    c$$dmax             /Library/Application Support/Mbed Studio/mbed-studio-tools/ac6/bin/../lib/armlib/fz_ws.l(fpconst.o)
    0x00073a20   0x00000110   Data   RO        10397    locale$$data        /Library/Application Support/Mbed Studio/mbed-studio-tools/ac6/bin/../lib/armlib/c_w.l(lc_ctype_c.o)
    0x00073b30   0x0000001c   Data   RO        10403    locale$$data        /Library/Application Support/Mbed Studio/mbed-studio-tools/ac6/bin/../lib/armlib/c_w.l(lc_numeric_c.o)
    0x00073b4c   0x00000180   Data   RO        10406    locale$$data        /Library/Application Support/Mbed Studio/mbed-studio-tools/ac6/bin/../lib/armlib/c_w.l(lc_time_c.o)
    0x00073ccc   0x00000004   Data   RO          214    .init_array         BUILD/LPC1768/ARMC6/game/gameLoops/game.o
    0x00073cd0   0x00000004   Data   RO         4914    .init_array         BUILD/LPC1768/ARMC6/utilities/asyncLibraries/MbedLibraryCollection/libraries/ulcd/uLCD.o
    0x00073cd4   0x00000004   Data   RO         4971    .init_array         BUILD/LPC1768/ARMC6/utilities/audio/gameMusic.o
    0x00073cd8   0x00000004   Data   RO         5329    .init_array         BUILD/LPC1768/ARMC6/utilities/graphics/graphics.o
    0x00073cdc   0x00000004   Data   RO         5344    .init_array         BUILD/LPC1768/ARMC6/utilities/hardware/hardware.o
    0x00073ce0   0x00000000   Data   RO         5606    .init_array         /Library/Application Support/Mbed Studio/mbed-studio-tools/ac6/bin/../lib/armlib/c_w.l(init_aeabi.o)
    0x00073ce0   0x00000004   Data   RO         6095    .init_array         /Library/Application Support/Mbed Studio/mbed-studio-tools/ac6/bin/../lib/libcxx/libcpp_w.l(ios.cpp.o)
    0x00073ce4   0x00000004   Data   RO         6104    .init_array         /Library/Application Support/Mbed Studio/mbed-studio-tools/ac6/bin/../lib/libcxx/libcpp_w.l(ios.instantiations.cpp.o)
    0x00073ce8   0x00000004   Data   RO         7142    .init_array         /Library/Application Support/Mbed Studio/mbed-studio-tools/ac6/bin/../lib/libcxx/libcpp_w.l(iostream.cpp.o)
    0x00073cec   0x00000004   Data   RO         8082    .init_array         /Library/Application Support/Mbed Studio/mbed-studio-tools/ac6/bin/../lib/libcxx/libcpp_w.l(locale.cpp.o)


    Execution Region RW_IRAM1 (Base: 0x100000c8, Size: 0x00001a6c, Max: 0x00007f18, ABSOLUTE, COMPRESSED[0x000000cc])

    Base Addr    Size         Type   Attr      Idx    E Section Name        Object

    0x100000c8   0x00000004   Data   RW         5544    .data               /Library/Application Support/Mbed Studio/mbed-studio-tools/ac6/bin/../lib/armlib/c_w.l(stdio_streams.o)
    0x100000cc   0x00000004   Data   RW         5545    .data               /Library/Application Support/Mbed Studio/mbed-studio-tools/ac6/bin/../lib/armlib/c_w.l(stdio_streams.o)
    0x100000d0   0x00000004   Data   RW         5546    .data               /Library/Application Support/Mbed Studio/mbed-studio-tools/ac6/bin/../lib/armlib/c_w.l(stdio_streams.o)
    0x100000d4   0x00000004   Data   RW         5567    .data               /Library/Application Support/Mbed Studio/mbed-studio-tools/ac6/bin/../lib/armlib/c_w.l(strtok.o)
    0x100000d8   0x00000010   Data   RW         2808    .data..L_MergedGlobals  BUILD/LPC1768/ARMC6/mbed-os/platform/source/mbed_rtc_time.o
    0x100000e8   0x0000002c   Data   RW         4972    .data..L_MergedGlobals  BUILD/LPC1768/ARMC6/utilities/audio/gameMusic.o
    0x10000114   0x00000004   Data   RW         4110    .data.SystemCoreClock  BUILD/LPC1768/ARMC6/mbed-os/targets/TARGET_NXP/TARGET_LPC176X/device/system_LPC17xx.o
    0x10000118   0x00000040   Data   RW         2771    .data._ZL11filehandles  BUILD/LPC1768/ARMC6/mbed-os/platform/source/mbed_retarget.o
    0x10000158   0x00000007   Data   RW          392    .data.defaultSkins  BUILD/LPC1768/ARMC6/game/interfaces/registration/registration.o
    0x1000015f   0x00000001   PAD
    0x10000160   0x00000004   Data   RW         1670    .data.irq_handler   BUILD/LPC1768/ARMC6/mbed-os/hal/source/mbed_us_ticker_api.o
    0x10000164   0x00000007   Data   RW          321    .data.skins         BUILD/LPC1768/ARMC6/game/interfaces/menu/menu.o
    0x1000016b   0x0000012c   Data   RW          582    .data.userNames     BUILD/LPC1768/ARMC6/game/users/users.o
    0x10000297   0x00000001   PAD
    0x10000298   0x00000004   Zero   RW         5352    .bss                /Library/Application Support/Mbed Studio/mbed-studio-tools/ac6/bin/../lib/armlib/c_w.l(rt_errno_addr.o)
    0x1000029c   0x00000054   Zero   RW         5541    .bss                /Library/Application Support/Mbed Studio/mbed-studio-tools/ac6/bin/../lib/armlib/c_w.l(stdio_streams.o)
    0x100002f0   0x00000054   Zero   RW         5542    .bss                /Library/Application Support/Mbed Studio/mbed-studio-tools/ac6/bin/../lib/armlib/c_w.l(stdio_streams.o)
    0x10000344   0x00000054   Zero   RW         5543    .bss                /Library/Application Support/Mbed Studio/mbed-studio-tools/ac6/bin/../lib/armlib/c_w.l(stdio_streams.o)
    0x10000398   0x000000e4   Zero   RW         5563    .bss                /Library/Application Support/Mbed Studio/mbed-studio-tools/ac6/bin/../lib/armlib/c_w.l(rand.o)
    0x1000047c   0x0000002c   Zero   RW         5598    .bss                /Library/Application Support/Mbed Studio/mbed-studio-tools/ac6/bin/../lib/armlib/c_w.l(localtime.o)
    0x100004a8   0x00000004   Zero   RW         9377    .bss                /Library/Application Support/Mbed Studio/mbed-studio-tools/ac6/bin/../lib/armlib/c_w.l(rt_heap_descriptor.o)
    0x100004ac   0x00000014   Zero   RW        10267    .bss                /Library/Application Support/Mbed Studio/mbed-studio-tools/ac6/bin/../lib/armlib/c_w.l(rt_locale.o)
    0x100004c0   0x00000008   Zero   RW          109    .bss..L_MergedGlobals  BUILD/LPC1768/ARMC6/game/characters/finalBoss/finalBoss.o
    0x100004c8   0x00000008   Zero   RW          166    .bss..L_MergedGlobals  BUILD/LPC1768/ARMC6/game/characters/player/player.o
    0x100004d0   0x00000020   Zero   RW          215    .bss..L_MergedGlobals  BUILD/LPC1768/ARMC6/game/gameLoops/game.o
    0x100004f0   0x0000000c   Zero   RW          234    .bss..L_MergedGlobals  BUILD/LPC1768/ARMC6/game/healthBars/healthBar.o
    0x100004fc   0x00000078   Zero   RW          283    .bss..L_MergedGlobals  BUILD/LPC1768/ARMC6/game/interfaces/login/login.o
    0x10000574   0x00000048   Zero   RW          323    .bss..L_MergedGlobals  BUILD/LPC1768/ARMC6/game/interfaces/menu/menu.o
    0x100005bc   0x00000078   Zero   RW          395    .bss..L_MergedGlobals  BUILD/LPC1768/ARMC6/game/interfaces/registration/registration.o
    0x10000634   0x0000000c   Zero   RW          535    .bss..L_MergedGlobals  BUILD/LPC1768/ARMC6/game/projectiles/projectile.o
    0x10000640   0x00000018   Zero   RW         1192    .bss..L_MergedGlobals  BUILD/LPC1768/ARMC6/mbed-os/drivers/source/SPI.o
    0x10000658   0x00000002   Zero   RW         1547    .bss..L_MergedGlobals  BUILD/LPC1768/ARMC6/mbed-os/hal/source/mbed_critical_section_api.o
    0x1000065a   0x00000002   PAD
    0x1000065c   0x00000010   Zero   RW         1872    .bss..L_MergedGlobals  BUILD/LPC1768/ARMC6/mbed-os/platform/source/FileBase.o
    0x1000066c   0x00000070   Zero   RW         2462    .bss..L_MergedGlobals  BUILD/LPC1768/ARMC6/mbed-os/platform/source/mbed_error.o
    0x100006dc   0x00000004   PAD
    0x100006e0   0x00000050   Zero   RW         2538    .bss..L_MergedGlobals  BUILD/LPC1768/ARMC6/mbed-os/platform/source/mbed_os_timer.o
    0x10000730   0x00000028   Zero   RW         2774    .bss..L_MergedGlobals  BUILD/LPC1768/ARMC6/mbed-os/platform/source/mbed_retarget.o
    0x10000758   0x00000008   Zero   RW         2830    .bss..L_MergedGlobals  BUILD/LPC1768/ARMC6/mbed-os/platform/source/mbed_sdk_boot.o
    0x10000760   0x00000014   Zero   RW         3729    .bss..L_MergedGlobals  BUILD/LPC1768/ARMC6/mbed-os/storage/filesystem/fat/ChaN/ff.o
    0x10000774   0x00000004   PAD
    0x10000778   0x00000010   Zero   RW         4319    .bss..L_MergedGlobals  BUILD/LPC1768/ARMC6/mbed-os/targets/TARGET_NXP/TARGET_LPC176X/serial_api.o
    0x10000788   0x00000002   Zero   RW         4766    .bss..L_MergedGlobals  BUILD/LPC1768/ARMC6/utilities/asyncLibraries/MbedLibraryCollection/libraries/asyncIO/dma.o
    0x1000078a   0x00000002   PAD
    0x1000078c   0x0000006c   Zero   RW         5345    .bss..L_MergedGlobals  BUILD/LPC1768/ARMC6/utilities/hardware/hardware.o
    0x100007f8   0x0000004c   Zero   RW          284    .bss..L_MergedGlobals.1  BUILD/LPC1768/ARMC6/game/interfaces/login/login.o
    0x10000844   0x00000004   PAD
    0x10000848   0x00000068   Zero   RW         4973    .bss..L_MergedGlobals.3  BUILD/LPC1768/ARMC6/utilities/audio/gameMusic.o
    0x100008b0   0x00000044   Zero   RW          396    .bss..L_MergedGlobals.6  BUILD/LPC1768/ARMC6/game/interfaces/registration/registration.o
    0x100008f4   0x00000004   Zero   RW         7937    .bss._ZGVZNKSt3__220__time_get_c_storageIcE3__XEvE1s  /Library/Application Support/Mbed Studio/mbed-studio-tools/ac6/bin/../lib/libcxx/libcpp_w.l(locale.cpp.o)
    0x100008f8   0x00000004   Zero   RW         7941    .bss._ZGVZNKSt3__220__time_get_c_storageIcE3__cEvE1s  /Library/Application Support/Mbed Studio/mbed-studio-tools/ac6/bin/../lib/libcxx/libcpp_w.l(locale.cpp.o)
    0x100008fc   0x00000004   Zero   RW         7945    .bss._ZGVZNKSt3__220__time_get_c_storageIcE3__rEvE1s  /Library/Application Support/Mbed Studio/mbed-studio-tools/ac6/bin/../lib/libcxx/libcpp_w.l(locale.cpp.o)
    0x10000900   0x00000004   Zero   RW         7933    .bss._ZGVZNKSt3__220__time_get_c_storageIcE3__xEvE1s  /Library/Application Support/Mbed Studio/mbed-studio-tools/ac6/bin/../lib/libcxx/libcpp_w.l(locale.cpp.o)
    0x10000904   0x00000004   Zero   RW         7929    .bss._ZGVZNKSt3__220__time_get_c_storageIcE7__am_pmEvE5am_pm  /Library/Application Support/Mbed Studio/mbed-studio-tools/ac6/bin/../lib/libcxx/libcpp_w.l(locale.cpp.o)
    0x10000908   0x00000004   Zero   RW         7921    .bss._ZGVZNKSt3__220__time_get_c_storageIcE7__weeksEvE5weeks  /Library/Application Support/Mbed Studio/mbed-studio-tools/ac6/bin/../lib/libcxx/libcpp_w.l(locale.cpp.o)
    0x1000090c   0x00000004   Zero   RW         7925    .bss._ZGVZNKSt3__220__time_get_c_storageIcE8__monthsEvE6months  /Library/Application Support/Mbed Studio/mbed-studio-tools/ac6/bin/../lib/libcxx/libcpp_w.l(locale.cpp.o)
    0x10000910   0x00000004   Zero   RW         7939    .bss._ZGVZNKSt3__220__time_get_c_storageIwE3__XEvE1s  /Library/Application Support/Mbed Studio/mbed-studio-tools/ac6/bin/../lib/libcxx/libcpp_w.l(locale.cpp.o)
    0x10000914   0x00000004   Zero   RW         7943    .bss._ZGVZNKSt3__220__time_get_c_storageIwE3__cEvE1s  /Library/Application Support/Mbed Studio/mbed-studio-tools/ac6/bin/../lib/libcxx/libcpp_w.l(locale.cpp.o)
    0x10000918   0x00000004   Zero   RW         7947    .bss._ZGVZNKSt3__220__time_get_c_storageIwE3__rEvE1s  /Library/Application Support/Mbed Studio/mbed-studio-tools/ac6/bin/../lib/libcxx/libcpp_w.l(locale.cpp.o)
    0x1000091c   0x00000004   Zero   RW         7935    .bss._ZGVZNKSt3__220__time_get_c_storageIwE3__xEvE1s  /Library/Application Support/Mbed Studio/mbed-studio-tools/ac6/bin/../lib/libcxx/libcpp_w.l(locale.cpp.o)
    0x10000920   0x00000004   Zero   RW         7931    .bss._ZGVZNKSt3__220__time_get_c_storageIwE7__am_pmEvE5am_pm  /Library/Application Support/Mbed Studio/mbed-studio-tools/ac6/bin/../lib/libcxx/libcpp_w.l(locale.cpp.o)
    0x10000924   0x00000004   Zero   RW         7923    .bss._ZGVZNKSt3__220__time_get_c_storageIwE7__weeksEvE5weeks  /Library/Application Support/Mbed Studio/mbed-studio-tools/ac6/bin/../lib/libcxx/libcpp_w.l(locale.cpp.o)
    0x10000928   0x00000004   Zero   RW         7927    .bss._ZGVZNKSt3__220__time_get_c_storageIwE8__monthsEvE6months  /Library/Application Support/Mbed Studio/mbed-studio-tools/ac6/bin/../lib/libcxx/libcpp_w.l(locale.cpp.o)
    0x1000092c   0x00000004   Zero   RW         7869    .bss._ZGVZNSt3__26__clocEvE6result  /Library/Application Support/Mbed Studio/mbed-studio-tools/ac6/bin/../lib/libcxx/libcpp_w.l(locale.cpp.o)
    0x10000930   0x00000004   Zero   RW         7881    .bss._ZGVZNSt3__26locale7classicEvE1c  /Library/Application Support/Mbed Studio/mbed-studio-tools/ac6/bin/../lib/libcxx/libcpp_w.l(locale.cpp.o)
    0x10000934   0x00000004   Zero   RW         7884    .bss._ZGVZNSt3__26locale8__globalEvE1g  /Library/Application Support/Mbed Studio/mbed-studio-tools/ac6/bin/../lib/libcxx/libcpp_w.l(locale.cpp.o)
    0x10000938   0x00000004   Zero   RW         7140    .bss._ZGVZNSt3__28ios_base4InitC1EvE16init_the_streams  /Library/Application Support/Mbed Studio/mbed-studio-tools/ac6/bin/../lib/libcxx/libcpp_w.l(iostream.cpp.o)
    0x1000093c   0x00000004   Zero   RW         8048    .bss._ZGVZNSt3__2L10init_am_pmEvE5am_pm  /Library/Application Support/Mbed Studio/mbed-studio-tools/ac6/bin/../lib/libcxx/libcpp_w.l(locale.cpp.o)
    0x10000940   0x00000004   Zero   RW         8040    .bss._ZGVZNSt3__2L10init_weeksEvE5weeks  /Library/Application Support/Mbed Studio/mbed-studio-tools/ac6/bin/../lib/libcxx/libcpp_w.l(locale.cpp.o)
    0x10000944   0x00000004   Zero   RW         8044    .bss._ZGVZNSt3__2L11init_monthsEvE6months  /Library/Application Support/Mbed Studio/mbed-studio-tools/ac6/bin/../lib/libcxx/libcpp_w.l(locale.cpp.o)
    0x10000948   0x00000004   Zero   RW         8050    .bss._ZGVZNSt3__2L11init_wam_pmEvE5am_pm  /Library/Application Support/Mbed Studio/mbed-studio-tools/ac6/bin/../lib/libcxx/libcpp_w.l(locale.cpp.o)
    0x1000094c   0x00000004   Zero   RW         8042    .bss._ZGVZNSt3__2L11init_wweeksEvE5weeks  /Library/Application Support/Mbed Studio/mbed-studio-tools/ac6/bin/../lib/libcxx/libcpp_w.l(locale.cpp.o)
    0x10000950   0x00000004   Zero   RW         8046    .bss._ZGVZNSt3__2L12init_wmonthsEvE6months  /Library/Application Support/Mbed Studio/mbed-studio-tools/ac6/bin/../lib/libcxx/libcpp_w.l(locale.cpp.o)
    0x10000954   0x00000008   Zero   RW         2770    .bss._ZL16filehandle_mutex  BUILD/LPC1768/ARMC6/mbed-os/platform/source/mbed_retarget.o
    0x1000095c   0x00000008   Zero   RW         2807    .bss._ZL6_mutex     BUILD/LPC1768/ARMC6/mbed-os/platform/source/mbed_rtc_time.o
    0x10000964   0x00000001   Zero   RW         3725    .bss._ZL7CurrVol    BUILD/LPC1768/ARMC6/mbed-os/storage/filesystem/fat/ChaN/ff.o
    0x10000965   0x00000003   PAD
    0x10000968   0x00000008   Zero   RW         3848    .bss._ZN4mbedL10_ffs_mutexE  BUILD/LPC1768/ARMC6/mbed-os/storage/filesystem/fat/source/FATFileSystem.o
    0x10000970   0x00000010   Zero   RW         3846    .bss._ZN4mbedL4_ffsE  BUILD/LPC1768/ARMC6/mbed-os/storage/filesystem/fat/source/FATFileSystem.o
    0x10000980   0x00000008   Zero   RW         9193    .bss._ZNSt3__210moneypunctIcLb0EE2idE  /Library/Application Support/Mbed Studio/mbed-studio-tools/ac6/bin/../lib/libcxx/libcpp_w.l(locale.cpp.o)
    0x10000988   0x00000008   Zero   RW         9196    .bss._ZNSt3__210moneypunctIcLb1EE2idE  /Library/Application Support/Mbed Studio/mbed-studio-tools/ac6/bin/../lib/libcxx/libcpp_w.l(locale.cpp.o)
    0x10000990   0x00000008   Zero   RW         9199    .bss._ZNSt3__210moneypunctIwLb0EE2idE  /Library/Application Support/Mbed Studio/mbed-studio-tools/ac6/bin/../lib/libcxx/libcpp_w.l(locale.cpp.o)
    0x10000998   0x00000008   Zero   RW         9202    .bss._ZNSt3__210moneypunctIwLb1EE2idE  /Library/Application Support/Mbed Studio/mbed-studio-tools/ac6/bin/../lib/libcxx/libcpp_w.l(locale.cpp.o)
    0x100009a0   0x00000058   Zero   RW         7119    .bss._ZNSt3__23cinE  /Library/Application Support/Mbed Studio/mbed-studio-tools/ac6/bin/../lib/libcxx/libcpp_w.l(iostream.cpp.o)
    0x100009f8   0x00000054   Zero   RW         7123    .bss._ZNSt3__24cerrE  /Library/Application Support/Mbed Studio/mbed-studio-tools/ac6/bin/../lib/libcxx/libcpp_w.l(iostream.cpp.o)
    0x10000a4c   0x00000054   Zero   RW         7125    .bss._ZNSt3__24clogE  /Library/Application Support/Mbed Studio/mbed-studio-tools/ac6/bin/../lib/libcxx/libcpp_w.l(iostream.cpp.o)
    0x10000aa0   0x00000054   Zero   RW         7121    .bss._ZNSt3__24coutE  /Library/Application Support/Mbed Studio/mbed-studio-tools/ac6/bin/../lib/libcxx/libcpp_w.l(iostream.cpp.o)
    0x10000af4   0x00000058   Zero   RW         7120    .bss._ZNSt3__24wcinE  /Library/Application Support/Mbed Studio/mbed-studio-tools/ac6/bin/../lib/libcxx/libcpp_w.l(iostream.cpp.o)
    0x10000b4c   0x00000008   Zero   RW         7901    .bss._ZNSt3__25ctypeIcE2idE  /Library/Application Support/Mbed Studio/mbed-studio-tools/ac6/bin/../lib/libcxx/libcpp_w.l(locale.cpp.o)
    0x10000b54   0x00000008   Zero   RW         7900    .bss._ZNSt3__25ctypeIwE2idE  /Library/Application Support/Mbed Studio/mbed-studio-tools/ac6/bin/../lib/libcxx/libcpp_w.l(locale.cpp.o)
    0x10000b5c   0x00000054   Zero   RW         7124    .bss._ZNSt3__25wcerrE  /Library/Application Support/Mbed Studio/mbed-studio-tools/ac6/bin/../lib/libcxx/libcpp_w.l(iostream.cpp.o)
    0x10000bb0   0x00000054   Zero   RW         7126    .bss._ZNSt3__25wclogE  /Library/Application Support/Mbed Studio/mbed-studio-tools/ac6/bin/../lib/libcxx/libcpp_w.l(iostream.cpp.o)
    0x10000c04   0x00000054   Zero   RW         7122    .bss._ZNSt3__25wcoutE  /Library/Application Support/Mbed Studio/mbed-studio-tools/ac6/bin/../lib/libcxx/libcpp_w.l(iostream.cpp.o)
    0x10000c58   0x00000004   Zero   RW         7885    .bss._ZNSt3__26locale2id9__next_idE  /Library/Application Support/Mbed Studio/mbed-studio-tools/ac6/bin/../lib/libcxx/libcpp_w.l(locale.cpp.o)
    0x10000c5c   0x00000008   Zero   RW         7912    .bss._ZNSt3__27codecvtIDiDuSt11__mbstate_tE2idE  /Library/Application Support/Mbed Studio/mbed-studio-tools/ac6/bin/../lib/libcxx/libcpp_w.l(locale.cpp.o)
    0x10000c64   0x00000008   Zero   RW         7911    .bss._ZNSt3__27codecvtIDicSt11__mbstate_tE2idE  /Library/Application Support/Mbed Studio/mbed-studio-tools/ac6/bin/../lib/libcxx/libcpp_w.l(locale.cpp.o)
    0x10000c6c   0x00000008   Zero   RW         7910    .bss._ZNSt3__27codecvtIDsDuSt11__mbstate_tE2idE  /Library/Application Support/Mbed Studio/mbed-studio-tools/ac6/bin/../lib/libcxx/libcpp_w.l(locale.cpp.o)
    0x10000c74   0x00000008   Zero   RW         7909    .bss._ZNSt3__27codecvtIDscSt11__mbstate_tE2idE  /Library/Application Support/Mbed Studio/mbed-studio-tools/ac6/bin/../lib/libcxx/libcpp_w.l(locale.cpp.o)
    0x10000c7c   0x00000008   Zero   RW         7906    .bss._ZNSt3__27codecvtIccSt11__mbstate_tE2idE  /Library/Application Support/Mbed Studio/mbed-studio-tools/ac6/bin/../lib/libcxx/libcpp_w.l(locale.cpp.o)
    0x10000c84   0x00000008   Zero   RW         7907    .bss._ZNSt3__27codecvtIwcSt11__mbstate_tE2idE  /Library/Application Support/Mbed Studio/mbed-studio-tools/ac6/bin/../lib/libcxx/libcpp_w.l(locale.cpp.o)
    0x10000c8c   0x00000008   Zero   RW         9169    .bss._ZNSt3__27collateIcE2idE  /Library/Application Support/Mbed Studio/mbed-studio-tools/ac6/bin/../lib/libcxx/libcpp_w.l(locale.cpp.o)
    0x10000c94   0x00000008   Zero   RW         9171    .bss._ZNSt3__27collateIwE2idE  /Library/Application Support/Mbed Studio/mbed-studio-tools/ac6/bin/../lib/libcxx/libcpp_w.l(locale.cpp.o)
    0x10000c9c   0x00000008   Zero   RW         9173    .bss._ZNSt3__27num_getIcNS_19istreambuf_iteratorIcNS_11char_traitsIcEEEEE2idE  /Library/Application Support/Mbed Studio/mbed-studio-tools/ac6/bin/../lib/libcxx/libcpp_w.l(locale.cpp.o)
    0x10000ca4   0x00000008   Zero   RW         9175    .bss._ZNSt3__27num_getIwNS_19istreambuf_iteratorIwNS_11char_traitsIwEEEEE2idE  /Library/Application Support/Mbed Studio/mbed-studio-tools/ac6/bin/../lib/libcxx/libcpp_w.l(locale.cpp.o)
    0x10000cac   0x00000008   Zero   RW         9177    .bss._ZNSt3__27num_putIcNS_19ostreambuf_iteratorIcNS_11char_traitsIcEEEEE2idE  /Library/Application Support/Mbed Studio/mbed-studio-tools/ac6/bin/../lib/libcxx/libcpp_w.l(locale.cpp.o)
    0x10000cb4   0x00000008   Zero   RW         9179    .bss._ZNSt3__27num_putIwNS_19ostreambuf_iteratorIwNS_11char_traitsIwEEEEE2idE  /Library/Application Support/Mbed Studio/mbed-studio-tools/ac6/bin/../lib/libcxx/libcpp_w.l(locale.cpp.o)
    0x10000cbc   0x00000008   Zero   RW         9217    .bss._ZNSt3__28messagesIcE2idE  /Library/Application Support/Mbed Studio/mbed-studio-tools/ac6/bin/../lib/libcxx/libcpp_w.l(locale.cpp.o)
    0x10000cc4   0x00000008   Zero   RW         9219    .bss._ZNSt3__28messagesIwE2idE  /Library/Application Support/Mbed Studio/mbed-studio-tools/ac6/bin/../lib/libcxx/libcpp_w.l(locale.cpp.o)
    0x10000ccc   0x00000008   Zero   RW         7913    .bss._ZNSt3__28numpunctIcE2idE  /Library/Application Support/Mbed Studio/mbed-studio-tools/ac6/bin/../lib/libcxx/libcpp_w.l(locale.cpp.o)
    0x10000cd4   0x00000008   Zero   RW         7914    .bss._ZNSt3__28numpunctIwE2idE  /Library/Application Support/Mbed Studio/mbed-studio-tools/ac6/bin/../lib/libcxx/libcpp_w.l(locale.cpp.o)
    0x10000cdc   0x00000008   Zero   RW         9181    .bss._ZNSt3__28time_getIcNS_19istreambuf_iteratorIcNS_11char_traitsIcEEEEE2idE  /Library/Application Support/Mbed Studio/mbed-studio-tools/ac6/bin/../lib/libcxx/libcpp_w.l(locale.cpp.o)
    0x10000ce4   0x00000008   Zero   RW         9183    .bss._ZNSt3__28time_getIwNS_19istreambuf_iteratorIwNS_11char_traitsIwEEEEE2idE  /Library/Application Support/Mbed Studio/mbed-studio-tools/ac6/bin/../lib/libcxx/libcpp_w.l(locale.cpp.o)
    0x10000cec   0x00000008   Zero   RW         9187    .bss._ZNSt3__28time_putIcNS_19ostreambuf_iteratorIcNS_11char_traitsIcEEEEE2idE  /Library/Application Support/Mbed Studio/mbed-studio-tools/ac6/bin/../lib/libcxx/libcpp_w.l(locale.cpp.o)
    0x10000cf4   0x00000008   Zero   RW         9189    .bss._ZNSt3__28time_putIwNS_19ostreambuf_iteratorIwNS_11char_traitsIwEEEEE2idE  /Library/Application Support/Mbed Studio/mbed-studio-tools/ac6/bin/../lib/libcxx/libcpp_w.l(locale.cpp.o)
    0x10000cfc   0x00000008   Zero   RW         9209    .bss._ZNSt3__29money_getIcNS_19istreambuf_iteratorIcNS_11char_traitsIcEEEEE2idE  /Library/Application Support/Mbed Studio/mbed-studio-tools/ac6/bin/../lib/libcxx/libcpp_w.l(locale.cpp.o)
    0x10000d04   0x00000008   Zero   RW         9211    .bss._ZNSt3__29money_getIwNS_19istreambuf_iteratorIwNS_11char_traitsIwEEEEE2idE  /Library/Application Support/Mbed Studio/mbed-studio-tools/ac6/bin/../lib/libcxx/libcpp_w.l(locale.cpp.o)
    0x10000d0c   0x00000008   Zero   RW         9213    .bss._ZNSt3__29money_putIcNS_19ostreambuf_iteratorIcNS_11char_traitsIcEEEEE2idE  /Library/Application Support/Mbed Studio/mbed-studio-tools/ac6/bin/../lib/libcxx/libcpp_w.l(locale.cpp.o)
    0x10000d14   0x00000008   Zero   RW         9215    .bss._ZNSt3__29money_putIwNS_19ostreambuf_iteratorIwNS_11char_traitsIwEEEEE2idE  /Library/Application Support/Mbed Studio/mbed-studio-tools/ac6/bin/../lib/libcxx/libcpp_w.l(locale.cpp.o)
    0x10000d1c   0x00000001   Zero   RW         4913    .bss._ZNSt3__2L19__start_std_streamsE  BUILD/LPC1768/ARMC6/utilities/asyncLibraries/MbedLibraryCollection/libraries/ulcd/uLCD.o
    0x10000d1d   0x00000001   Zero   RW         6051    .bss._ZNSt3__2L19__start_std_streamsE  /Library/Application Support/Mbed Studio/mbed-studio-tools/ac6/bin/../lib/libcxx/libcpp_w.l(ios.cpp.o)
    0x10000d1e   0x00000001   Zero   RW         6102    .bss._ZNSt3__2L19__start_std_streamsE  /Library/Application Support/Mbed Studio/mbed-studio-tools/ac6/bin/../lib/libcxx/libcpp_w.l(ios.instantiations.cpp.o)
    0x10000d1f   0x00000001   Zero   RW         7118    .bss._ZNSt3__2L19__start_std_streamsE  /Library/Application Support/Mbed Studio/mbed-studio-tools/ac6/bin/../lib/libcxx/libcpp_w.l(iostream.cpp.o)
    0x10000d20   0x00000001   Zero   RW         7859    .bss._ZNSt3__2L19__start_std_streamsE  /Library/Application Support/Mbed Studio/mbed-studio-tools/ac6/bin/../lib/libcxx/libcpp_w.l(locale.cpp.o)
    0x10000d21   0x00000003   PAD
    0x10000d24   0x00000038   Zero   RW         7127    .bss._ZNSt3__2L5__cinE  /Library/Application Support/Mbed Studio/mbed-studio-tools/ac6/bin/../lib/libcxx/libcpp_w.l(iostream.cpp.o)
    0x10000d5c   0x00000030   Zero   RW         7135    .bss._ZNSt3__2L6__cerrE  /Library/Application Support/Mbed Studio/mbed-studio-tools/ac6/bin/../lib/libcxx/libcpp_w.l(iostream.cpp.o)
    0x10000d8c   0x00000030   Zero   RW         7131    .bss._ZNSt3__2L6__coutE  /Library/Application Support/Mbed Studio/mbed-studio-tools/ac6/bin/../lib/libcxx/libcpp_w.l(iostream.cpp.o)
    0x10000dbc   0x00000038   Zero   RW         7129    .bss._ZNSt3__2L6__wcinE  /Library/Application Support/Mbed Studio/mbed-studio-tools/ac6/bin/../lib/libcxx/libcpp_w.l(iostream.cpp.o)
    0x10000df4   0x00000008   Zero   RW         7128    .bss._ZNSt3__2L6mb_cinE  /Library/Application Support/Mbed Studio/mbed-studio-tools/ac6/bin/../lib/libcxx/libcpp_w.l(iostream.cpp.o)
    0x10000dfc   0x00000030   Zero   RW         7137    .bss._ZNSt3__2L7__wcerrE  /Library/Application Support/Mbed Studio/mbed-studio-tools/ac6/bin/../lib/libcxx/libcpp_w.l(iostream.cpp.o)
    0x10000e2c   0x00000030   Zero   RW         7133    .bss._ZNSt3__2L7__wcoutE  /Library/Application Support/Mbed Studio/mbed-studio-tools/ac6/bin/../lib/libcxx/libcpp_w.l(iostream.cpp.o)
    0x10000e5c   0x00000008   Zero   RW         7136    .bss._ZNSt3__2L7mb_cerrE  /Library/Application Support/Mbed Studio/mbed-studio-tools/ac6/bin/../lib/libcxx/libcpp_w.l(iostream.cpp.o)
    0x10000e64   0x00000008   Zero   RW         7132    .bss._ZNSt3__2L7mb_coutE  /Library/Application Support/Mbed Studio/mbed-studio-tools/ac6/bin/../lib/libcxx/libcpp_w.l(iostream.cpp.o)
    0x10000e6c   0x00000008   Zero   RW         7130    .bss._ZNSt3__2L7mb_wcinE  /Library/Application Support/Mbed Studio/mbed-studio-tools/ac6/bin/../lib/libcxx/libcpp_w.l(iostream.cpp.o)
    0x10000e74   0x00000008   Zero   RW         7138    .bss._ZNSt3__2L8mb_wcerrE  /Library/Application Support/Mbed Studio/mbed-studio-tools/ac6/bin/../lib/libcxx/libcpp_w.l(iostream.cpp.o)
    0x10000e7c   0x00000008   Zero   RW         7134    .bss._ZNSt3__2L8mb_wcoutE  /Library/Application Support/Mbed Studio/mbed-studio-tools/ac6/bin/../lib/libcxx/libcpp_w.l(iostream.cpp.o)
    0x10000e84   0x00000004   PAD
    0x10000e88   0x0000000c   Zero   RW         7936    .bss._ZZNKSt3__220__time_get_c_storageIcE3__XEvE1s  /Library/Application Support/Mbed Studio/mbed-studio-tools/ac6/bin/../lib/libcxx/libcpp_w.l(locale.cpp.o)
    0x10000e94   0x0000000c   Zero   RW         7940    .bss._ZZNKSt3__220__time_get_c_storageIcE3__cEvE1s  /Library/Application Support/Mbed Studio/mbed-studio-tools/ac6/bin/../lib/libcxx/libcpp_w.l(locale.cpp.o)
    0x10000ea0   0x0000000c   Zero   RW         7944    .bss._ZZNKSt3__220__time_get_c_storageIcE3__rEvE1s  /Library/Application Support/Mbed Studio/mbed-studio-tools/ac6/bin/../lib/libcxx/libcpp_w.l(locale.cpp.o)
    0x10000eac   0x00000004   PAD
    0x10000eb0   0x0000000c   Zero   RW         7932    .bss._ZZNKSt3__220__time_get_c_storageIcE3__xEvE1s  /Library/Application Support/Mbed Studio/mbed-studio-tools/ac6/bin/../lib/libcxx/libcpp_w.l(locale.cpp.o)
    0x10000ebc   0x00000004   Zero   RW         7928    .bss._ZZNKSt3__220__time_get_c_storageIcE7__am_pmEvE5am_pm  /Library/Application Support/Mbed Studio/mbed-studio-tools/ac6/bin/../lib/libcxx/libcpp_w.l(locale.cpp.o)
    0x10000ec0   0x00000004   Zero   RW         7920    .bss._ZZNKSt3__220__time_get_c_storageIcE7__weeksEvE5weeks  /Library/Application Support/Mbed Studio/mbed-studio-tools/ac6/bin/../lib/libcxx/libcpp_w.l(locale.cpp.o)
    0x10000ec4   0x00000004   Zero   RW         7924    .bss._ZZNKSt3__220__time_get_c_storageIcE8__monthsEvE6months  /Library/Application Support/Mbed Studio/mbed-studio-tools/ac6/bin/../lib/libcxx/libcpp_w.l(locale.cpp.o)
    0x10000ec8   0x0000000c   Zero   RW         7938    .bss._ZZNKSt3__220__time_get_c_storageIwE3__XEvE1s  /Library/Application Support/Mbed Studio/mbed-studio-tools/ac6/bin/../lib/libcxx/libcpp_w.l(locale.cpp.o)
    0x10000ed4   0x0000000c   Zero   RW         7942    .bss._ZZNKSt3__220__time_get_c_storageIwE3__cEvE1s  /Library/Application Support/Mbed Studio/mbed-studio-tools/ac6/bin/../lib/libcxx/libcpp_w.l(locale.cpp.o)
    0x10000ee0   0x0000000c   Zero   RW         7946    .bss._ZZNKSt3__220__time_get_c_storageIwE3__rEvE1s  /Library/Application Support/Mbed Studio/mbed-studio-tools/ac6/bin/../lib/libcxx/libcpp_w.l(locale.cpp.o)
    0x10000eec   0x0000000c   Zero   RW         7934    .bss._ZZNKSt3__220__time_get_c_storageIwE3__xEvE1s  /Library/Application Support/Mbed Studio/mbed-studio-tools/ac6/bin/../lib/libcxx/libcpp_w.l(locale.cpp.o)
    0x10000ef8   0x00000004   Zero   RW         7930    .bss._ZZNKSt3__220__time_get_c_storageIwE7__am_pmEvE5am_pm  /Library/Application Support/Mbed Studio/mbed-studio-tools/ac6/bin/../lib/libcxx/libcpp_w.l(locale.cpp.o)
    0x10000efc   0x00000004   Zero   RW         7922    .bss._ZZNKSt3__220__time_get_c_storageIwE7__weeksEvE5weeks  /Library/Application Support/Mbed Studio/mbed-studio-tools/ac6/bin/../lib/libcxx/libcpp_w.l(locale.cpp.o)
    0x10000f00   0x00000004   Zero   RW         7926    .bss._ZZNKSt3__220__time_get_c_storageIwE8__monthsEvE6months  /Library/Application Support/Mbed Studio/mbed-studio-tools/ac6/bin/../lib/libcxx/libcpp_w.l(locale.cpp.o)
    0x10000f04   0x00000004   PAD
    0x10000f08   0x00000008   Zero   RW         8067    .bss._ZZNSt3__212_GLOBAL__N_14makeINS_10moneypunctIcLb0EEEjEERT_T0_E3buf  /Library/Application Support/Mbed Studio/mbed-studio-tools/ac6/bin/../lib/libcxx/libcpp_w.l(locale.cpp.o)
    0x10000f10   0x00000008   Zero   RW         8068    .bss._ZZNSt3__212_GLOBAL__N_14makeINS_10moneypunctIcLb1EEEjEERT_T0_E3buf  /Library/Application Support/Mbed Studio/mbed-studio-tools/ac6/bin/../lib/libcxx/libcpp_w.l(locale.cpp.o)
    0x10000f18   0x00000008   Zero   RW         8069    .bss._ZZNSt3__212_GLOBAL__N_14makeINS_10moneypunctIwLb0EEEjEERT_T0_E3buf  /Library/Application Support/Mbed Studio/mbed-studio-tools/ac6/bin/../lib/libcxx/libcpp_w.l(locale.cpp.o)
    0x10000f20   0x00000008   Zero   RW         8070    .bss._ZZNSt3__212_GLOBAL__N_14makeINS_10moneypunctIwLb1EEEjEERT_T0_E3buf  /Library/Application Support/Mbed Studio/mbed-studio-tools/ac6/bin/../lib/libcxx/libcpp_w.l(locale.cpp.o)
    0x10000f28   0x00000010   Zero   RW         8053    .bss._ZZNSt3__212_GLOBAL__N_14makeINS_5ctypeIcEEDnbjEERT_T0_T1_T2_E3buf  /Library/Application Support/Mbed Studio/mbed-studio-tools/ac6/bin/../lib/libcxx/libcpp_w.l(locale.cpp.o)
    0x10000f38   0x00000008   Zero   RW         8054    .bss._ZZNSt3__212_GLOBAL__N_14makeINS_5ctypeIwEEjEERT_T0_E3buf  /Library/Application Support/Mbed Studio/mbed-studio-tools/ac6/bin/../lib/libcxx/libcpp_w.l(locale.cpp.o)
    0x10000f40   0x000000a8   Zero   RW         8081    .bss._ZZNSt3__212_GLOBAL__N_14makeINS_6locale5__impEjEERT_T0_E3buf  /Library/Application Support/Mbed Studio/mbed-studio-tools/ac6/bin/../lib/libcxx/libcpp_w.l(locale.cpp.o)
    0x10000fe8   0x00000008   Zero   RW         8060    .bss._ZZNSt3__212_GLOBAL__N_14makeINS_7codecvtIDiDuSt11__mbstate_tEEjEERT_T0_E3buf  /Library/Application Support/Mbed Studio/mbed-studio-tools/ac6/bin/../lib/libcxx/libcpp_w.l(locale.cpp.o)
    0x10000ff0   0x00000008   Zero   RW         8058    .bss._ZZNSt3__212_GLOBAL__N_14makeINS_7codecvtIDicSt11__mbstate_tEEjEERT_T0_E3buf  /Library/Application Support/Mbed Studio/mbed-studio-tools/ac6/bin/../lib/libcxx/libcpp_w.l(locale.cpp.o)
    0x10000ff8   0x00000008   Zero   RW         8059    .bss._ZZNSt3__212_GLOBAL__N_14makeINS_7codecvtIDsDuSt11__mbstate_tEEjEERT_T0_E3buf  /Library/Application Support/Mbed Studio/mbed-studio-tools/ac6/bin/../lib/libcxx/libcpp_w.l(locale.cpp.o)
    0x10001000   0x00000008   Zero   RW         8057    .bss._ZZNSt3__212_GLOBAL__N_14makeINS_7codecvtIDscSt11__mbstate_tEEjEERT_T0_E3buf  /Library/Application Support/Mbed Studio/mbed-studio-tools/ac6/bin/../lib/libcxx/libcpp_w.l(locale.cpp.o)
    0x10001008   0x00000008   Zero   RW         8055    .bss._ZZNSt3__212_GLOBAL__N_14makeINS_7codecvtIccSt11__mbstate_tEEjEERT_T0_E3buf  /Library/Application Support/Mbed Studio/mbed-studio-tools/ac6/bin/../lib/libcxx/libcpp_w.l(locale.cpp.o)
    0x10001010   0x00000010   Zero   RW         8056    .bss._ZZNSt3__212_GLOBAL__N_14makeINS_7codecvtIwcSt11__mbstate_tEEjEERT_T0_E3buf  /Library/Application Support/Mbed Studio/mbed-studio-tools/ac6/bin/../lib/libcxx/libcpp_w.l(locale.cpp.o)
    0x10001020   0x00000008   Zero   RW         8051    .bss._ZZNSt3__212_GLOBAL__N_14makeINS_7collateIcEEjEERT_T0_E3buf  /Library/Application Support/Mbed Studio/mbed-studio-tools/ac6/bin/../lib/libcxx/libcpp_w.l(locale.cpp.o)
    0x10001028   0x00000008   Zero   RW         8052    .bss._ZZNSt3__212_GLOBAL__N_14makeINS_7collateIwEEjEERT_T0_E3buf  /Library/Application Support/Mbed Studio/mbed-studio-tools/ac6/bin/../lib/libcxx/libcpp_w.l(locale.cpp.o)
    0x10001030   0x00000008   Zero   RW         8063    .bss._ZZNSt3__212_GLOBAL__N_14makeINS_7num_getIcNS_19istreambuf_iteratorIcNS_11char_traitsIcEEEEEEjEERT_T0_E3buf  /Library/Application Support/Mbed Studio/mbed-studio-tools/ac6/bin/../lib/libcxx/libcpp_w.l(locale.cpp.o)
    0x10001038   0x00000008   Zero   RW         8064    .bss._ZZNSt3__212_GLOBAL__N_14makeINS_7num_getIwNS_19istreambuf_iteratorIwNS_11char_traitsIwEEEEEEjEERT_T0_E3buf  /Library/Application Support/Mbed Studio/mbed-studio-tools/ac6/bin/../lib/libcxx/libcpp_w.l(locale.cpp.o)
    0x10001040   0x00000008   Zero   RW         8065    .bss._ZZNSt3__212_GLOBAL__N_14makeINS_7num_putIcNS_19ostreambuf_iteratorIcNS_11char_traitsIcEEEEEEjEERT_T0_E3buf  /Library/Application Support/Mbed Studio/mbed-studio-tools/ac6/bin/../lib/libcxx/libcpp_w.l(locale.cpp.o)
    0x10001048   0x00000008   Zero   RW         8066    .bss._ZZNSt3__212_GLOBAL__N_14makeINS_7num_putIwNS_19ostreambuf_iteratorIwNS_11char_traitsIwEEEEEEjEERT_T0_E3buf  /Library/Application Support/Mbed Studio/mbed-studio-tools/ac6/bin/../lib/libcxx/libcpp_w.l(locale.cpp.o)
    0x10001050   0x00000008   Zero   RW         8079    .bss._ZZNSt3__212_GLOBAL__N_14makeINS_8messagesIcEEjEERT_T0_E3buf  /Library/Application Support/Mbed Studio/mbed-studio-tools/ac6/bin/../lib/libcxx/libcpp_w.l(locale.cpp.o)
    0x10001058   0x00000008   Zero   RW         8080    .bss._ZZNSt3__212_GLOBAL__N_14makeINS_8messagesIwEEjEERT_T0_E3buf  /Library/Application Support/Mbed Studio/mbed-studio-tools/ac6/bin/../lib/libcxx/libcpp_w.l(locale.cpp.o)
    0x10001060   0x00000018   Zero   RW         8061    .bss._ZZNSt3__212_GLOBAL__N_14makeINS_8numpunctIcEEjEERT_T0_E3buf  /Library/Application Support/Mbed Studio/mbed-studio-tools/ac6/bin/../lib/libcxx/libcpp_w.l(locale.cpp.o)
    0x10001078   0x00000018   Zero   RW         8062    .bss._ZZNSt3__212_GLOBAL__N_14makeINS_8numpunctIwEEjEERT_T0_E3buf  /Library/Application Support/Mbed Studio/mbed-studio-tools/ac6/bin/../lib/libcxx/libcpp_w.l(locale.cpp.o)
    0x10001090   0x00000010   Zero   RW         8075    .bss._ZZNSt3__212_GLOBAL__N_14makeINS_8time_getIcNS_19istreambuf_iteratorIcNS_11char_traitsIcEEEEEEjEERT_T0_E3buf  /Library/Application Support/Mbed Studio/mbed-studio-tools/ac6/bin/../lib/libcxx/libcpp_w.l(locale.cpp.o)
    0x100010a0   0x00000010   Zero   RW         8076    .bss._ZZNSt3__212_GLOBAL__N_14makeINS_8time_getIwNS_19istreambuf_iteratorIwNS_11char_traitsIwEEEEEEjEERT_T0_E3buf  /Library/Application Support/Mbed Studio/mbed-studio-tools/ac6/bin/../lib/libcxx/libcpp_w.l(locale.cpp.o)
    0x100010b0   0x00000010   Zero   RW         8077    .bss._ZZNSt3__212_GLOBAL__N_14makeINS_8time_putIcNS_19ostreambuf_iteratorIcNS_11char_traitsIcEEEEEEjEERT_T0_E3buf  /Library/Application Support/Mbed Studio/mbed-studio-tools/ac6/bin/../lib/libcxx/libcpp_w.l(locale.cpp.o)
    0x100010c0   0x00000010   Zero   RW         8078    .bss._ZZNSt3__212_GLOBAL__N_14makeINS_8time_putIwNS_19ostreambuf_iteratorIwNS_11char_traitsIwEEEEEEjEERT_T0_E3buf  /Library/Application Support/Mbed Studio/mbed-studio-tools/ac6/bin/../lib/libcxx/libcpp_w.l(locale.cpp.o)
    0x100010d0   0x00000008   Zero   RW         8071    .bss._ZZNSt3__212_GLOBAL__N_14makeINS_9money_getIcNS_19istreambuf_iteratorIcNS_11char_traitsIcEEEEEEjEERT_T0_E3buf  /Library/Application Support/Mbed Studio/mbed-studio-tools/ac6/bin/../lib/libcxx/libcpp_w.l(locale.cpp.o)
    0x100010d8   0x00000008   Zero   RW         8072    .bss._ZZNSt3__212_GLOBAL__N_14makeINS_9money_getIwNS_19istreambuf_iteratorIwNS_11char_traitsIwEEEEEEjEERT_T0_E3buf  /Library/Application Support/Mbed Studio/mbed-studio-tools/ac6/bin/../lib/libcxx/libcpp_w.l(locale.cpp.o)
    0x100010e0   0x00000008   Zero   RW         8073    .bss._ZZNSt3__212_GLOBAL__N_14makeINS_9money_putIcNS_19ostreambuf_iteratorIcNS_11char_traitsIcEEEEEEjEERT_T0_E3buf  /Library/Application Support/Mbed Studio/mbed-studio-tools/ac6/bin/../lib/libcxx/libcpp_w.l(locale.cpp.o)
    0x100010e8   0x00000008   Zero   RW         8074    .bss._ZZNSt3__212_GLOBAL__N_14makeINS_9money_putIwNS_19ostreambuf_iteratorIwNS_11char_traitsIwEEEEEEjEERT_T0_E3buf  /Library/Application Support/Mbed Studio/mbed-studio-tools/ac6/bin/../lib/libcxx/libcpp_w.l(locale.cpp.o)
    0x100010f0   0x00000004   Zero   RW         7882    .bss._ZZNSt3__26locale5__imp11make_globalEvE3buf  /Library/Application Support/Mbed Studio/mbed-studio-tools/ac6/bin/../lib/libcxx/libcpp_w.l(locale.cpp.o)
    0x100010f4   0x00000004   Zero   RW         7879    .bss._ZZNSt3__26locale5__imp12make_classicEvE3buf  /Library/Application Support/Mbed Studio/mbed-studio-tools/ac6/bin/../lib/libcxx/libcpp_w.l(locale.cpp.o)
    0x100010f8   0x00000004   Zero   RW         7880    .bss._ZZNSt3__26locale7classicEvE1c  /Library/Application Support/Mbed Studio/mbed-studio-tools/ac6/bin/../lib/libcxx/libcpp_w.l(locale.cpp.o)
    0x100010fc   0x00000004   Zero   RW         7883    .bss._ZZNSt3__26locale8__globalEvE1g  /Library/Application Support/Mbed Studio/mbed-studio-tools/ac6/bin/../lib/libcxx/libcpp_w.l(locale.cpp.o)
    0x10001100   0x00000001   Zero   RW         7139    .bss._ZZNSt3__28ios_base4InitC1EvE16init_the_streams  /Library/Application Support/Mbed Studio/mbed-studio-tools/ac6/bin/../lib/libcxx/libcpp_w.l(iostream.cpp.o)
    0x10001101   0x00000003   PAD
    0x10001104   0x00000018   Zero   RW         8047    .bss._ZZNSt3__2L10init_am_pmEvE5am_pm  /Library/Application Support/Mbed Studio/mbed-studio-tools/ac6/bin/../lib/libcxx/libcpp_w.l(locale.cpp.o)
    0x1000111c   0x000000a8   Zero   RW         8039    .bss._ZZNSt3__2L10init_weeksEvE5weeks  /Library/Application Support/Mbed Studio/mbed-studio-tools/ac6/bin/../lib/libcxx/libcpp_w.l(locale.cpp.o)
    0x100011c4   0x00000120   Zero   RW         8043    .bss._ZZNSt3__2L11init_monthsEvE6months  /Library/Application Support/Mbed Studio/mbed-studio-tools/ac6/bin/../lib/libcxx/libcpp_w.l(locale.cpp.o)
    0x100012e4   0x00000018   Zero   RW         8049    .bss._ZZNSt3__2L11init_wam_pmEvE5am_pm  /Library/Application Support/Mbed Studio/mbed-studio-tools/ac6/bin/../lib/libcxx/libcpp_w.l(locale.cpp.o)
    0x100012fc   0x000000a8   Zero   RW         8041    .bss._ZZNSt3__2L11init_wweeksEvE5weeks  /Library/Application Support/Mbed Studio/mbed-studio-tools/ac6/bin/../lib/libcxx/libcpp_w.l(locale.cpp.o)
    0x100013a4   0x00000120   Zero   RW         8045    .bss._ZZNSt3__2L12init_wmonthsEvE6months  /Library/Application Support/Mbed Studio/mbed-studio-tools/ac6/bin/../lib/libcxx/libcpp_w.l(locale.cpp.o)
    0x100014c4   0x00000001   Zero   RW         1671    .bss._us_ticker_initialized  BUILD/LPC1768/ARMC6/mbed-os/hal/source/mbed_us_ticker_api.o
    0x100014c5   0x00000003   PAD
    0x100014c8   0x00000004   Zero   RW         2417    .bss.critical_section_reentrancy_counter  BUILD/LPC1768/ARMC6/mbed-os/platform/source/mbed_critical.o
    0x100014cc   0x00000002   Zero   RW         2581    .bss.deep_sleep_lock  BUILD/LPC1768/ARMC6/mbed-os/platform/source/mbed_power_mgmt.o
    0x100014ce   0x00000002   PAD
    0x100014d0   0x00000004   Zero   RW           62    .bss.enemyDLL       BUILD/LPC1768/ARMC6/game/characters/enemies/enemy.o
    0x100014d4   0x00000004   PAD
    0x100014d8   0x00000038   Zero   RW         1673    .bss.events         BUILD/LPC1768/ARMC6/mbed-os/hal/source/mbed_us_ticker_api.o
    0x10001510   0x0000005c   Zero   RW         5343    .bss.fs             BUILD/LPC1768/ARMC6/utilities/hardware/hardware.o
    0x1000156c   0x00000001   Zero   RW         2461    .bss.halt_in_progress  BUILD/LPC1768/ARMC6/mbed-os/platform/source/mbed_error.o
    0x1000156d   0x00000003   PAD
    0x10001570   0x00000004   Zero   RW          213    .bss.inGame         BUILD/LPC1768/ARMC6/game/gameLoops/game.o
    0x10001574   0x00000004   Zero   RW         4316    .bss.irq_handler    BUILD/LPC1768/ARMC6/mbed-os/targets/TARGET_NXP/TARGET_LPC176X/serial_api.o
    0x10001578   0x00000090   Zero   RW         5314    .bss.lcd            BUILD/LPC1768/ARMC6/utilities/graphics/graphics.o
    0x10001608   0x00000001   Zero   RW         2460    .bss.mbed_error_in_progress  BUILD/LPC1768/ARMC6/mbed-os/platform/source/mbed_error.o
    0x10001609   0x00000003   PAD
    0x1000160c   0x00000054   Zero   RW         2279    .bss.mbed_fault_context  BUILD/LPC1768/ARMC6/mbed-os/platform/source/TARGET_CORTEX_M/mbed_fault_handler.o
    0x10001660   0x00000004   Zero   RW         2764    .bss.mbed_heap_size  BUILD/LPC1768/ARMC6/mbed-os/platform/source/mbed_retarget.o
    0x10001664   0x00000004   Zero   RW         2763    .bss.mbed_heap_start  BUILD/LPC1768/ARMC6/mbed-os/platform/source/mbed_retarget.o
    0x10001668   0x0000004c   Zero   RW         5341    .bss.myNav          BUILD/LPC1768/ARMC6/utilities/hardware/hardware.o
    0x100016b4   0x00000004   PAD
    0x100016b8   0x00000090   Zero   RW         5342    .bss.sd_block       BUILD/LPC1768/ARMC6/utilities/hardware/hardware.o
    0x10001748   0x00000308   Zero   RW         5340    .bss.uLCD           BUILD/LPC1768/ARMC6/utilities/hardware/hardware.o
    0x10001a50   0x000000e0   Zero   RW         4315    .bss.uart_data      BUILD/LPC1768/ARMC6/mbed-os/targets/TARGET_NXP/TARGET_LPC176X/serial_api.o
    0x10001b30   0x00000001   Zero   RW         4387    .bss.us_ticker_inited  BUILD/LPC1768/ARMC6/mbed-os/targets/TARGET_NXP/TARGET_LPC176X/us_ticker.o


    Execution Region ARM_LIB_HEAP (Base: 0x10001b40, Size: 0x000054a0, Max: 0x000054a0, ABSOLUTE)

    Base Addr    Size         Type   Attr      Idx    E Section Name        Object

    0x10001b40   0x000054a0   Zero   RW            1    ARM_LIB_HEAP.bss    anon$$obj.o


    Execution Region ARM_LIB_STACK (Base: 0x10007000, Size: 0x00001000, Max: 0x00001000, ABSOLUTE)

    Base Addr    Size         Type   Attr      Idx    E Section Name        Object

    0x10007000   0x00001000   Zero   RW            2    ARM_LIB_STACK.bss   anon$$obj.o


    Execution Region RW_IRAM2 (Base: 0x2007c000, Size: 0x00000000, Max: 0x00004000, ABSOLUTE)

    **** No section assigned to this execution region ****


    Execution Region RW_IRAM3 (Base: 0x20080000, Size: 0x00000000, Max: 0x00004000, ABSOLUTE)

    **** No section assigned to this execution region ****


    Execution Region RW_IRAM4 (Base: 0x40038000, Size: 0x00000000, Max: 0x00000800, ABSOLUTE)

    **** No section assigned to this execution region ****


==============================================================================

Image component sizes


      Code (inc. data)   RO Data    RW Data    ZI Data      Debug   

     78670       4262     298045        448      28529      40536   Object Totals
         0          0         32          0      25760          0   (incl. Generated)
       140          0         18          2         41          0   (incl. Padding)
     88622       2096       8447         16       3531      60384   Library Totals
       160          0         15          0         18          0   (incl. Padding)

==============================================================================


      Code (inc. data)   RO Data    RW Data    ZI Data      Debug   

    167292       6358     306492        464      32060      88044   Grand Totals
    167292       6358     306492        204      32060      88044   ELF Image Totals (compressed)
    167292       6358     306492        204          0          0   ROM Totals

==============================================================================

    Total RO  Size (Code + RO Data)               473784 ( 462.68kB)
    Total RW  Size (RW Data + ZI Data)             32524 (  31.76kB)
    Total ROM Size (Code + RO Data + RW Data)     473988 ( 462.88kB)

==============================================================================

