Component: ARM Compiler 6.16 Tool: armlink [5dfea300]

==============================================================================

Memory Map of the image

  Image Entry point : 0x00000301

  Load Region LR_IROM1 (Base: 0x00000000, Size: 0x00046148, Max: 0x00080000, ABSOLUTE, COMPRESSED[0x00046080])

    Execution Region ER_IROM0 (Base: 0x00000000, Size: 0x000000c4, Max: 0x000002fc, ABSOLUTE)

    Base Addr    Size         Type   Attr      Idx    E Section Name        Object

    0x00000000   0x000000c4   Data   RO         4080    RESET               BUILD/LPC1768/ARMC6/mbed-os/targets/TARGET_NXP/TARGET_LPC176X/device/TOOLCHAIN_ARM_STD/startup_LPC17xx.o


    Execution Region ER_CRP (Base: 0x000002fc, Size: 0x00000004, Max: 0x00000004, ABSOLUTE, FIXED)

    Base Addr    Size         Type   Attr      Idx    E Section Name        Object

    0x000002fc   0x00000004   Data   RO         4079    .CRPSection         BUILD/LPC1768/ARMC6/mbed-os/targets/TARGET_NXP/TARGET_LPC176X/device/CRP.o


    Execution Region ER_IROM1 (Base: 0x00000300, Size: 0x00045c98, Max: 0x0007fd00, ABSOLUTE, FIXED)

    Base Addr    Size         Type   Attr      Idx    E Section Name        Object

    0x00000300   0x00000008   Code   RO         5422  * !!!main             /Library/Application Support/Mbed Studio/mbed-studio-tools/ac6/bin/../lib/armlib/c_w.l(__main.o)
    0x00000308   0x00000034   Code   RO         6085    !!!scatter          /Library/Application Support/Mbed Studio/mbed-studio-tools/ac6/bin/../lib/armlib/c_w.l(__scatter.o)
    0x0000033c   0x0000003a   Code   RO         6083    !!dczerorl          /Library/Application Support/Mbed Studio/mbed-studio-tools/ac6/bin/../lib/armlib/c_w.l(__dczerorl.o)
    0x00000376   0x00000002   PAD
    0x00000378   0x0000001c   Code   RO         6087    !!handler_zi        /Library/Application Support/Mbed Studio/mbed-studio-tools/ac6/bin/../lib/armlib/c_w.l(__scatter_zi.o)
    0x00000394   0x00000000   Code   RO         5319    .ARM.Collect$$_printf_percent$$00000000  /Library/Application Support/Mbed Studio/mbed-studio-tools/ac6/bin/../lib/armlib/c_w.l(_printf_percent.o)
    0x00000394   0x00000006   Code   RO         5623    .ARM.Collect$$_printf_percent$$00000001  /Library/Application Support/Mbed Studio/mbed-studio-tools/ac6/bin/../lib/armlib/c_w.l(_printf_n.o)
    0x0000039a   0x00000006   Code   RO         5315    .ARM.Collect$$_printf_percent$$00000002  /Library/Application Support/Mbed Studio/mbed-studio-tools/ac6/bin/../lib/armlib/c_w.l(_printf_p.o)
    0x000003a0   0x00000006   Code   RO         5318    .ARM.Collect$$_printf_percent$$00000003  /Library/Application Support/Mbed Studio/mbed-studio-tools/ac6/bin/../lib/armlib/c_w.l(_printf_f.o)
    0x000003a6   0x00000006   Code   RO         5626    .ARM.Collect$$_printf_percent$$00000004  /Library/Application Support/Mbed Studio/mbed-studio-tools/ac6/bin/../lib/armlib/c_w.l(_printf_e.o)
    0x000003ac   0x00000006   Code   RO         5627    .ARM.Collect$$_printf_percent$$00000005  /Library/Application Support/Mbed Studio/mbed-studio-tools/ac6/bin/../lib/armlib/c_w.l(_printf_g.o)
    0x000003b2   0x00000006   Code   RO         5628    .ARM.Collect$$_printf_percent$$00000006  /Library/Application Support/Mbed Studio/mbed-studio-tools/ac6/bin/../lib/armlib/c_w.l(_printf_a.o)
    0x000003b8   0x0000000a   Code   RO         5633    .ARM.Collect$$_printf_percent$$00000007  /Library/Application Support/Mbed Studio/mbed-studio-tools/ac6/bin/../lib/armlib/c_w.l(_printf_ll.o)
    0x000003c2   0x00000006   Code   RO         5625    .ARM.Collect$$_printf_percent$$00000008  /Library/Application Support/Mbed Studio/mbed-studio-tools/ac6/bin/../lib/armlib/c_w.l(_printf_i.o)
    0x000003c8   0x00000006   Code   RO         5316    .ARM.Collect$$_printf_percent$$00000009  /Library/Application Support/Mbed Studio/mbed-studio-tools/ac6/bin/../lib/armlib/c_w.l(_printf_d.o)
    0x000003ce   0x00000006   Code   RO         5317    .ARM.Collect$$_printf_percent$$0000000A  /Library/Application Support/Mbed Studio/mbed-studio-tools/ac6/bin/../lib/armlib/c_w.l(_printf_u.o)
    0x000003d4   0x00000006   Code   RO         5624    .ARM.Collect$$_printf_percent$$0000000B  /Library/Application Support/Mbed Studio/mbed-studio-tools/ac6/bin/../lib/armlib/c_w.l(_printf_o.o)
    0x000003da   0x00000006   Code   RO         5314    .ARM.Collect$$_printf_percent$$0000000C  /Library/Application Support/Mbed Studio/mbed-studio-tools/ac6/bin/../lib/armlib/c_w.l(_printf_x.o)
    0x000003e0   0x00000006   Code   RO         5630    .ARM.Collect$$_printf_percent$$0000000D  /Library/Application Support/Mbed Studio/mbed-studio-tools/ac6/bin/../lib/armlib/c_w.l(_printf_lli.o)
    0x000003e6   0x00000006   Code   RO         5631    .ARM.Collect$$_printf_percent$$0000000E  /Library/Application Support/Mbed Studio/mbed-studio-tools/ac6/bin/../lib/armlib/c_w.l(_printf_lld.o)
[...]
    0x00010ab2   0x00000002   PAD
    0x00010ab4   0x00000004   Code   RO         1909    .text._ZN4mbed16FileSystemHandle4openEPPNS_9DirHandleEPKc  BUILD/LPC1768/ARMC6/mbed-os/platform/source/FileSystemHandle.o
    0x00010ab8   0x00000004   Code   RO         1915    .text._ZN4mbed16FileSystemHandle4statEPKcP4stat  BUILD/LPC1768/ARMC6/mbed-os/platform/source/FileSystemHandle.o
    0x00010abc   0x00000004   Code   RO         1917    .text._ZN4mbed16FileSystemHandle5mkdirEPKcj  BUILD/LPC1768/ARMC6/mbed-os/platform/source/FileSystemHandle.o
    0x00010ac0   0x00000004   Code   RO         1911    .text._ZN4mbed16FileSystemHandle6removeEPKc  BUILD/LPC1768/ARMC6/mbed-os/platform/source/FileSystemHandle.o
    0x00010ac4   0x00000004   Code   RO         1913    .text._ZN4mbed16FileSystemHandle6renameEPKcS2_  BUILD/LPC1768/ARMC6/mbed-os/platform/source/FileSystemHandle.o
    0x00010ac8   0x00000008   Code   RO         1919    .text._ZN4mbed16FileSystemHandle7statvfsEPKcP7statvfs  BUILD/LPC1768/ARMC6/mbed-os/platform/source/FileSystemHandle.o
    0x00010ad0   0x00000002   Code   RO         1925    .text._ZN4mbed16FileSystemHandleD0Ev  BUILD/LPC1768/ARMC6/mbed-os/platform/source/FileSystemHandle.o
    0x00010ad2   0x00000002   Code   RO         1923    .text._ZN4mbed16FileSystemHandleD2Ev  BUILD/LPC1768/ARMC6/mbed-os/platform/source/FileSystemHandle.o
    0x00010ad4   0x00000070   Code   RO         2605    .text._ZN4mbed16mbed_file_handleEi  BUILD/LPC1768/ARMC6/mbed-os/platform/source/mbed_retarget.o
    0x00010b44   0x00000038   Code   RO         2585    .text._ZN4mbed17remove_filehandleEPNS_10FileHandleE  BUILD/LPC1768/ARMC6/mbed-os/platform/source/mbed_retarget.o
    0x00010b7c   0x0000000c   Code   RO         1828    .text._ZN4mbed19CriticalSectionLockC2Ev  BUILD/LPC1768/ARMC6/mbed-os/platform/source/CriticalSectionLock.o
    0x00010b88   0x0000000c   Code   RO         1830    .text._ZN4mbed19CriticalSectionLockD2Ev  BUILD/LPC1768/ARMC6/mbed-os/platform/source/CriticalSectionLock.o
    0x00010b94   0x00000006   Code   RO         2615    .text._ZN4mbed26mbed_set_unbuffered_streamEPSt6__FILE  BUILD/LPC1768/ARMC6/mbed-os/platform/source/mbed_retarget.o
    0x00010b9a   0x00000026   Code   RO         3865    .text._ZN4mbed3Dir4openEPNS_10FileSystemEPKc  BUILD/LPC1768/ARMC6/mbed-os/storage/filesystem/source/Dir.o
    0x00010bc0   0x00000020   Code   RO         3869    .text._ZN4mbed3Dir4readEP6dirent  BUILD/LPC1768/ARMC6/mbed-os/storage/filesystem/source/Dir.o
    0x00010be0   0x00000010   Code   RO         3871    .text._ZN4mbed3Dir4seekEl  BUILD/LPC1768/ARMC6/mbed-os/storage/filesystem/source/Dir.o
    0x00010bf0   0x0000000c   Code   RO         3877    .text._ZN4mbed3Dir4sizeEv  BUILD/LPC1768/ARMC6/mbed-os/storage/filesystem/source/Dir.o
    0x00010bfc   0x0000000c   Code   RO         3873    .text._ZN4mbed3Dir4tellEv  BUILD/LPC1768/ARMC6/mbed-os/storage/filesystem/source/Dir.o
    0x00010c08   0x0000001c   Code   RO         3867    .text._ZN4mbed3Dir5closeEv  BUILD/LPC1768/ARMC6/mbed-os/storage/filesystem/source/Dir.o
    0x00010c24   0x0000000c   Code   RO         3875    .text._ZN4mbed3Dir6rewindEv  BUILD/LPC1768/ARMC6/mbed-os/storage/filesystem/source/Dir.o
    0x00010c30   0x00000010   Code   RO         3857    .text._ZN4mbed3DirC2Ev  BUILD/LPC1768/ARMC6/mbed-os/storage/filesystem/source/Dir.o
    0x00010c40   0x0000000e   Code   RO         3863    .text._ZN4mbed3DirD0Ev  BUILD/LPC1768/ARMC6/mbed-os/storage/filesystem/source/Dir.o
    0x00010c4e   0x00000002   PAD
    0x00010c50   0x0000001c   Code   RO         3861    .text._ZN4mbed3DirD2Ev  BUILD/LPC1768/ARMC6/mbed-os/storage/filesystem/source/Dir.o
    0x00010c6c   0x0000004c   Code   RO         1148    .text._ZN4mbed3SPI13_do_constructEv  BUILD/LPC1768/ARMC6/mbed-os/drivers/source/SPI.o
    0x00010cb8   0x0000001e   Code   RO         1186    .text._ZN4mbed3SPI23set_default_write_valueEc  BUILD/LPC1768/ARMC6/mbed-os/drivers/source/SPI.o
    0x00010cd6   0x00000008   Code   RO         1182    .text._ZN4mbed3SPI4lockEv  BUILD/LPC1768/ARMC6/mbed-os/drivers/source/SPI.o
    0x00010cde   0x00000032   Code   RO         1178    .text._ZN4mbed3SPI5writeEPKciPci  BUILD/LPC1768/ARMC6/mbed-os/drivers/source/SPI.o
    0x00010d10   0x00000020   Code   RO         1172    .text._ZN4mbed3SPI5writeEi  BUILD/LPC1768/ARMC6/mbed-os/drivers/source/SPI.o
    0x00010d30   0x0000003c   Code   RO         1166    .text._ZN4mbed3SPI6formatEii  BUILD/LPC1768/ARMC6/mbed-os/drivers/source/SPI.o
    0x00010d6c   0x0000002e   Code   RO         1174    .text._ZN4mbed3SPI6selectEv  BUILD/LPC1768/ARMC6/mbed-os/drivers/source/SPI.o
    0x00010d9a   0x00000008   Code   RO         1184    .text._ZN4mbed3SPI6unlockEv  BUILD/LPC1768/ARMC6/mbed-os/drivers/source/SPI.o
    0x00010da2   0x00000002   PAD
    0x00010da4   0x00000038   Code   RO         1158    .text._ZN4mbed3SPI7_lookupENS0_7SPINameE  BUILD/LPC1768/ARMC6/mbed-os/drivers/source/SPI.o
    0x00010ddc   0x00000030   Code   RO         1168    .text._ZN4mbed3SPI8_acquireEv  BUILD/LPC1768/ARMC6/mbed-os/drivers/source/SPI.o
    0x00010e0c   0x00000016   Code   RO         1146    .text._ZN4mbed3SPI8_do_initEPS0_  BUILD/LPC1768/ARMC6/mbed-os/drivers/source/SPI.o
    0x00010e22   0x00000020   Code   RO         1176    .text._ZN4mbed3SPI8deselectEv  BUILD/LPC1768/ARMC6/mbed-os/drivers/source/SPI.o
    0x00010e42   0x00000034   Code   RO         1170    .text._ZN4mbed3SPI9frequencyEi  BUILD/LPC1768/ARMC6/mbed-os/drivers/source/SPI.o
    0x00010e76   0x00000002   PAD
    0x00010e78   0x00000034   Code   RO         1150    .text._ZN4mbed3SPIC2E7PinNameS1_S1_S1_NS_15use_gpio_ssel_tE  BUILD/LPC1768/ARMC6/mbed-os/drivers/source/SPI.o
    0x00010eac   0x0000000e   Code   RO         1164    .text._ZN4mbed3SPID0Ev  BUILD/LPC1768/ARMC6/mbed-os/drivers/source/SPI.o
    0x00010eba   0x00000002   PAD
    0x00010ebc   0x0000002c   Code   RO         1162    .text._ZN4mbed3SPID2Ev  BUILD/LPC1768/ARMC6/mbed-os/drivers/source/SPI.o
    0x00010ee8   0x00000026   Code   RO         3890    .text._ZN4mbed4File4openEPNS_10FileSystemEPKci  BUILD/LPC1768/ARMC6/mbed-os/storage/filesystem/source/File.o
    0x00010f0e   0x00000012   Code   RO         3894    .text._ZN4mbed4File4readEPvj  BUILD/LPC1768/ARMC6/mbed-os/storage/filesystem/source/File.o
    0x00010f20   0x00000012   Code   RO         3902    .text._ZN4mbed4File4seekEli  BUILD/LPC1768/ARMC6/mbed-os/storage/filesystem/source/File.o
    0x00010f32   0x0000000c   Code   RO         3908    .text._ZN4mbed4File4sizeEv  BUILD/LPC1768/ARMC6/mbed-os/storage/filesystem/source/File.o
    0x00010f3e   0x0000000c   Code   RO         3898    .text._ZN4mbed4File4syncEv  BUILD/LPC1768/ARMC6/mbed-os/storage/filesystem/source/File.o
    0x00010f4a   0x0000000c   Code   RO         3904    .text._ZN4mbed4File4tellEv  BUILD/LPC1768/ARMC6/mbed-os/storage/filesystem/source/File.o
    0x00010f56   0x0000001c   Code   RO         3892    .text._ZN4mbed4File5closeEv  BUILD/LPC1768/ARMC6/mbed-os/storage/filesystem/source/File.o
    0x00010f72   0x00000012   Code   RO         3896    .text._ZN4mbed4File5writeEPKvj  BUILD/LPC1768/ARMC6/mbed-os/storage/filesystem/source/File.o
    0x00010f84   0x0000000c   Code   RO         3900    .text._ZN4mbed4File6isattyEv  BUILD/LPC1768/ARMC6/mbed-os/storage/filesystem/source/File.o
    0x00010f90   0x0000000c   Code   RO         3906    .text._ZN4mbed4File6rewindEv  BUILD/LPC1768/ARMC6/mbed-os/storage/filesystem/source/File.o
    0x00010f9c   0x00000010   Code   RO         3910    .text._ZN4mbed4File8truncateEl  BUILD/LPC1768/ARMC6/mbed-os/storage/filesystem/source/File.o
    0x00010fac   0x00000010   Code   RO         3882    .text._ZN4mbed4FileC2Ev  BUILD/LPC1768/ARMC6/mbed-os/storage/filesystem/source/File.o
    0x00010fbc   0x0000000e   Code   RO         3888    .text._ZN4mbed4FileD0Ev  BUILD/LPC1768/ARMC6/mbed-os/storage/filesystem/source/File.o
    0x00010fca   0x00000002   PAD
    0x00010fcc   0x0000001c   Code   RO         3886    .text._ZN4mbed4FileD2Ev  BUILD/LPC1768/ARMC6/mbed-os/storage/filesystem/source/File.o
    0x00010fe8   0x00000002   Code   RO          769    .text._ZN4mbed5BusIn4lockEv  BUILD/LPC1768/ARMC6/mbed-os/drivers/source/BusIn.o
    0x00010fea   0x00000030   Code   RO          767    .text._ZN4mbed5BusIn4modeE7PinMode  BUILD/LPC1768/ARMC6/mbed-os/drivers/source/BusIn.o
    0x0001101a   0x00000002   Code   RO          771    .text._ZN4mbed5BusIn6unlockEv  BUILD/LPC1768/ARMC6/mbed-os/drivers/source/BusIn.o
    0x0001101c   0x00000094   Code   RO          757    .text._ZN4mbed5BusInC2E7PinNameS1_S1_S1_S1_S1_S1_S1_S1_S1_S1_S1_S1_S1_S1_S1_  BUILD/LPC1768/ARMC6/mbed-os/drivers/source/BusIn.o
    0x000110b0   0x0000000e   Code   RO          763    .text._ZN4mbed5BusInD0Ev  BUILD/LPC1768/ARMC6/mbed-os/drivers/source/BusIn.o
    0x000110be   0x00000002   PAD
    0x000110c0   0x00000030   Code   RO          761    .text._ZN4mbed5BusInD2Ev  BUILD/LPC1768/ARMC6/mbed-os/drivers/source/BusIn.o
    0x000110f0   0x00000008   Code   RO          775    .text._ZN4mbed5BusInixEi  BUILD/LPC1768/ARMC6/mbed-os/drivers/source/BusIn.o
    0x000110f8   0x00000016   Code   RO         1354    .text._ZN4mbed5TimerC2Ev  BUILD/LPC1768/ARMC6/mbed-os/drivers/source/Timer.o
    0x0001110e   0x00000002   Code   RO         2064    .text._ZN4mbed6Stream4lockEv  BUILD/LPC1768/ARMC6/mbed-os/platform/source/Stream.o
    0x00011110   0x0000003a   Code   RO         2026    .text._ZN4mbed6Stream4readEPvj  BUILD/LPC1768/ARMC6/mbed-os/platform/source/Stream.o
    0x0001114a   0x00000004   Code   RO         2028    .text._ZN4mbed6Stream4seekEli  BUILD/LPC1768/ARMC6/mbed-os/platform/source/Stream.o
    0x0001114e   0x00000004   Code   RO         2038    .text._ZN4mbed6Stream4sizeEv  BUILD/LPC1768/ARMC6/mbed-os/platform/source/Stream.o
    0x00011152   0x00000004   Code   RO         2036    .text._ZN4mbed6Stream4syncEv  BUILD/LPC1768/ARMC6/mbed-os/platform/source/Stream.o
    0x00011156   0x00000004   Code   RO         2030    .text._ZN4mbed6Stream4tellEv  BUILD/LPC1768/ARMC6/mbed-os/platform/source/Stream.o
    0x0001115a   0x00000004   Code   RO         2022    .text._ZN4mbed6Stream5closeEv  BUILD/LPC1768/ARMC6/mbed-os/platform/source/Stream.o
    0x0001115e   0x0000003a   Code   RO         2024    .text._ZN4mbed6Stream5writeEPKvj  BUILD/LPC1768/ARMC6/mbed-os/platform/source/Stream.o
    0x00011198   0x00000004   Code   RO         2034    .text._ZN4mbed6Stream6isattyEv  BUILD/LPC1768/ARMC6/mbed-os/platform/source/Stream.o
    0x0001119c   0x00000030   Code   RO         2040    .text._ZN4mbed6Stream6printfEPKcz  BUILD/LPC1768/ARMC6/mbed-os/platform/source/Stream.o
    0x000111cc   0x00000002   Code   RO         2032    .text._ZN4mbed6Stream6rewindEv  BUILD/LPC1768/ARMC6/mbed-os/platform/source/Stream.o
    0x000111ce   0x00000002   Code   RO         2066    .text._ZN4mbed6Stream6unlockEv  BUILD/LPC1768/ARMC6/mbed-os/platform/source/Stream.o
    0x000111d0   0x00000048   Code   RO         2004    .text._ZN4mbed6StreamC2EPKc  BUILD/LPC1768/ARMC6/mbed-os/platform/source/Stream.o
    0x00011218   0x00000002   Code   RO         2010    .text._ZN4mbed6StreamD0Ev  BUILD/LPC1768/ARMC6/mbed-os/platform/source/Stream.o
    0x0001121a   0x00000002   PAD
    0x0001121c   0x00000028   Code   RO         2006    .text._ZN4mbed6StreamD2Ev  BUILD/LPC1768/ARMC6/mbed-os/platform/source/Stream.o
    0x00011244   0x00000020   Code   RO         1298    .text._ZN4mbed6TickerC2Ev  BUILD/LPC1768/ARMC6/mbed-os/drivers/source/Ticker.o
    0x00011264   0x00000040   Code   RO         2617    .text._ZN4mbed6fdopenEPNS_10FileHandleEPKc  BUILD/LPC1768/ARMC6/mbed-os/platform/source/mbed_retarget.o
    0x000112a4   0x00000016   Code   RO         3991    .text._ZN4mbed7ManagedINS_3DirEE5closeEv  BUILD/LPC1768/ARMC6/mbed-os/storage/filesystem/source/FileSystem.o
    0x000112ba   0x00000002   PAD
    0x000112bc   0x00000014   Code   RO         3971    .text._ZN4mbed7ManagedINS_3DirEEC2Ev  BUILD/LPC1768/ARMC6/mbed-os/storage/filesystem/source/FileSystem.o
    0x000112d0   0x0000000e   Code   RO         3989    .text._ZN4mbed7ManagedINS_3DirEED0Ev  BUILD/LPC1768/ARMC6/mbed-os/storage/filesystem/source/FileSystem.o
    0x000112de   0x00000016   Code   RO         3987    .text._ZN4mbed7ManagedINS_4FileEE5closeEv  BUILD/LPC1768/ARMC6/mbed-os/storage/filesystem/source/FileSystem.o
    0x000112f4   0x00000014   Code   RO         3969    .text._ZN4mbed7ManagedINS_4FileEEC2Ev  BUILD/LPC1768/ARMC6/mbed-os/storage/filesystem/source/FileSystem.o
    0x00011308   0x0000000e   Code   RO         3985    .text._ZN4mbed7ManagedINS_4FileEED0Ev  BUILD/LPC1768/ARMC6/mbed-os/storage/filesystem/source/FileSystem.o
    0x00011316   0x00000006   Code   RO         3854    .text._ZN4mbed8CallbackIFvPKcEE11target_callIPS3_EEvPKNS_6detail12CallbackBaseES2_  BUILD/LPC1768/ARMC6/mbed-os/storage/filesystem/fat/source/FATFileSystem.o
    0x0001131c   0x00000004   Code   RO         4783    .text._ZN4mbed8CallbackIFvvEE11target_callIPS1_EEvPKNS_6detail12CallbackBaseE  BUILD/LPC1768/ARMC6/utilities/audio/gameMusic.o
    0x00011320   0x00000004   Code   RO          748    .text._ZN4mbed8CallbackIFvvEE11target_callIZNS2_C1IPNS_14BufferedSerialEMS5_FvvELi0EEET_T0_EUlvE_EEvPKNS_6detail12CallbackBaseE  BUILD/LPC1768/ARMC6/mbed-os/drivers/source/BufferedSerial.o
    0x00011324   0x0000006c   Code   RO         1862    .text._ZN4mbed8FileBase6lookupEPKcj  BUILD/LPC1768/ARMC6/mbed-os/platform/source/FileBase.o
    0x00011390   0x00000040   Code   RO         1852    .text._ZN4mbed8FileBaseC2EPKcNS_8PathTypeE  BUILD/LPC1768/ARMC6/mbed-os/platform/source/FileBase.o
    0x000113d0   0x0000000e   Code   RO         1858    .text._ZN4mbed8FileBaseD0Ev  BUILD/LPC1768/ARMC6/mbed-os/platform/source/FileBase.o
    0x000113de   0x00000002   PAD
    0x000113e0   0x00000050   Code   RO         1854    .text._ZN4mbed8FileBaseD2Ev  BUILD/LPC1768/ARMC6/mbed-os/platform/source/FileBase.o
    0x00011430   0x0000002c   Code   RO         2062    .text._ZN4mbed8FileLikeC2EPKc  BUILD/LPC1768/ARMC6/mbed-os/platform/source/Stream.o
    0x0001145c   0x00000002   Code   RO         2070    .text._ZN4mbed8FileLikeD0Ev  BUILD/LPC1768/ARMC6/mbed-os/platform/source/Stream.o
    0x0001145e   0x0000000e   Code   RO         2068    .text._ZN4mbed8FileLikeD2Ev  BUILD/LPC1768/ARMC6/mbed-os/platform/source/Stream.o
    0x0001146c   0x00000018   Code   RO         1899    .text._ZN4mbed8FilePath10fileSystemEv  BUILD/LPC1768/ARMC6/mbed-os/platform/source/FilePath.o
    0x00011484   0x00000018   Code   RO         1897    .text._ZN4mbed8FilePath12isFileSystemEv  BUILD/LPC1768/ARMC6/mbed-os/platform/source/FilePath.o
    0x0001149c   0x00000018   Code   RO         1903    .text._ZN4mbed8FilePath4fileEv  BUILD/LPC1768/ARMC6/mbed-os/platform/source/FilePath.o
    0x000114b4   0x0000000a   Code   RO         1905    .text._ZN4mbed8FilePath6existsEv  BUILD/LPC1768/ARMC6/mbed-os/platform/source/FilePath.o
    0x000114be   0x00000016   Code   RO         1901    .text._ZN4mbed8FilePath6isFileEv  BUILD/LPC1768/ARMC6/mbed-os/platform/source/FilePath.o
    0x000114d4   0x0000003c   Code   RO         1893    .text._ZN4mbed8FilePathC2EPKc  BUILD/LPC1768/ARMC6/mbed-os/platform/source/FilePath.o
    0x00011510   0x0000001c   Code   RO         2531    .text._ZN4mbed8internal13init_os_timerEv  BUILD/LPC1768/ARMC6/mbed-os/platform/source/mbed_os_timer.o
    0x0001152c   0x00000054   Code   RO         2541    .text._ZN4mbed8internal18do_sleep_operationINS0_18timed_predicate_opEEEvRT_  BUILD/LPC1768/ARMC6/mbed-os/platform/source/mbed_os_timer.o
    0x00011580   0x00000014   Code   RO         2553    .text._ZN4mbed8internal18timed_predicate_op13sleep_prepareEv  BUILD/LPC1768/ARMC6/mbed-os/platform/source/mbed_os_timer.o
    0x00011594   0x00000010   Code   RO         2543    .text._ZN4mbed8internal18timed_predicate_opD2Ev  BUILD/LPC1768/ARMC6/mbed-os/platform/source/mbed_os_timer.o
    0x000115a4   0x00000052   Code   RO         2537    .text._ZN4mbed8internal34do_timed_sleep_relative_or_foreverENSt3__26chrono8durationIjNS1_5ratioILx1ELx1000EEEEEPFbPvES7_  BUILD/LPC1768/ARMC6/mbed-os/platform/source/mbed_os_timer.o
    0x000115f6   0x00000002   PAD
    0x000115f8   0x00000010   Code   RO         2555    .text._ZN4mbed8internal7OsClock13set_wake_timeENSt3__26chrono10time_pointIS1_NS3_8durationIxNS2_5ratioILx1ELx1000EEEEEEE  BUILD/LPC1768/ARMC6/mbed-os/platform/source/mbed_os_timer.o
    0x00011608   0x0000001a   Code   RO         2549    .text._ZN4mbed8internal7OsClock3nowEv  BUILD/LPC1768/ARMC6/mbed-os/platform/source/mbed_os_timer.o
    0x00011622   0x0000001a   Code   RO         2135    .text._ZN4mbed8internal8SysTimerINSt3__25ratioILx1ELx1000EEELb1EE11cancel_wakeEv  BUILD/LPC1768/ARMC6/mbed-os/platform/source/SysTimer.o
    0x0001163c   0x00000048   Code   RO         2139    .text._ZN4mbed8internal8SysTimerINSt3__25ratioILx1ELx1000EEELb1EE13set_wake_timeENS2_6chrono10time_pointIS5_NS6_8durationIyS4_EEEE  BUILD/LPC1768/ARMC6/mbed-os/platform/source/SysTimer.o
    0x00011684   0x00000004   Code   RO         2153    .text._ZN4mbed8internal8SysTimerINSt3__25ratioILx1ELx1000EEELb1EE14_schedule_tickEv  BUILD/LPC1768/ARMC6/mbed-os/platform/source/SysTimer.o
    0x00011688   0x00000012   Code   RO         2141    .text._ZN4mbed8internal8SysTimerINSt3__25ratioILx1ELx1000EEELb1EE19update_and_get_tickEv  BUILD/LPC1768/ARMC6/mbed-os/platform/source/SysTimer.o
    0x0001169a   0x00000002   PAD
    0x0001169c   0x00000038   Code   RO         2171    .text._ZN4mbed8internal8SysTimerINSt3__25ratioILx1ELx1000EEELb1EE7handlerEv  BUILD/LPC1768/ARMC6/mbed-os/platform/source/SysTimer.o
    0x000116d4   0x0000001c   Code   RO         2127    .text._ZN4mbed8internal8SysTimerINSt3__25ratioILx1ELx1000EEELb1EEC2EPK13ticker_data_t  BUILD/LPC1768/ARMC6/mbed-os/platform/source/SysTimer.o
    0x000116f0   0x00000002   Code   RO         4779    .text._ZN4mbed9AnalogOut4lockEv  BUILD/LPC1768/ARMC6/utilities/audio/gameMusic.o
    0x000116f2   0x00000002   Code   RO         4781    .text._ZN4mbed9AnalogOut6unlockEv  BUILD/LPC1768/ARMC6/utilities/audio/gameMusic.o
    0x000116f4   0x0000001a   Code   RO          630    .text._ZN4mbed9AnalogOut9write_u16Et  BUILD/LPC1768/ARMC6/mbed-os/drivers/source/AnalogOut.o
    0x0001170e   0x00000002   PAD
    0x00011710   0x00000018   Code   RO         4773    .text._ZN4mbed9AnalogOutC2E7PinName  BUILD/LPC1768/ARMC6/utilities/audio/gameMusic.o
    0x00011728   0x0000000e   Code   RO         4777    .text._ZN4mbed9AnalogOutD0Ev  BUILD/LPC1768/ARMC6/utilities/audio/gameMusic.o
    0x00011736   0x00000002   PAD
    0x00011738   0x0000001c   Code   RO         4775    .text._ZN4mbed9AnalogOutD2Ev  BUILD/LPC1768/ARMC6/utilities/audio/gameMusic.o
    0x00011754   0x0000001a   Code   RO          909    .text._ZN4mbed9DigitalIn4modeE7PinMode  BUILD/LPC1768/ARMC6/mbed-os/drivers/source/DigitalIn.o
    0x0001176e   0x00000018   Code   RO          779    .text._ZN4mbed9DigitalInC2E7PinName  BUILD/LPC1768/ARMC6/mbed-os/drivers/source/BusIn.o
    0x00011786   0x00000032   Code   RO         1338    .text._ZN4mbed9TimerBase4stopEv  BUILD/LPC1768/ARMC6/mbed-os/drivers/source/Timer.o
    0x000117b8   0x00000022   Code   RO         1328    .text._ZN4mbed9TimerBase5resetEv  BUILD/LPC1768/ARMC6/mbed-os/drivers/source/Timer.o
    0x000117da   0x0000002c   Code   RO         1336    .text._ZN4mbed9TimerBase5startEv  BUILD/LPC1768/ARMC6/mbed-os/drivers/source/Timer.o
    0x00011806   0x0000001e   Code   RO         1326    .text._ZN4mbed9TimerBaseC2EPK13ticker_data_tb  BUILD/LPC1768/ARMC6/mbed-os/drivers/source/Timer.o
    0x00011824   0x00000014   Code   RO         1334    .text._ZN4mbed9TimerBaseD2Ev  BUILD/LPC1768/ARMC6/mbed-os/drivers/source/Timer.o
    0x00011838   0x00000014   Code   RO         3775    .text._ZN4mbedL15fat_error_remapE7FRESULT  BUILD/LPC1768/ARMC6/mbed-os/storage/filesystem/fat/source/FATFileSystem.o
    0x0001184c   0x00000050   Code   RO         3789    .text._ZN4mbedL15fat_path_prefixEiPKc  BUILD/LPC1768/ARMC6/mbed-os/storage/filesystem/fat/source/FATFileSystem.o
    0x0001189c   0x00000020   Code   RO         3755    .text._ZN4mbedL20disk_get_sector_sizeEh  BUILD/LPC1768/ARMC6/mbed-os/storage/filesystem/fat/source/FATFileSystem.o
    0x000118bc   0x00000008   Code   RO         3829    .text._ZN4mbedL8dodeleteEPKc  BUILD/LPC1768/ARMC6/mbed-os/storage/filesystem/fat/source/FATFileSystem.o
    0x000118c4   0x00000012   Code   RO          754    .text._ZN4mstd4impl6INVOKEIN4mbed14BufferedSerialEFvvERKPS3_JEEENSt3__29enable_ifIXaaaasr3std11is_functionIT0_EE5valuentsr3std10is_base_ofIT_NS8_5decayIT1_E4typeEEE5valuentsr20is_reference_wrapperISF_EE5valueEDTcldsdeclsr3stdE7forwardISD_Efp0_Efp_spclsr3stdE7forwardIT2_Efp1_EEEE4typeEMSB_SA_OSD_DpOSG_  BUILD/LPC1768/ARMC6/mbed-os/drivers/source/BufferedSerial.o
    0x000118d6   0x0000000c   Code   RO          752    .text._ZN4mstd6invokeIRKMN4mbed14BufferedSerialEFvvEJRKPS2_EEENS_13invoke_resultIT_JDpT0_EE4typeEOSB_DpOSC_  BUILD/LPC1768/ARMC6/mbed-os/drivers/source/BufferedSerial.o
    0x000118e2   0x00000004   Code   RO         3023    .text._ZN4rtos10ThisThread9sleep_forENSt3__26chrono8durationIjNS1_5ratioILx1ELx1000EEEEE  BUILD/LPC1768/ARMC6/mbed-os/rtos/source/ThisThread.o
    0x000118e6   0x00000010   Code   RO         4628    .text._ZN9uLCD_4DGL10freeBUFFEREv  BUILD/LPC1768/ARMC6/utilities/4DGL-uLCD-SE/uLCD_4DGL_main.o
    0x000118f6   0x0000005e   Code   RO         4630    .text._ZN9uLCD_4DGL12writeCOMMANDEPci  BUILD/LPC1768/ARMC6/utilities/4DGL-uLCD-SE/uLCD_4DGL_main.o
    0x00011954   0x00000012   Code   RO         4506    .text._ZN9uLCD_4DGL13filled_circleEiiii  BUILD/LPC1768/ARMC6/utilities/4DGL-uLCD-SE/uLCD_4DGL_Graphics.o
    0x00011966   0x00000014   Code   RO         4626    .text._ZN9uLCD_4DGL13writeBYTEfastEc  BUILD/LPC1768/ARMC6/utilities/4DGL-uLCD-SE/uLCD_4DGL_main.o
    0x0001197a   0x00000012   Code   RO         4514    .text._ZN9uLCD_4DGL16filled_rectangleEiiiii  BUILD/LPC1768/ARMC6/utilities/4DGL-uLCD-SE/uLCD_4DGL_Graphics.o
    0x0001198c   0x00000012   Code   RO         4642    .text._ZN9uLCD_4DGL20textbackground_colorEi  BUILD/LPC1768/ARMC6/utilities/4DGL-uLCD-SE/uLCD_4DGL_main.o
    0x0001199e   0x0000002c   Code   RO         4622    .text._ZN9uLCD_4DGL3clsEv  BUILD/LPC1768/ARMC6/utilities/4DGL-uLCD-SE/uLCD_4DGL_main.o
    0x000119ca   0x00000002   PAD
    0x000119cc   0x000000d8   Code   RO         4518    .text._ZN9uLCD_4DGL4BLITEiiiiPi  BUILD/LPC1768/ARMC6/utilities/4DGL-uLCD-SE/uLCD_4DGL_Graphics.o
    0x00011aa4   0x000000c6   Code   RO         4600    .text._ZN9uLCD_4DGL4putcEc  BUILD/LPC1768/ARMC6/utilities/4DGL-uLCD-SE/uLCD_4DGL_Text.o
    0x00011b6a   0x00000006   Code   RO         4673    .text._ZN9uLCD_4DGL5_getcEv  BUILD/LPC1768/ARMC6/utilities/4DGL-uLCD-SE/uLCD_4DGL_main.o
    0x00011b70   0x0000000c   Code   RO         4671    .text._ZN9uLCD_4DGL5_putcEi  BUILD/LPC1768/ARMC6/utilities/4DGL-uLCD-SE/uLCD_4DGL_main.o
    0x00011b7c   0x0000003c   Code   RO         4598    .text._ZN9uLCD_4DGL5colorEi  BUILD/LPC1768/ARMC6/utilities/4DGL-uLCD-SE/uLCD_4DGL_Text.o
    0x00011bb8   0x00000038   Code   RO         4620    .text._ZN9uLCD_4DGL5resetEv  BUILD/LPC1768/ARMC6/utilities/4DGL-uLCD-SE/uLCD_4DGL_main.o
    0x00011bf0   0x00000012   Code   RO         4504    .text._ZN9uLCD_4DGL6circleEiiii  BUILD/LPC1768/ARMC6/utilities/4DGL-uLCD-SE/uLCD_4DGL_Graphics.o
    0x00011c02   0x0000002a   Code   RO         4596    .text._ZN9uLCD_4DGL6locateEcc  BUILD/LPC1768/ARMC6/utilities/4DGL-uLCD-SE/uLCD_4DGL_Text.o
    0x00011c2c   0x000001bc   Code   RO         4638    .text._ZN9uLCD_4DGL8baudrateEi  BUILD/LPC1768/ARMC6/utilities/4DGL-uLCD-SE/uLCD_4DGL_main.o
    0x00011de8   0x00000064   Code   RO         4576    .text._ZN9uLCD_4DGL8set_fontEc  BUILD/LPC1768/ARMC6/utilities/4DGL-uLCD-SE/uLCD_4DGL_Text.o
    0x00011e4c   0x00000070   Code   RO         4508    .text._ZN9uLCD_4DGL8triangleEiiiiiii  BUILD/LPC1768/ARMC6/utilities/4DGL-uLCD-SE/uLCD_4DGL_Graphics.o
    0x00011ebc   0x00000012   Code   RO         4512    .text._ZN9uLCD_4DGL9rectangleEiiiii  BUILD/LPC1768/ARMC6/utilities/4DGL-uLCD-SE/uLCD_4DGL_Graphics.o
    0x00011ece   0x00000016   Code   RO         4580    .text._ZN9uLCD_4DGL9text_boldEc  BUILD/LPC1768/ARMC6/utilities/4DGL-uLCD-SE/uLCD_4DGL_Text.o
    0x00011ee4   0x00000016   Code   RO         4578    .text._ZN9uLCD_4DGL9text_modeEc  BUILD/LPC1768/ARMC6/utilities/4DGL-uLCD-SE/uLCD_4DGL_Text.o
    0x00011efa   0x0000001c   Code   RO         4624    .text._ZN9uLCD_4DGL9writeBYTEEc  BUILD/LPC1768/ARMC6/utilities/4DGL-uLCD-SE/uLCD_4DGL_main.o
    0x00011f16   0x00000002   PAD
    0x00011f18   0x00000080   Code   RO         4618    .text._ZN9uLCD_4DGLC2E7PinNameS0_S0_  BUILD/LPC1768/ARMC6/utilities/4DGL-uLCD-SE/uLCD_4DGL_main.o
    0x00011f98   0x0000000e   Code   RO         4669    .text._ZN9uLCD_4DGLD0Ev  BUILD/LPC1768/ARMC6/utilities/4DGL-uLCD-SE/uLCD_4DGL_main.o
    0x00011fa6   0x00000002   PAD
    0x00011fa8   0x00000028   Code   RO         4667    .text._ZN9uLCD_4DGLD2Ev  BUILD/LPC1768/ARMC6/utilities/4DGL-uLCD-SE/uLCD_4DGL_main.o
    0x00011fd0   0x00000034   Code   RO         2595    .text._ZNK12DirectSerial4pollEs  BUILD/LPC1768/ARMC6/mbed-os/platform/source/mbed_retarget.o
    0x00012004   0x00000014   Code   RO          624    .text._ZNK12SingletonPtrIN4rtos5MutexEE3getEv  BUILD/LPC1768/ARMC6/mbed-os/drivers/source/AnalogIn.o
    0x00012018   0x00000008   Code   RO         3081    .text._ZNK13SDBlockDevice13get_read_sizeEv  BUILD/LPC1768/ARMC6/mbed-os/storage/blockdevice/COMPONENT_SD/source/SDBlockDevice.o
    0x00012020   0x00000008   Code   RO         3083    .text._ZNK13SDBlockDevice16get_program_sizeEv  BUILD/LPC1768/ARMC6/mbed-os/storage/blockdevice/COMPONENT_SD/source/SDBlockDevice.o
    0x00012028   0x0000000e   Code   RO         3085    .text._ZNK13SDBlockDevice4sizeEv  BUILD/LPC1768/ARMC6/mbed-os/storage/blockdevice/COMPONENT_SD/source/SDBlockDevice.o
    0x00012036   0x00000002   PAD
    0x00012038   0x00000008   Code   RO         3087    .text._ZNK13SDBlockDevice8get_typeEv  BUILD/LPC1768/ARMC6/mbed-os/storage/blockdevice/COMPONENT_SD/source/SDBlockDevice.o
    0x00012040   0x00000004   Code   RO         1445    .text._ZNK4mbed10FileHandle11is_blockingEv  BUILD/LPC1768/ARMC6/mbed-os/drivers/source/UnbufferedSerial.o
    0x00012044   0x00000004   Code   RO         1890    .text._ZNK4mbed10FileHandle4pollEs  BUILD/LPC1768/ARMC6/mbed-os/platform/source/FileHandle.o
    0x00012048   0x00000010   Code   RO         4665    .text._ZNK4mbed10FileHandle8readableEv  BUILD/LPC1768/ARMC6/utilities/4DGL-uLCD-SE/uLCD_4DGL_main.o
    0x00012058   0x0000006a   Code   RO         3138    .text._ZNK4mbed11BlockDevice13is_valid_readEyy  BUILD/LPC1768/ARMC6/mbed-os/storage/blockdevice/COMPONENT_SD/source/SDBlockDevice.o
    0x000120c2   0x00000006   Code   RO         3132    .text._ZNK4mbed11BlockDevice14get_erase_sizeEv  BUILD/LPC1768/ARMC6/mbed-os/storage/blockdevice/COMPONENT_SD/source/SDBlockDevice.o
    0x000120c8   0x00000006   Code   RO         3134    .text._ZNK4mbed11BlockDevice14get_erase_sizeEy  BUILD/LPC1768/ARMC6/mbed-os/storage/blockdevice/COMPONENT_SD/source/SDBlockDevice.o
    0x000120ce   0x00000068   Code   RO         3142    .text._ZNK4mbed11BlockDevice14is_valid_eraseEyy  BUILD/LPC1768/ARMC6/mbed-os/storage/blockdevice/COMPONENT_SD/source/SDBlockDevice.o
    0x00012136   0x00000006   Code   RO         3136    .text._ZNK4mbed11BlockDevice15get_erase_valueEv  BUILD/LPC1768/ARMC6/mbed-os/storage/blockdevice/COMPONENT_SD/source/SDBlockDevice.o
    0x0001213c   0x0000006a   Code   RO         3140    .text._ZNK4mbed11BlockDevice16is_valid_programEyy  BUILD/LPC1768/ARMC6/mbed-os/storage/blockdevice/COMPONENT_SD/source/SDBlockDevice.o
    0x000121a6   0x00000006   Code   RO          736    .text._ZNK4mbed14BufferedSerial11is_blockingEv  BUILD/LPC1768/ARMC6/mbed-os/drivers/source/BufferedSerial.o
    0x000121ac   0x00000018   Code   RO          704    .text._ZNK4mbed14BufferedSerial3hupEv  BUILD/LPC1768/ARMC6/mbed-os/drivers/source/BufferedSerial.o
    0x000121c4   0x0000002a   Code   RO          686    .text._ZNK4mbed14BufferedSerial4pollEs  BUILD/LPC1768/ARMC6/mbed-os/drivers/source/BufferedSerial.o
    0x000121ee   0x00000024   Code   RO          728    .text._ZNK4mbed14CircularBufferIcLj256EjE5emptyEv  BUILD/LPC1768/ARMC6/mbed-os/drivers/source/BufferedSerial.o
    0x00012212   0x00000010   Code   RO         2129    .text._ZNK4mbed15TickerDataClock3nowEv  BUILD/LPC1768/ARMC6/mbed-os/platform/source/SysTimer.o
    0x00012222   0x00000002   PAD
    0x00012224   0x00000024   Code   RO         2551    .text._ZNK4mbed8internal18timed_predicate_op14wake_conditionEv  BUILD/LPC1768/ARMC6/mbed-os/platform/source/mbed_os_timer.o
    0x00012248   0x0000003a   Code   RO         2165    .text._ZNK4mbed8internal8SysTimerINSt3__25ratioILx1ELx1000EEELb1EE14_elapsed_ticksEv  BUILD/LPC1768/ARMC6/mbed-os/platform/source/SysTimer.o
    0x00012282   0x00000026   Code   RO         1344    .text._ZNK4mbed9TimerBase12elapsed_timeEv  BUILD/LPC1768/ARMC6/mbed-os/drivers/source/Timer.o
    0x000122a8   0x00000030   Code   RO         1340    .text._ZNK4mbed9TimerBase9slicetimeEv  BUILD/LPC1768/ARMC6/mbed-os/drivers/source/Timer.o
    0x000122d8   0x0000000c   Code   RO          716    .text._ZThn104_N4mbed14BufferedSerial12enable_inputEb  BUILD/LPC1768/ARMC6/mbed-os/drivers/source/BufferedSerial.o
    0x000122e4   0x00000008   Code   RO          744    .text._ZThn104_N4mbed14BufferedSerial12set_blockingEb  BUILD/LPC1768/ARMC6/mbed-os/drivers/source/BufferedSerial.o
    0x000122ec   0x0000000c   Code   RO          720    .text._ZThn104_N4mbed14BufferedSerial13enable_outputEb  BUILD/LPC1768/ARMC6/mbed-os/drivers/source/BufferedSerial.o
    0x000122f8   0x00000006   Code   RO          702    .text._ZThn104_N4mbed14BufferedSerial4readEPvj  BUILD/LPC1768/ARMC6/mbed-os/drivers/source/BufferedSerial.o
    0x000122fe   0x00000002   PAD
    0x00012300   0x00000008   Code   RO          678    .text._ZThn104_N4mbed14BufferedSerial4seekEli  BUILD/LPC1768/ARMC6/mbed-os/drivers/source/BufferedSerial.o
    0x00012308   0x0000000c   Code   RO          682    .text._ZThn104_N4mbed14BufferedSerial4syncEv  BUILD/LPC1768/ARMC6/mbed-os/drivers/source/BufferedSerial.o
    0x00012314   0x00000004   Code   RO          670    .text._ZThn104_N4mbed14BufferedSerial5closeEv  BUILD/LPC1768/ARMC6/mbed-os/drivers/source/BufferedSerial.o
    0x00012318   0x0000000e   Code   RO          688    .text._ZThn104_N4mbed14BufferedSerial5sigioENS_8CallbackIFvvEEE  BUILD/LPC1768/ARMC6/mbed-os/drivers/source/BufferedSerial.o
    0x00012326   0x00000006   Code   RO          698    .text._ZThn104_N4mbed14BufferedSerial5writeEPKvj  BUILD/LPC1768/ARMC6/mbed-os/drivers/source/BufferedSerial.o
    0x0001232c   0x00000004   Code   RO          674    .text._ZThn104_N4mbed14BufferedSerial6isattyEv  BUILD/LPC1768/ARMC6/mbed-os/drivers/source/BufferedSerial.o
    0x00012330   0x00000006   Code   RO          650    .text._ZThn104_N4mbed14BufferedSerialD0Ev  BUILD/LPC1768/ARMC6/mbed-os/drivers/source/BufferedSerial.o
    0x00012336   0x00000006   Code   RO          646    .text._ZThn104_N4mbed14BufferedSerialD1Ev  BUILD/LPC1768/ARMC6/mbed-os/drivers/source/BufferedSerial.o
    0x0001233c   0x00000006   Code   RO          746    .text._ZThn104_NK4mbed14BufferedSerial11is_blockingEv  BUILD/LPC1768/ARMC6/mbed-os/drivers/source/BufferedSerial.o
    0x00012342   0x00000008   Code   RO          706    .text._ZThn104_NK4mbed14BufferedSerial4pollEs  BUILD/LPC1768/ARMC6/mbed-os/drivers/source/BufferedSerial.o
    0x0001234a   0x00000002   Code   RO         3977    .text._ZThn4_N4mbed10FileSystemD0Ev  BUILD/LPC1768/ARMC6/mbed-os/storage/filesystem/source/FileSystem.o
    0x0001234c   0x00000004   Code   RO         3975    .text._ZThn4_N4mbed10FileSystemD1Ev  BUILD/LPC1768/ARMC6/mbed-os/storage/filesystem/source/FileSystem.o
    0x00012350   0x00000006   Code   RO         3769    .text._ZThn4_N4mbed13FATFileSystemD0Ev  BUILD/LPC1768/ARMC6/mbed-os/storage/filesystem/fat/source/FATFileSystem.o
    0x00012356   0x00000006   Code   RO         3765    .text._ZThn4_N4mbed13FATFileSystemD1Ev  BUILD/LPC1768/ARMC6/mbed-os/storage/filesystem/fat/source/FATFileSystem.o
    0x0001235c   0x00000002   Code   RO         3983    .text._ZThn4_N4mbed14FileSystemLikeD0Ev  BUILD/LPC1768/ARMC6/mbed-os/storage/filesystem/source/FileSystem.o
    0x0001235e   0x00000004   Code   RO         3981    .text._ZThn4_N4mbed14FileSystemLikeD1Ev  BUILD/LPC1768/ARMC6/mbed-os/storage/filesystem/source/FileSystem.o
    0x00012362   0x00000002   Code   RO         2012    .text._ZThn4_N4mbed6StreamD0Ev  BUILD/LPC1768/ARMC6/mbed-os/platform/source/Stream.o
    0x00012364   0x00000006   Code   RO         2008    .text._ZThn4_N4mbed6StreamD1Ev  BUILD/LPC1768/ARMC6/mbed-os/platform/source/Stream.o
    0x0001236a   0x00000002   Code   RO         2074    .text._ZThn4_N4mbed8FileLikeD0Ev  BUILD/LPC1768/ARMC6/mbed-os/platform/source/Stream.o
    0x0001236c   0x00000004   Code   RO         2072    .text._ZThn4_N4mbed8FileLikeD1Ev  BUILD/LPC1768/ARMC6/mbed-os/platform/source/Stream.o
    0x00012370   0x00000006   Code   RO         4677    .text._ZThn4_N9uLCD_4DGLD0Ev  BUILD/LPC1768/ARMC6/utilities/4DGL-uLCD-SE/uLCD_4DGL_main.o
    0x00012376   0x00000006   Code   RO         4675    .text._ZThn4_N9uLCD_4DGLD1Ev  BUILD/LPC1768/ARMC6/utilities/4DGL-uLCD-SE/uLCD_4DGL_main.o
    0x0001237c   0x00000008   Code   RO          750    .text._ZZN4mbed8CallbackIFvvEEC1IPNS_14BufferedSerialEMS4_FvvELi0EEET_T0_ENKUlvE_clEv  BUILD/LPC1768/ARMC6/mbed-os/drivers/source/BufferedSerial.o
    0x00012384   0x00000004   Code   RO         2739    .text._ZdaPv        BUILD/LPC1768/ARMC6/mbed-os/platform/source/mbed_retarget.o
    0x00012388   0x00000004   Code   RO         2683    .text._ZdlPv        BUILD/LPC1768/ARMC6/mbed-os/platform/source/mbed_retarget.o
    0x0001238c   0x0000001c   Code   RO         2733    .text._Znaj         BUILD/LPC1768/ARMC6/mbed-os/platform/source/mbed_retarget.o
    0x000123a8   0x00000020   Code   RO         2731    .text._Znwj         BUILD/LPC1768/ARMC6/mbed-os/platform/source/mbed_retarget.o
    0x000123c8   0x00000022   Code   RO         2725    .text.__cxa_guard_acquire  BUILD/LPC1768/ARMC6/mbed-os/platform/source/mbed_retarget.o
    0x000123ea   0x00000002   PAD
    0x000123ec   0x00000028   Code   RO         5536    .text.__cxa_pure_virtual  /Library/Application Support/Mbed Studio/mbed-studio-tools/ac6/bin/../lib/libcxx/libcppabi_w.l(cxa_virtual.cpp.o)
    0x00012414   0x00000004   Code   RO         2661    .text.__user_setup_stackheap  BUILD/LPC1768/ARMC6/mbed-os/platform/source/mbed_retarget.o
    0x00012418   0x00000026   Code   RO         1559    .text._gpio_init_in  BUILD/LPC1768/ARMC6/mbed-os/hal/source/mbed_gpio.o
    0x0001243e   0x00000036   Code   RO         1565    .text._gpio_init_out  BUILD/LPC1768/ARMC6/mbed-os/hal/source/mbed_gpio.o
    0x00012474   0x0000002c   Code   RO         2657    .text._mbed_user_setup_stackheap  BUILD/LPC1768/ARMC6/mbed-os/platform/source/mbed_retarget.o
    0x000124a0   0x00000004   Code   RO         2826    .text._platform_post_stackheap_init  BUILD/LPC1768/ARMC6/mbed-os/platform/source/mbed_sdk_boot.o
    0x000124a4   0x00000108   Code   RO         2514    .text._rtc_localtime  BUILD/LPC1768/ARMC6/mbed-os/platform/source/mbed_mktime.o
    0x000125ac   0x000000c8   Code   RO         2512    .text._rtc_maketime  BUILD/LPC1768/ARMC6/mbed-os/platform/source/mbed_mktime.o
    0x00012674   0x00000004   Code   RO         2625    .text._sys_close    BUILD/LPC1768/ARMC6/mbed-os/platform/source/mbed_retarget.o
    0x00012678   0x00000002   Code   RO         2635    .text._sys_exit     BUILD/LPC1768/ARMC6/mbed-os/platform/source/mbed_retarget.o
    0x0001267a   0x00000026   Code   RO         2655    .text._sys_flen     BUILD/LPC1768/ARMC6/mbed-os/platform/source/mbed_retarget.o
    0x000126a0   0x00000004   Code   RO         2643    .text._sys_istty    BUILD/LPC1768/ARMC6/mbed-os/platform/source/mbed_retarget.o
    0x000126a4   0x00000084   Code   RO         2619    .text._sys_open     BUILD/LPC1768/ARMC6/mbed-os/platform/source/mbed_retarget.o
    0x00012728   0x00000090   Code   RO         2639    .text._sys_read     BUILD/LPC1768/ARMC6/mbed-os/platform/source/mbed_retarget.o
    0x000127b8   0x00000006   Code   RO         2645    .text._sys_seek     BUILD/LPC1768/ARMC6/mbed-os/platform/source/mbed_retarget.o
    0x000127be   0x00000002   PAD
    0x000127c0   0x000000c0   Code   RO         2629    .text._sys_write    BUILD/LPC1768/ARMC6/mbed-os/platform/source/mbed_retarget.o
    0x00012880   0x00000014   Code   RO         2637    .text._ttywrch      BUILD/LPC1768/ARMC6/mbed-os/platform/source/mbed_retarget.o
    0x00012894   0x00000004   Code   RO         5794    .text.abort_message  /Library/Application Support/Mbed Studio/mbed-studio-tools/ac6/bin/../lib/libcxx/libcppabi_w.l(abort_message.cpp.o)
    0x00012898   0x00000034   Code   RO         4012    .text.analogout_init  BUILD/LPC1768/ARMC6/mbed-os/targets/TARGET_NXP/TARGET_LPC176X/analogout_api.o
    0x000128cc   0x00000010   Code   RO         4014    .text.analogout_write_u16  BUILD/LPC1768/ARMC6/mbed-os/targets/TARGET_NXP/TARGET_LPC176X/analogout_api.o
    0x000128dc   0x00000038   Code   RO         2627    .text.close         BUILD/LPC1768/ARMC6/mbed-os/platform/source/mbed_retarget.o
    0x00012914   0x00000028   Code   RO         2687    .text.closedir      BUILD/LPC1768/ARMC6/mbed-os/platform/source/mbed_retarget.o
    0x0001293c   0x0000000c   Code   RO         2408    .text.core_util_are_interrupts_enabled  BUILD/LPC1768/ARMC6/mbed-os/platform/source/mbed_critical.o
    0x00012948   0x00000012   Code   RO         2311    .text.core_util_atomic_decr_u16  BUILD/LPC1768/ARMC6/mbed-os/platform/source/mbed_atomic_impl.o
    0x0001295a   0x00000010   Code   RO         2297    .text.core_util_atomic_exchange_u8  BUILD/LPC1768/ARMC6/mbed-os/platform/source/mbed_atomic_impl.o
    0x0001296a   0x00000014   Code   RO         2295    .text.core_util_atomic_flag_test_and_set  BUILD/LPC1768/ARMC6/mbed-os/platform/source/mbed_atomic_impl.o
    0x0001297e   0x00000012   Code   RO         2305    .text.core_util_atomic_incr_u16  BUILD/LPC1768/ARMC6/mbed-os/platform/source/mbed_atomic_impl.o
    0x00012990   0x00000014   Code   RO         2357    .text.core_util_atomic_load_u64  BUILD/LPC1768/ARMC6/mbed-os/platform/source/mbed_atomic_impl.o
    0x000129a4   0x00000010   Code   RO         2414    .text.core_util_critical_section_enter  BUILD/LPC1768/ARMC6/mbed-os/platform/source/mbed_critical.o
    0x000129b4   0x00000018   Code   RO         2416    .text.core_util_critical_section_exit  BUILD/LPC1768/ARMC6/mbed-os/platform/source/mbed_critical.o
    0x000129cc   0x00000004   Code   RO         2412    .text.core_util_in_critical_section  BUILD/LPC1768/ARMC6/mbed-os/platform/source/mbed_critical.o
    0x000129d0   0x0000000c   Code   RO         2410    .text.core_util_is_isr_active  BUILD/LPC1768/ARMC6/mbed-os/platform/source/mbed_critical.o
    0x000129dc   0x00000014   Code   RO         3751    .text.disk_initialize  BUILD/LPC1768/ARMC6/mbed-os/storage/filesystem/fat/source/FATFileSystem.o
    0x000129f0   0x000000ac   Code   RO         3759    .text.disk_ioctl    BUILD/LPC1768/ARMC6/mbed-os/storage/filesystem/fat/source/FATFileSystem.o
    0x00012a9c   0x00000034   Code   RO         3753    .text.disk_read     BUILD/LPC1768/ARMC6/mbed-os/storage/filesystem/fat/source/FATFileSystem.o
    0x00012ad0   0x0000005c   Code   RO         3757    .text.disk_write    BUILD/LPC1768/ARMC6/mbed-os/storage/filesystem/fat/source/FATFileSystem.o
    0x00012b2c   0x00000024   Code   RO         2421    .text.error         BUILD/LPC1768/ARMC6/mbed-os/platform/source/mbed_error.o
    0x00012b50   0x0000001c   Code   RO         1650    .text.exact_log2    BUILD/LPC1768/ARMC6/mbed-os/hal/source/mbed_ticker_api.o
    0x00012b6c   0x00000034   Code   RO         2701    .text.exit          BUILD/LPC1768/ARMC6/mbed-os/platform/source/mbed_retarget.o
    0x00012ba0   0x0000001e   Code   RO         3652    .text.f_close       BUILD/LPC1768/ARMC6/mbed-os/storage/filesystem/fat/ChaN/ff.o
    0x00012bbe   0x00000012   Code   RO         3664    .text.f_closedir    BUILD/LPC1768/ARMC6/mbed-os/storage/filesystem/fat/ChaN/ff.o
    0x00012bd0   0x000000ca   Code   RO         3676    .text.f_getfree     BUILD/LPC1768/ARMC6/mbed-os/storage/filesystem/fat/ChaN/ff.o
    0x00012c9a   0x0000010e   Code   RO         3658    .text.f_lseek       BUILD/LPC1768/ARMC6/mbed-os/storage/filesystem/fat/ChaN/ff.o
    0x00012da8   0x00000122   Code   RO         3684    .text.f_mkdir       BUILD/LPC1768/ARMC6/mbed-os/storage/filesystem/fat/ChaN/ff.o
    0x00012eca   0x00000002   PAD
    0x00012ecc   0x000007e4   Code   RO         3690    .text.f_mkfs        BUILD/LPC1768/ARMC6/mbed-os/storage/filesystem/fat/ChaN/ff.o
    0x000136b0   0x00000050   Code   RO         3610    .text.f_mount       BUILD/LPC1768/ARMC6/mbed-os/storage/filesystem/fat/ChaN/ff.o
    0x00013700   0x000001fa   Code   RO         3616    .text.f_open        BUILD/LPC1768/ARMC6/mbed-os/storage/filesystem/fat/ChaN/ff.o
    0x000138fa   0x00000088   Code   RO         3660    .text.f_opendir     BUILD/LPC1768/ARMC6/mbed-os/storage/filesystem/fat/ChaN/ff.o
    0x00013982   0x0000013e   Code   RO         3638    .text.f_read        BUILD/LPC1768/ARMC6/mbed-os/storage/filesystem/fat/ChaN/ff.o
    0x00013ac0   0x0000005a   Code   RO         3666    .text.f_readdir     BUILD/LPC1768/ARMC6/mbed-os/storage/filesystem/fat/ChaN/ff.o
    0x00013b1a   0x00000132   Code   RO         3688    .text.f_rename      BUILD/LPC1768/ARMC6/mbed-os/storage/filesystem/fat/ChaN/ff.o
    0x00013c4c   0x00000058   Code   RO         3674    .text.f_stat        BUILD/LPC1768/ARMC6/mbed-os/storage/filesystem/fat/ChaN/ff.o
    0x00013ca4   0x00000068   Code   RO         3648    .text.f_sync        BUILD/LPC1768/ARMC6/mbed-os/storage/filesystem/fat/ChaN/ff.o
    0x00013d0c   0x00000076   Code   RO         3678    .text.f_truncate    BUILD/LPC1768/ARMC6/mbed-os/storage/filesystem/fat/ChaN/ff.o
    0x00013d82   0x000000d8   Code   RO         3680    .text.f_unlink      BUILD/LPC1768/ARMC6/mbed-os/storage/filesystem/fat/ChaN/ff.o
    0x00013e5a   0x0000018e   Code   RO         3642    .text.f_write       BUILD/LPC1768/ARMC6/mbed-os/storage/filesystem/fat/ChaN/ff.o
    0x00013fe8   0x0000002a   Code   RO         2611    .text.fdopen        BUILD/LPC1768/ARMC6/mbed-os/platform/source/mbed_retarget.o
    0x00014012   0x00000004   Code   RO         3745    .text.ff_memalloc   BUILD/LPC1768/ARMC6/mbed-os/storage/filesystem/fat/source/FATFileSystem.o
    0x00014016   0x00000004   Code   RO         3747    .text.ff_memfree    BUILD/LPC1768/ARMC6/mbed-os/storage/filesystem/fat/source/FATFileSystem.o
    0x0001401a   0x00000002   PAD
    0x0001401c   0x00000024   Code   RO         3735    .text.ff_oem2uni    BUILD/LPC1768/ARMC6/mbed-os/storage/filesystem/fat/ChaN/ffunicode.o
    0x00014040   0x00000040   Code   RO         3733    .text.ff_uni2oem    BUILD/LPC1768/ARMC6/mbed-os/storage/filesystem/fat/ChaN/ffunicode.o
    0x00014080   0x00000084   Code   RO         3737    .text.ff_wtoupper   BUILD/LPC1768/ARMC6/mbed-os/storage/filesystem/fat/ChaN/ffunicode.o
    0x00014104   0x00000028   Code   RO         2653    .text.fsync         BUILD/LPC1768/ARMC6/mbed-os/platform/source/mbed_retarget.o
    0x0001412c   0x0000003a   Code   RO         3743    .text.get_fattime   BUILD/LPC1768/ARMC6/mbed-os/storage/filesystem/fat/source/FATFileSystem.o
    0x00014166   0x00000002   PAD
    0x00014168   0x00000008   Code   RO         1660    .text.get_us_ticker_data  BUILD/LPC1768/ARMC6/mbed-os/hal/source/mbed_us_ticker_api.o
    0x00014170   0x00000040   Code   RO         2800    .text.gettimeofday  BUILD/LPC1768/ARMC6/mbed-os/platform/source/mbed_rtc_time.o
    0x000141b0   0x0000001e   Code   RO         4120    .text.gpio_dir      BUILD/LPC1768/ARMC6/mbed-os/targets/TARGET_NXP/TARGET_LPC176X/gpio_api.o
    0x000141ce   0x0000002c   Code   RO         4116    .text.gpio_init     BUILD/LPC1768/ARMC6/mbed-os/targets/TARGET_NXP/TARGET_LPC176X/gpio_api.o
    0x000141fa   0x00000006   Code   RO         1555    .text.gpio_init_in  BUILD/LPC1768/ARMC6/mbed-os/hal/source/mbed_gpio.o
    0x00014200   0x00000006   Code   RO         1561    .text.gpio_init_out  BUILD/LPC1768/ARMC6/mbed-os/hal/source/mbed_gpio.o
    0x00014206   0x00000008   Code   RO         1563    .text.gpio_init_out_ex  BUILD/LPC1768/ARMC6/mbed-os/hal/source/mbed_gpio.o
    0x0001420e   0x00000006   Code   RO         4118    .text.gpio_mode     BUILD/LPC1768/ARMC6/mbed-os/targets/TARGET_NXP/TARGET_LPC176X/gpio_api.o
    0x00014214   0x00000016   Code   RO         4114    .text.gpio_set      BUILD/LPC1768/ARMC6/mbed-os/targets/TARGET_NXP/TARGET_LPC176X/gpio_api.o
    0x0001422a   0x00000002   PAD
    0x0001422c   0x00000018   Code   RO         1542    .text.hal_critical_section_enter  BUILD/LPC1768/ARMC6/mbed-os/hal/source/mbed_critical_section_api.o
    0x00014244   0x00000010   Code   RO         1544    .text.hal_critical_section_exit  BUILD/LPC1768/ARMC6/mbed-os/hal/source/mbed_critical_section_api.o
    0x00014254   0x0000000e   Code   RO         4325    .text.hal_deepsleep  BUILD/LPC1768/ARMC6/mbed-os/targets/TARGET_NXP/TARGET_LPC176X/sleep.o
    0x00014262   0x00000002   PAD
    0x00014264   0x0000000c   Code   RO         1546    .text.hal_in_critical_section  BUILD/LPC1768/ARMC6/mbed-os/hal/source/mbed_critical_section_api.o
    0x00014270   0x00000024   Code   RO         4323    .text.hal_sleep     BUILD/LPC1768/ARMC6/mbed-os/targets/TARGET_NXP/TARGET_LPC176X/sleep.o
    0x00014294   0x00000080   Code   RO         2423    .text.handle_error  BUILD/LPC1768/ARMC6/mbed-os/platform/source/mbed_error.o
    0x00014314   0x000000e0   Code   RO         1622    .text.initialize    BUILD/LPC1768/ARMC6/mbed-os/hal/source/mbed_ticker_api.o
    0x000143f4   0x00000050   Code   RO         1632    .text.insert_event  BUILD/LPC1768/ARMC6/mbed-os/hal/source/mbed_ticker_api.o
    0x00014444   0x00000028   Code   RO         2613    .text.isatty        BUILD/LPC1768/ARMC6/mbed-os/platform/source/mbed_retarget.o
    0x0001446c   0x0000002a   Code   RO         2647    .text.lseek         BUILD/LPC1768/ARMC6/mbed-os/platform/source/mbed_retarget.o
    0x00014496   0x00000002   PAD
    0x00014498   0x0000017c   Code   RO          588    .text.main          BUILD/LPC1768/ARMC6/main.o
    0x00014614   0x00000028   Code   RO         2818    .text.mbed_copy_nvic  BUILD/LPC1768/ARMC6/mbed-os/platform/source/mbed_sdk_boot.o
    0x0001463c   0x00000006   Code   RO         2397    .text.mbed_die      BUILD/LPC1768/ARMC6/mbed-os/platform/source/mbed_board.o
    0x00014642   0x00000002   PAD
    0x00014644   0x00000020   Code   RO         2443    .text.mbed_error    BUILD/LPC1768/ARMC6/mbed-os/platform/source/mbed_error.o
    0x00014664   0x00000018   Code   RO         2399    .text.mbed_error_printf  BUILD/LPC1768/ARMC6/mbed-os/platform/source/mbed_board.o
    0x0001467c   0x0000004c   Code   RO         2403    .text.mbed_error_puts  BUILD/LPC1768/ARMC6/mbed-os/platform/source/mbed_board.o
    0x000146c8   0x00000034   Code   RO         2401    .text.mbed_error_vprintf  BUILD/LPC1768/ARMC6/mbed-os/platform/source/mbed_board.o
    0x000146fc   0x000000f4   Code   RO         2273    .text.mbed_fault_handler  BUILD/LPC1768/ARMC6/mbed-os/platform/source/TARGET_CORTEX_M/mbed_fault_handler.o
    0x000147f0   0x00000030   Code   RO         2425    .text.mbed_halt_system  BUILD/LPC1768/ARMC6/mbed-os/platform/source/mbed_error.o
    0x00014820   0x0000000e   Code   RO         2820    .text.mbed_init     BUILD/LPC1768/ARMC6/mbed-os/platform/source/mbed_sdk_boot.o
    0x0001482e   0x00000004   Code   RO         2467    .text.mbed_interface_connected  BUILD/LPC1768/ARMC6/mbed-os/platform/source/mbed_interface.o
    0x00014832   0x00000022   Code   RO         2473    .text.mbed_interface_disconnect  BUILD/LPC1768/ARMC6/mbed-os/platform/source/mbed_interface.o
    0x00014854   0x00000002   Code   RO         2814    .text.mbed_sdk_init  BUILD/LPC1768/ARMC6/mbed-os/platform/source/mbed_sdk_boot.o
    0x00014856   0x00000002   PAD
    0x00014858   0x0000000c   Code   RO         1668    .text.note_us_ticker_free  BUILD/LPC1768/ARMC6/mbed-os/hal/source/mbed_us_ticker_api.o
    0x00014864   0x00000014   Code   RO         1666    .text.note_us_ticker_init  BUILD/LPC1768/ARMC6/mbed-os/hal/source/mbed_us_ticker_api.o
    0x00014878   0x00000084   Code   RO         2621    .text.open          BUILD/LPC1768/ARMC6/mbed-os/platform/source/mbed_retarget.o
    0x000148fc   0x00000056   Code   RO         2679    .text.opendir       BUILD/LPC1768/ARMC6/mbed-os/platform/source/mbed_retarget.o
    0x00014952   0x00000002   PAD
    0x00014954   0x00000030   Code   RO         4189    .text.pin_function  BUILD/LPC1768/ARMC6/mbed-os/targets/TARGET_NXP/TARGET_LPC176X/pinmap.o
    0x00014984   0x00000058   Code   RO         4191    .text.pin_mode      BUILD/LPC1768/ARMC6/mbed-os/targets/TARGET_NXP/TARGET_LPC176X/pinmap.o
    0x000149dc   0x0000001c   Code   RO         1587    .text.pinmap_find_peripheral  BUILD/LPC1768/ARMC6/mbed-os/hal/source/mbed_pinmap_common.o
    0x000149f8   0x00000024   Code   RO         1585    .text.pinmap_merge  BUILD/LPC1768/ARMC6/mbed-os/hal/source/mbed_pinmap_common.o
    0x00014a1c   0x00000024   Code   RO         1589    .text.pinmap_peripheral  BUILD/LPC1768/ARMC6/mbed-os/hal/source/mbed_pinmap_common.o
    0x00014a40   0x00000040   Code   RO         1583    .text.pinmap_pinout  BUILD/LPC1768/ARMC6/mbed-os/hal/source/mbed_pinmap_common.o
    0x00014a80   0x0000015c   Code   RO         2275    .text.print_context_info  BUILD/LPC1768/ARMC6/mbed-os/platform/source/TARGET_CORTEX_M/mbed_fault_handler.o
    0x00014bdc   0x0000002a   Code   RO         2641    .text.read          BUILD/LPC1768/ARMC6/mbed-os/platform/source/mbed_retarget.o
    0x00014c06   0x00000026   Code   RO         2685    .text.readdir       BUILD/LPC1768/ARMC6/mbed-os/platform/source/mbed_retarget.o
    0x00014c2c   0x00000040   Code   RO         2669    .text.remove        BUILD/LPC1768/ARMC6/mbed-os/platform/source/mbed_retarget.o
    0x00014c6c   0x00000020   Code   RO         4248    .text.rtc_init      BUILD/LPC1768/ARMC6/mbed-os/targets/TARGET_NXP/TARGET_LPC176X/rtc_api.o
    0x00014c8c   0x0000000c   Code   RO         4252    .text.rtc_isenabled  BUILD/LPC1768/ARMC6/mbed-os/targets/TARGET_NXP/TARGET_LPC176X/rtc_api.o
    0x00014c98   0x00000040   Code   RO         4254    .text.rtc_read      BUILD/LPC1768/ARMC6/mbed-os/targets/TARGET_NXP/TARGET_LPC176X/rtc_api.o
    0x00014cd8   0x0000004c   Code   RO         4256    .text.rtc_write     BUILD/LPC1768/ARMC6/mbed-os/targets/TARGET_NXP/TARGET_LPC176X/rtc_api.o
    0x00014d24   0x000000ca   Code   RO         1628    .text.schedule_interrupt  BUILD/LPC1768/ARMC6/mbed-os/hal/source/mbed_ticker_api.o
    0x00014dee   0x00000002   PAD
    0x00014df0   0x00000010   Code   RO         2864    .text.semihost_connected  BUILD/LPC1768/ARMC6/mbed-os/platform/source/mbed_semihost_api.o
    0x00014e00   0x0000000e   Code   RO         2866    .text.semihost_disabledebug  BUILD/LPC1768/ARMC6/mbed-os/platform/source/mbed_semihost_api.o
    0x00014e0e   0x0000000c   Code   RO         2854    .text.semihost_exit  BUILD/LPC1768/ARMC6/mbed-os/platform/source/mbed_semihost_api.o
    0x00014e1a   0x00000002   PAD
    0x00014e1c   0x00000190   Code   RO         4262    .text.serial_baud   BUILD/LPC1768/ARMC6/mbed-os/targets/TARGET_NXP/TARGET_LPC176X/serial_api.o
    0x00014fac   0x00000018   Code   RO         4302    .text.serial_flow_irq_set  BUILD/LPC1768/ARMC6/mbed-os/targets/TARGET_NXP/TARGET_LPC176X/serial_api.o
    0x00014fc4   0x00000010   Code   RO         4268    .text.serial_free   BUILD/LPC1768/ARMC6/mbed-os/targets/TARGET_NXP/TARGET_LPC176X/serial_api.o
    0x00014fd4   0x00000030   Code   RO         4286    .text.serial_getc   BUILD/LPC1768/ARMC6/mbed-os/targets/TARGET_NXP/TARGET_LPC176X/serial_api.o
    0x00015004   0x00000120   Code   RO         4260    .text.serial_init   BUILD/LPC1768/ARMC6/mbed-os/targets/TARGET_NXP/TARGET_LPC176X/serial_api.o
    0x00015124   0x0000000a   Code   RO         1700    .text.serial_init_direct  BUILD/LPC1768/ARMC6/mbed-os/hal/source/static_pinmap.o
    0x0001512e   0x00000002   PAD
    0x00015130   0x00000018   Code   RO         4280    .text.serial_irq_handler  BUILD/LPC1768/ARMC6/mbed-os/targets/TARGET_NXP/TARGET_LPC176X/serial_api.o
    0x00015148   0x00000020   Code   RO         4282    .text.serial_irq_set  BUILD/LPC1768/ARMC6/mbed-os/targets/TARGET_NXP/TARGET_LPC176X/serial_api.o
    0x00015168   0x000000cc   Code   RO         4284    .text.serial_irq_set_internal  BUILD/LPC1768/ARMC6/mbed-os/targets/TARGET_NXP/TARGET_LPC176X/serial_api.o
    0x00015234   0x0000002c   Code   RO         4290    .text.serial_putc   BUILD/LPC1768/ARMC6/mbed-os/targets/TARGET_NXP/TARGET_LPC176X/serial_api.o
    0x00015260   0x0000000a   Code   RO         4288    .text.serial_readable  BUILD/LPC1768/ARMC6/mbed-os/targets/TARGET_NXP/TARGET_LPC176X/serial_api.o
    0x0001526a   0x00000002   PAD
    0x0001526c   0x000000e0   Code   RO         4266    .text.serial_set_flow_control  BUILD/LPC1768/ARMC6/mbed-os/targets/TARGET_NXP/TARGET_LPC176X/serial_api.o
    0x0001534c   0x0000004c   Code   RO         4292    .text.serial_writable  BUILD/LPC1768/ARMC6/mbed-os/targets/TARGET_NXP/TARGET_LPC176X/serial_api.o
    0x00015398   0x00000010   Code   RO         2802    .text.set_time      BUILD/LPC1768/ARMC6/mbed-os/platform/source/mbed_rtc_time.o
    0x000153a8   0x0000002c   Code   RO         2798    .text.settimeofday  BUILD/LPC1768/ARMC6/mbed-os/platform/source/mbed_rtc_time.o
    0x000153d4   0x00000024   Code   RO         2570    .text.sleep_manager_lock_deep_sleep_internal  BUILD/LPC1768/ARMC6/mbed-os/platform/source/mbed_power_mgmt.o
    0x000153f8   0x00000020   Code   RO         2578    .text.sleep_manager_sleep_auto  BUILD/LPC1768/ARMC6/mbed-os/platform/source/mbed_power_mgmt.o
    0x00015418   0x00000030   Code   RO         2572    .text.sleep_manager_unlock_deep_sleep_internal  BUILD/LPC1768/ARMC6/mbed-os/platform/source/mbed_power_mgmt.o
    0x00015448   0x0000003e   Code   RO         4333    .text.spi_format    BUILD/LPC1768/ARMC6/mbed-os/targets/TARGET_NXP/TARGET_LPC176X/spi_api.o
    0x00015486   0x00000002   PAD
    0x00015488   0x000000d8   Code   RO         4335    .text.spi_frequency  BUILD/LPC1768/ARMC6/mbed-os/targets/TARGET_NXP/TARGET_LPC176X/spi_api.o
    0x00015560   0x000000bc   Code   RO         4329    .text.spi_init      BUILD/LPC1768/ARMC6/mbed-os/targets/TARGET_NXP/TARGET_LPC176X/spi_api.o
    0x0001561c   0x00000044   Code   RO         4339    .text.spi_master_block_write  BUILD/LPC1768/ARMC6/mbed-os/targets/TARGET_NXP/TARGET_LPC176X/spi_api.o
    0x00015660   0x00000014   Code   RO         4337    .text.spi_master_write  BUILD/LPC1768/ARMC6/mbed-os/targets/TARGET_NXP/TARGET_LPC176X/spi_api.o
    0x00015674   0x00000008   Code   RO         2884    .text.thread_sleep_for  BUILD/LPC1768/ARMC6/mbed-os/platform/source/mbed_thread.o
    0x0001567c   0x00000024   Code   RO         1634    .text.ticker_insert_event_us  BUILD/LPC1768/ARMC6/mbed-os/hal/source/mbed_ticker_api.o
    0x000156a0   0x0000005e   Code   RO         1624    .text.ticker_irq_handler  BUILD/LPC1768/ARMC6/mbed-os/hal/source/mbed_ticker_api.o
    0x000156fe   0x00000008   Code   RO         1638    .text.ticker_read   BUILD/LPC1768/ARMC6/mbed-os/hal/source/mbed_ticker_api.o
    0x00015706   0x00000020   Code   RO         1640    .text.ticker_read_us  BUILD/LPC1768/ARMC6/mbed-os/hal/source/mbed_ticker_api.o
    0x00015726   0x00000030   Code   RO         1636    .text.ticker_remove_event  BUILD/LPC1768/ARMC6/mbed-os/hal/source/mbed_ticker_api.o
    0x00015756   0x0000001a   Code   RO         1620    .text.ticker_set_handler  BUILD/LPC1768/ARMC6/mbed-os/hal/source/mbed_ticker_api.o
    0x00015770   0x00000012   Code   RO         2804    .text.time          BUILD/LPC1768/ARMC6/mbed-os/platform/source/mbed_rtc_time.o
    0x00015782   0x00000002   PAD
    0x00015784   0x0000000c   Code   RO         4270    .text.uart0_irq     BUILD/LPC1768/ARMC6/mbed-os/targets/TARGET_NXP/TARGET_LPC176X/serial_api.o
    0x00015790   0x0000000c   Code   RO         4274    .text.uart1_irq     BUILD/LPC1768/ARMC6/mbed-os/targets/TARGET_NXP/TARGET_LPC176X/serial_api.o
    0x0001579c   0x0000000c   Code   RO         4276    .text.uart2_irq     BUILD/LPC1768/ARMC6/mbed-os/targets/TARGET_NXP/TARGET_LPC176X/serial_api.o
    0x000157a8   0x0000000c   Code   RO         4278    .text.uart3_irq     BUILD/LPC1768/ARMC6/mbed-os/targets/TARGET_NXP/TARGET_LPC176X/serial_api.o
    0x000157b4   0x00000060   Code   RO         4272    .text.uart_irq      BUILD/LPC1768/ARMC6/mbed-os/targets/TARGET_NXP/TARGET_LPC176X/serial_api.o
    0x00015814   0x0000007c   Code   RO         1626    .text.update_present_time  BUILD/LPC1768/ARMC6/mbed-os/hal/source/mbed_ticker_api.o
    0x00015890   0x0000000c   Code   RO         4383    .text.us_ticker_clear_interrupt  BUILD/LPC1768/ARMC6/mbed-os/targets/TARGET_NXP/TARGET_LPC176X/us_ticker.o
    0x0001589c   0x0000000c   Code   RO         4375    .text.us_ticker_disable_interrupt  BUILD/LPC1768/ARMC6/mbed-os/targets/TARGET_NXP/TARGET_LPC176X/us_ticker.o
    0x000158a8   0x0000000c   Code   RO         4381    .text.us_ticker_fire_interrupt  BUILD/LPC1768/ARMC6/mbed-os/targets/TARGET_NXP/TARGET_LPC176X/us_ticker.o
    0x000158b4   0x00000024   Code   RO         4385    .text.us_ticker_free  BUILD/LPC1768/ARMC6/mbed-os/targets/TARGET_NXP/TARGET_LPC176X/us_ticker.o
    0x000158d8   0x00000008   Code   RO         4371    .text.us_ticker_get_info  BUILD/LPC1768/ARMC6/mbed-os/targets/TARGET_NXP/TARGET_LPC176X/us_ticker.o
    0x000158e0   0x0000006c   Code   RO         4373    .text.us_ticker_init  BUILD/LPC1768/ARMC6/mbed-os/targets/TARGET_NXP/TARGET_LPC176X/us_ticker.o
    0x0001594c   0x00000014   Code   RO         1664    .text.us_ticker_irq_handler  BUILD/LPC1768/ARMC6/mbed-os/hal/source/mbed_us_ticker_api.o
    0x00015960   0x0000000c   Code   RO         4377    .text.us_ticker_read  BUILD/LPC1768/ARMC6/mbed-os/targets/TARGET_NXP/TARGET_LPC176X/us_ticker.o
    0x0001596c   0x00000014   Code   RO         4379    .text.us_ticker_set_interrupt  BUILD/LPC1768/ARMC6/mbed-os/targets/TARGET_NXP/TARGET_LPC176X/us_ticker.o
    0x00015980   0x0000001e   Code   RO         2890    .text.wait_us       BUILD/LPC1768/ARMC6/mbed-os/platform/source/mbed_wait_api_no_rtos.o
    0x0001599e   0x0000002a   Code   RO         2633    .text.write         BUILD/LPC1768/ARMC6/mbed-os/platform/source/mbed_retarget.o
    0x000159c8   0x0000003e   Code   RO         5860    CL$$btod_d2e        /Library/Application Support/Mbed Studio/mbed-studio-tools/ac6/bin/../lib/armlib/c_w.l(btod.o)
    0x00015a06   0x00000046   Code   RO         5862    CL$$btod_d2e_denorm_low  /Library/Application Support/Mbed Studio/mbed-studio-tools/ac6/bin/../lib/armlib/c_w.l(btod.o)
    0x00015a4c   0x00000060   Code   RO         5861    CL$$btod_d2e_norm_op1  /Library/Application Support/Mbed Studio/mbed-studio-tools/ac6/bin/../lib/armlib/c_w.l(btod.o)
    0x00015aac   0x00000338   Code   RO         5870    CL$$btod_div_common  /Library/Application Support/Mbed Studio/mbed-studio-tools/ac6/bin/../lib/armlib/c_w.l(btod.o)
    0x00015de4   0x000000dc   Code   RO         5867    CL$$btod_e2e        /Library/Application Support/Mbed Studio/mbed-studio-tools/ac6/bin/../lib/armlib/c_w.l(btod.o)
    0x00015ec0   0x0000002a   Code   RO         5864    CL$$btod_ediv       /Library/Application Support/Mbed Studio/mbed-studio-tools/ac6/bin/../lib/armlib/c_w.l(btod.o)
    0x00015eea   0x0000002a   Code   RO         5863    CL$$btod_emul       /Library/Application Support/Mbed Studio/mbed-studio-tools/ac6/bin/../lib/armlib/c_w.l(btod.o)
    0x00015f14   0x00000244   Code   RO         5869    CL$$btod_mult_common  /Library/Application Support/Mbed Studio/mbed-studio-tools/ac6/bin/../lib/armlib/c_w.l(btod.o)
    0x00016158   0x00000028   Code   RO         5969    i.__ARM_fpclassify  /Library/Application Support/Mbed Studio/mbed-studio-tools/ac6/bin/../lib/armlib/m_ws.l(fpclassify.o)
    0x00016180   0x0000000e   Code   RO         5302    i._is_digit         /Library/Application Support/Mbed Studio/mbed-studio-tools/ac6/bin/../lib/armlib/c_w.l(__printf_wp.o)
    0x0001618e   0x00000018   Code   RO         5337    i.fgetc             /Library/Application Support/Mbed Studio/mbed-studio-tools/ac6/bin/../lib/armlib/c_w.l(fgetc.o)
    0x000161a6   0x00000002   PAD
    0x000161a8   0x0000007c   Code   RO         5542    i.floorf            /Library/Application Support/Mbed Studio/mbed-studio-tools/ac6/bin/../lib/armlib/m_ws.l(floorf.o)
    0x00016224   0x0000001a   Code   RO         5343    i.fputc             /Library/Application Support/Mbed Studio/mbed-studio-tools/ac6/bin/../lib/armlib/c_w.l(fputc.o)
    0x0001623e   0x00000002   PAD
    0x00016240   0x00000094   Code   RO         5545    i.round             /Library/Application Support/Mbed Studio/mbed-studio-tools/ac6/bin/../lib/armlib/m_ws.l(round.o)
    0x000162d4   0x0000004c   Code   RO         5548    i.sqrt              /Library/Application Support/Mbed Studio/mbed-studio-tools/ac6/bin/../lib/armlib/m_ws.l(sqrt.o)
    0x00016320   0x0000002c   Code   RO         5913    locale$$code        /Library/Application Support/Mbed Studio/mbed-studio-tools/ac6/bin/../lib/armlib/c_w.l(lc_numeric_c.o)
    0x0001634c   0x0000002c   Code   RO         6028    locale$$code        /Library/Application Support/Mbed Studio/mbed-studio-tools/ac6/bin/../lib/armlib/c_w.l(lc_ctype_c.o)
    0x00016378   0x00000150   Code   RO         5430    x$fpl$dadd          /Library/Application Support/Mbed Studio/mbed-studio-tools/ac6/bin/../lib/armlib/fz_ws.l(daddsub_clz.o)
    0x000164c8   0x00000018   Code   RO         5953    x$fpl$dcmpinf       /Library/Application Support/Mbed Studio/mbed-studio-tools/ac6/bin/../lib/armlib/fz_ws.l(dcmpi.o)
    0x000164e0   0x000002b4   Code   RO         5439    x$fpl$ddiv          /Library/Application Support/Mbed Studio/mbed-studio-tools/ac6/bin/../lib/armlib/fz_ws.l(ddiv.o)
    0x00016794   0x00000078   Code   RO         5739    x$fpl$deqf          /Library/Application Support/Mbed Studio/mbed-studio-tools/ac6/bin/../lib/armlib/fz_ws.l(deqf.o)
    0x0001680c   0x0000005e   Code   RO         5442    x$fpl$dfix          /Library/Application Support/Mbed Studio/mbed-studio-tools/ac6/bin/../lib/armlib/fz_ws.l(dfix.o)
    0x0001686a   0x0000002e   Code   RO         5451    x$fpl$dflt          /Library/Application Support/Mbed Studio/mbed-studio-tools/ac6/bin/../lib/armlib/fz_ws.l(dflt_clz.o)
    0x00016898   0x00000026   Code   RO         5450    x$fpl$dfltu         /Library/Application Support/Mbed Studio/mbed-studio-tools/ac6/bin/../lib/armlib/fz_ws.l(dflt_clz.o)
    0x000168be   0x00000002   PAD
    0x000168c0   0x00000078   Code   RO         5741    x$fpl$dgeqf         /Library/Application Support/Mbed Studio/mbed-studio-tools/ac6/bin/../lib/armlib/fz_ws.l(dgeqf.o)
    0x00016938   0x00000078   Code   RO         5743    x$fpl$dleqf         /Library/Application Support/Mbed Studio/mbed-studio-tools/ac6/bin/../lib/armlib/fz_ws.l(dleqf.o)
    0x000169b0   0x00000154   Code   RO         5456    x$fpl$dmul          /Library/Application Support/Mbed Studio/mbed-studio-tools/ac6/bin/../lib/armlib/fz_ws.l(dmul.o)
    0x00016b04   0x0000009c   Code   RO         5745    x$fpl$dnaninf       /Library/Application Support/Mbed Studio/mbed-studio-tools/ac6/bin/../lib/armlib/fz_ws.l(dnaninf.o)
    0x00016ba0   0x0000000c   Code   RO         5747    x$fpl$dretinf       /Library/Application Support/Mbed Studio/mbed-studio-tools/ac6/bin/../lib/armlib/fz_ws.l(dretinf.o)
    0x00016bac   0x0000006c   Code   RO         5749    x$fpl$drleqf        /Library/Application Support/Mbed Studio/mbed-studio-tools/ac6/bin/../lib/armlib/fz_ws.l(drleqf.o)
    0x00016c18   0x000000b4   Code   RO         5751    x$fpl$drnd          /Library/Application Support/Mbed Studio/mbed-studio-tools/ac6/bin/../lib/armlib/fz_ws.l(drnd.o)
    0x00016ccc   0x00000016   Code   RO         5431    x$fpl$drsb          /Library/Application Support/Mbed Studio/mbed-studio-tools/ac6/bin/../lib/armlib/fz_ws.l(daddsub_clz.o)
    0x00016ce2   0x00000002   PAD
    0x00016ce4   0x000001cc   Code   RO         5753    x$fpl$dsqrt         /Library/Application Support/Mbed Studio/mbed-studio-tools/ac6/bin/../lib/armlib/fz_ws.l(dsqrt_noumaal.o)
    0x00016eb0   0x000001dc   Code   RO         5432    x$fpl$dsub          /Library/Application Support/Mbed Studio/mbed-studio-tools/ac6/bin/../lib/armlib/fz_ws.l(daddsub_clz.o)
    0x0001708c   0x000000c4   Code   RO         5458    x$fpl$fadd          /Library/Application Support/Mbed Studio/mbed-studio-tools/ac6/bin/../lib/armlib/fz_ws.l(faddsub_clz.o)
    0x00017150   0x00000054   Code   RO         5436    x$fpl$fcmp          /Library/Application Support/Mbed Studio/mbed-studio-tools/ac6/bin/../lib/armlib/fz_ws.l(dcmp.o)
    0x000171a4   0x00000184   Code   RO         5467    x$fpl$fdiv          /Library/Application Support/Mbed Studio/mbed-studio-tools/ac6/bin/../lib/armlib/fz_ws.l(fdiv.o)
    0x00017328   0x00000036   Code   RO         5470    x$fpl$ffix          /Library/Application Support/Mbed Studio/mbed-studio-tools/ac6/bin/../lib/armlib/fz_ws.l(ffix.o)
    0x0001735e   0x00000002   PAD
    0x00017360   0x00000030   Code   RO         5479    x$fpl$fflt          /Library/Application Support/Mbed Studio/mbed-studio-tools/ac6/bin/../lib/armlib/fz_ws.l(fflt_clz.o)
    0x00017390   0x0000008c   Code   RO         5761    x$fpl$fnaninf       /Library/Application Support/Mbed Studio/mbed-studio-tools/ac6/bin/../lib/armlib/fz_ws.l(fnaninf.o)
    0x0001741c   0x0000000a   Code   RO         5763    x$fpl$fretinf       /Library/Application Support/Mbed Studio/mbed-studio-tools/ac6/bin/../lib/armlib/fz_ws.l(fretinf.o)
    0x00017426   0x00000002   PAD
    0x00017428   0x000000ea   Code   RO         5460    x$fpl$fsub          /Library/Application Support/Mbed Studio/mbed-studio-tools/ac6/bin/../lib/armlib/fz_ws.l(faddsub_clz.o)
    0x00017512   0x00000004   Code   RO         5488    x$fpl$printf1       /Library/Application Support/Mbed Studio/mbed-studio-tools/ac6/bin/../lib/armlib/fz_ws.l(printf1.o)
    0x00017516   0x00000004   Code   RO         5765    x$fpl$printf2       /Library/Application Support/Mbed Studio/mbed-studio-tools/ac6/bin/../lib/armlib/fz_ws.l(printf2.o)
    0x0001751a   0x00000000   Code   RO         5773    x$fpl$usenofp       /Library/Application Support/Mbed Studio/mbed-studio-tools/ac6/bin/../lib/armlib/fz_ws.l(usenofp.o)
    0x0001751a   0x00000028   Data   RO         5290    .constdata          /Library/Application Support/Mbed Studio/mbed-studio-tools/ac6/bin/../lib/armlib/c_w.l(_printf_hex_int_ll_ptr.o)
    0x00017542   0x00000011   Data   RO         5310    .constdata          /Library/Application Support/Mbed Studio/mbed-studio-tools/ac6/bin/../lib/armlib/c_w.l(__printf_flags_ss_wp.o)
    0x00017553   0x00000001   PAD
    0x00017554   0x00000008   Data   RO         5613    .constdata          /Library/Application Support/Mbed Studio/mbed-studio-tools/ac6/bin/../lib/armlib/c_w.l(_printf_wctomb.o)
    0x0001755c   0x00000026   Data   RO         5837    .constdata          /Library/Application Support/Mbed Studio/mbed-studio-tools/ac6/bin/../lib/armlib/c_w.l(_printf_fp_hex.o)
    0x00017582   0x00000002   PAD
    0x00017584   0x00000094   Data   RO         5858    .constdata          /Library/Application Support/Mbed Studio/mbed-studio-tools/ac6/bin/../lib/armlib/c_w.l(bigflt0.o)
    0x00017618   0x0000000c   Data   RO         5931    .constdata          /Library/Application Support/Mbed Studio/mbed-studio-tools/ac6/bin/../lib/armlib/c_w.l(_monlen.o)
    0x00017624   0x00000000   Data   RO         2830    .rodata             BUILD/LPC1768/ARMC6/mbed-os/platform/source/mbed_sdk_boot.o
    0x00017624   0x00000064   Data   RO          585    .rodata..L__const._Z10deleteUserP4USER.userFileName  BUILD/LPC1768/ARMC6/game/users/users.o
    0x00017688   0x00000003   Data   RO          321    .rodata..L__const._Z10menuUpdatev.gameModeLayout  BUILD/LPC1768/ARMC6/game/interfaces/menu/menu.o
    0x0001768b   0x00000001   PAD
    0x0001768c   0x0000001e   Data   RO         5112    .rodata..L__const._Z11drawGameWonv.message  BUILD/LPC1768/ARMC6/utilities/graphics/graphics.o
    0x000176aa   0x0000001e   Data   RO         5113    .rodata..L__const._Z11drawGameWonv.message.20  BUILD/LPC1768/ARMC6/utilities/graphics/graphics.o
    0x000176c8   0x0000001e   Data   RO         5114    .rodata..L__const._Z12drawGameLostv.game  BUILD/LPC1768/ARMC6/utilities/graphics/graphics.o
    0x000176e6   0x00000002   PAD
    0x000176e8   0x00000064   Data   RO          392    .rodata..L__const._Z15registerNewUserP4USER.newUserFileName  BUILD/LPC1768/ARMC6/game/interfaces/registration/registration.o
    0x0001774c   0x0000001e   Data   RO         5106    .rodata..L__const._Z19drawLoginBackgroundv.message  BUILD/LPC1768/ARMC6/utilities/graphics/graphics.o
    0x0001776a   0x00000002   PAD
    0x0001776c   0x0000001e   Data   RO         5108    .rodata..L__const._Z23drawUserStatsBackgroundP4USER.eKilledStat  BUILD/LPC1768/ARMC6/utilities/graphics/graphics.o
    0x0001778a   0x00000002   PAD
    0x0001778c   0x0000001e   Data   RO         5107    .rodata..L__const._Z23drawUserStatsBackgroundP4USER.hScoreStat  BUILD/LPC1768/ARMC6/utilities/graphics/graphics.o
    0x000177aa   0x00000002   PAD
    0x000177ac   0x0000001e   Data   RO         5109    .rodata..L__const._Z23drawUserStatsBackgroundP4USER.pDeathsStat  BUILD/LPC1768/ARMC6/utilities/graphics/graphics.o
    0x000177ca   0x00000002   PAD
    0x000177cc   0x0000001e   Data   RO         5110    .rodata..L__const._Z23drawUserStatsBackgroundP4USER.tPointsStat  BUILD/LPC1768/ARMC6/utilities/graphics/graphics.o
    0x000177ea   0x00000002   PAD
    0x000177ec   0x0000001e   Data   RO         5111    .rodata..L__const._Z23drawUserStatsBackgroundP4USER.tTimeStat  BUILD/LPC1768/ARMC6/utilities/graphics/graphics.o
    0x0001780a   0x00000002   PAD
    0x0001780c   0x00000050   Data   RO         3850    .rodata..Lswitch.table._ZN4mbedL15fat_error_remapE7FRESULT  BUILD/LPC1768/ARMC6/mbed-os/storage/filesystem/fat/source/FATFileSystem.o
    0x0001785c   0x00000014   Data   RO         4614    .rodata..Lswitch.table._ZN9uLCD_4DGL8set_fontEc.2  BUILD/LPC1768/ARMC6/utilities/4DGL-uLCD-SE/uLCD_4DGL_Text.o
    0x00017870   0x00000014   Data   RO         4615    .rodata..Lswitch.table._ZN9uLCD_4DGL8set_fontEc.3  BUILD/LPC1768/ARMC6/utilities/4DGL-uLCD-SE/uLCD_4DGL_Text.o
    0x00017884   0x00000018   Data   RO         4026    .rodata.PinMap_DAC  BUILD/LPC1768/ARMC6/mbed-os/targets/TARGET_NXP/TARGET_LPC176X/analogout_api.o
    0x0001789c   0x0000003c   Data   RO         4366    .rodata.PinMap_SPI_MISO  BUILD/LPC1768/ARMC6/mbed-os/targets/TARGET_NXP/TARGET_LPC176X/spi_api.o
    0x000178d8   0x0000003c   Data   RO         4365    .rodata.PinMap_SPI_MOSI  BUILD/LPC1768/ARMC6/mbed-os/targets/TARGET_NXP/TARGET_LPC176X/spi_api.o
    0x00017914   0x0000003c   Data   RO         4367    .rodata.PinMap_SPI_SCLK  BUILD/LPC1768/ARMC6/mbed-os/targets/TARGET_NXP/TARGET_LPC176X/spi_api.o
    0x00017950   0x0000003c   Data   RO         4368    .rodata.PinMap_SPI_SSEL  BUILD/LPC1768/ARMC6/mbed-os/targets/TARGET_NXP/TARGET_LPC176X/spi_api.o
    0x0001798c   0x00000024   Data   RO         4319    .rodata.PinMap_UART_CTS  BUILD/LPC1768/ARMC6/mbed-os/targets/TARGET_NXP/TARGET_LPC176X/serial_api.o
    0x000179b0   0x00000024   Data   RO         4318    .rodata.PinMap_UART_RTS  BUILD/LPC1768/ARMC6/mbed-os/targets/TARGET_NXP/TARGET_LPC176X/serial_api.o
    0x000179d4   0x0000006c   Data   RO         4315    .rodata.PinMap_UART_RX  BUILD/LPC1768/ARMC6/mbed-os/targets/TARGET_NXP/TARGET_LPC176X/serial_api.o
    0x00017a40   0x0000006c   Data   RO         4314    .rodata.PinMap_UART_TX  BUILD/LPC1768/ARMC6/mbed-os/targets/TARGET_NXP/TARGET_LPC176X/serial_api.o
    0x00017aac   0x00000632   Data   RO         5103    .rodata._ZL10ENEMY_IMGS  BUILD/LPC1768/ARMC6/utilities/graphics/graphics.o
    0x000180de   0x00000eb4   Data   RO         4766    .rodata._ZL10bSoundData  BUILD/LPC1768/ARMC6/utilities/audio/gameMusic.o
    0x00018f92   0x00001000   Data   RO         4765    .rodata._ZL10hSoundData  BUILD/LPC1768/ARMC6/utilities/audio/gameMusic.o
    0x00019f92   0x000107a8   Data   RO         4762    .rodata._ZL10lSoundData  BUILD/LPC1768/ARMC6/utilities/audio/gameMusic.o
    0x0002a73a   0x00001270   Data   RO         4761    .rodata._ZL10pSoundData  BUILD/LPC1768/ARMC6/utilities/audio/gameMusic.o
    0x0002b9aa   0x000029c0   Data   RO         4764    .rodata._ZL10xSoundData  BUILD/LPC1768/ARMC6/utilities/audio/gameMusic.o
    0x0002e36a   0x00000632   Data   RO         5102    .rodata._ZL11PLAYER_IMGS  BUILD/LPC1768/ARMC6/utilities/graphics/graphics.o
    0x0002e99c   0x0000e1f4   Data   RO         4767    .rodata._ZL12winSoundData  BUILD/LPC1768/ARMC6/utilities/audio/gameMusic.o
    0x0003cb90   0x00004da6   Data   RO         4768    .rodata._ZL13loseSoundData  BUILD/LPC1768/ARMC6/utilities/audio/gameMusic.o
    0x00041936   0x00002400   Data   RO         4763    .rodata._ZL16missileSoundData  BUILD/LPC1768/ARMC6/utilities/audio/gameMusic.o
    0x00043d36   0x00000080   Data   RO         3728    .rodata._ZL5ExCvt   BUILD/LPC1768/ARMC6/mbed-os/storage/filesystem/fat/ChaN/ff.o
    0x00043db6   0x00000100   Data   RO         3739    .rodata._ZL5uc437   BUILD/LPC1768/ARMC6/mbed-os/storage/filesystem/fat/ChaN/ffunicode.o
    0x00043eb6   0x0000000d   Data   RO         3729    .rodata._ZL6LfnOfs  BUILD/LPC1768/ARMC6/mbed-os/storage/filesystem/fat/ChaN/ff.o
    0x00043ec3   0x00001262   Data   RO         5104    .rodata._ZL9BOSS_IMGS  BUILD/LPC1768/ARMC6/utilities/graphics/graphics.o
    0x00045125   0x00000003   PAD
    0x00045128   0x00000050   Data   RO         2766    .rodata._ZTV12DirectSerial  BUILD/LPC1768/ARMC6/mbed-os/platform/source/mbed_retarget.o
    0x00045178   0x00000064   Data   RO         3126    .rodata._ZTV13SDBlockDevice  BUILD/LPC1768/ARMC6/mbed-os/storage/blockdevice/COMPONENT_SD/source/SDBlockDevice.o
    0x000451dc   0x00000070   Data   RO         4679    .rodata._ZTV9uLCD_4DGL  BUILD/LPC1768/ARMC6/utilities/4DGL-uLCD-SE/uLCD_4DGL_main.o
    0x0004524c   0x00000050   Data   RO         1878    .rodata._ZTVN4mbed10FileHandleE  BUILD/LPC1768/ARMC6/mbed-os/platform/source/FileHandle.o
    0x0004529c   0x00000090   Data   RO         3965    .rodata._ZTVN4mbed10FileSystemE  BUILD/LPC1768/ARMC6/mbed-os/storage/filesystem/source/FileSystem.o
    0x0004532c   0x00000018   Data   RO         1276    .rodata._ZTVN4mbed10SerialBaseE  BUILD/LPC1768/ARMC6/mbed-os/drivers/source/SerialBase.o
    0x00045344   0x0000000c   Data   RO         1308    .rodata._ZTVN4mbed10TickerBaseE  BUILD/LPC1768/ARMC6/mbed-os/drivers/source/Ticker.o
    0x00045350   0x0000000c   Data   RO         1385    .rodata._ZTVN4mbed10TimerEventE  BUILD/LPC1768/ARMC6/mbed-os/drivers/source/TimerEvent.o
    0x0004535c   0x000000a0   Data   RO         3848    .rodata._ZTVN4mbed13FATFileSystemE  BUILD/LPC1768/ARMC6/mbed-os/storage/filesystem/fat/source/FATFileSystem.o
    0x000453fc   0x00000098   Data   RO          726    .rodata._ZTVN4mbed14BufferedSerialE  BUILD/LPC1768/ARMC6/mbed-os/drivers/source/BufferedSerial.o
    0x00045494   0x0000003c   Data   RO         3993    .rodata._ZTVN4mbed14FileSystemLikeE  BUILD/LPC1768/ARMC6/mbed-os/storage/filesystem/source/FileSystem.o
    0x000454d0   0x0000002c   Data   RO         1921    .rodata._ZTVN4mbed16FileSystemHandleE  BUILD/LPC1768/ARMC6/mbed-os/platform/source/FileSystemHandle.o
    0x000454fc   0x0000002c   Data   RO         3879    .rodata._ZTVN4mbed3DirE  BUILD/LPC1768/ARMC6/mbed-os/storage/filesystem/source/Dir.o
    0x00045528   0x00000020   Data   RO         1192    .rodata._ZTVN4mbed3SPIE  BUILD/LPC1768/ARMC6/mbed-os/drivers/source/SPI.o
    0x00045548   0x00000054   Data   RO         3916    .rodata._ZTVN4mbed4FileE  BUILD/LPC1768/ARMC6/mbed-os/storage/filesystem/source/File.o
    0x0004559c   0x00000018   Data   RO          777    .rodata._ZTVN4mbed5BusInE  BUILD/LPC1768/ARMC6/mbed-os/drivers/source/BusIn.o
    0x000455b4   0x00000070   Data   RO         2060    .rodata._ZTVN4mbed6StreamE  BUILD/LPC1768/ARMC6/mbed-os/platform/source/Stream.o
    0x00045624   0x0000000c   Data   RO         1310    .rodata._ZTVN4mbed6TickerE  BUILD/LPC1768/ARMC6/mbed-os/drivers/source/Ticker.o
    0x00045630   0x0000002c   Data   RO         3995    .rodata._ZTVN4mbed7ManagedINS_3DirEEE  BUILD/LPC1768/ARMC6/mbed-os/storage/filesystem/source/FileSystem.o
    0x0004565c   0x00000054   Data   RO         3994    .rodata._ZTVN4mbed7ManagedINS_4FileEEE  BUILD/LPC1768/ARMC6/mbed-os/storage/filesystem/source/FileSystem.o
    0x000456b0   0x00000010   Data   RO         1872    .rodata._ZTVN4mbed8FileBaseE  BUILD/LPC1768/ARMC6/mbed-os/platform/source/FileBase.o
    0x000456c0   0x00000060   Data   RO         2076    .rodata._ZTVN4mbed8FileLikeE  BUILD/LPC1768/ARMC6/mbed-os/platform/source/Stream.o
    0x00045720   0x0000000c   Data   RO         2267    .rodata._ZTVN4mbed8internal8SysTimerINSt3__25ratioILx1ELx1000EEELb1EEE  BUILD/LPC1768/ARMC6/mbed-os/platform/source/SysTimer.o
    0x0004572c   0x00000018   Data   RO         4785    .rodata._ZTVN4mbed9AnalogOutE  BUILD/LPC1768/ARMC6/utilities/audio/gameMusic.o
    0x00045744   0x00000018   Data   RO         2773    .rodata._ZZL15default_consolevE14console_pinmap  BUILD/LPC1768/ARMC6/mbed-os/platform/source/mbed_retarget.o
    0x0004575c   0x00000008   Data   RO         2763    .rodata.__stderr_name  BUILD/LPC1768/ARMC6/mbed-os/platform/source/mbed_retarget.o
    0x00045764   0x00000007   Data   RO         2761    .rodata.__stdin_name  BUILD/LPC1768/ARMC6/mbed-os/platform/source/mbed_retarget.o
    0x0004576b   0x00000008   Data   RO         2762    .rodata.__stdout_name  BUILD/LPC1768/ARMC6/mbed-os/platform/source/mbed_retarget.o
    0x00045773   0x00000001   PAD
    0x00045774   0x00000060   Data   RO         2516    .rodata.seconds_before_month  BUILD/LPC1768/ARMC6/mbed-os/platform/source/mbed_mktime.o
    0x000457d4   0x00000061   Data   RO          584    .rodata.str1.1      BUILD/LPC1768/ARMC6/game/users/users.o
    0x00045835   0x00000021   Data   RO          590    .rodata.str1.1      BUILD/LPC1768/ARMC6/main.o
    0x00045856   0x000000c8   Data   RO         2279    .rodata.str1.1      BUILD/LPC1768/ARMC6/mbed-os/platform/source/TARGET_CORTEX_M/mbed_fault_handler.o
    0x0004591e   0x000001a9   Data   RO         4821    .rodata.str1.1      BUILD/LPC1768/ARMC6/utilities/doublyLinkedList/doublyLinkedList.o
    0x00045ac7   0x00000077   Data   RO         5105    .rodata.str1.1      BUILD/LPC1768/ARMC6/utilities/graphics/graphics.o
    0x00045b3e   0x0000001c   Data   RO         3727    .rodata.str2.2      BUILD/LPC1768/ARMC6/mbed-os/storage/filesystem/fat/ChaN/ff.o
    0x00045b5a   0x000002ae   Data   RO         3740    .rodata.str2.2      BUILD/LPC1768/ARMC6/mbed-os/storage/filesystem/fat/ChaN/ffunicode.o
    0x00045e08   0x00000008   Data   RO         1670    .rodata.us_data     BUILD/LPC1768/ARMC6/mbed-os/hal/source/mbed_us_ticker_api.o
    0x00045e10   0x00000024   Data   RO         1673    .rodata.us_interface  BUILD/LPC1768/ARMC6/mbed-os/hal/source/mbed_us_ticker_api.o
    0x00045e34   0x00000008   Data   RO         4387    .rodata.us_ticker_get_info.info  BUILD/LPC1768/ARMC6/mbed-os/targets/TARGET_NXP/TARGET_LPC176X/us_ticker.o
    0x00045e3c   0x00000020   Data   RO         6082    Region$$Table       anon$$obj.o
    0x00045e5c   0x0000001c   Data   RO         5912    locale$$data        /Library/Application Support/Mbed Studio/mbed-studio-tools/ac6/bin/../lib/armlib/c_w.l(lc_numeric_c.o)
    0x00045e78   0x00000110   Data   RO         6027    locale$$data        /Library/Application Support/Mbed Studio/mbed-studio-tools/ac6/bin/../lib/armlib/c_w.l(lc_ctype_c.o)
    0x00045f88   0x00000004   Data   RO          205    .init_array         BUILD/LPC1768/ARMC6/game/gameLoops/game.o
    0x00045f8c   0x00000004   Data   RO         4769    .init_array         BUILD/LPC1768/ARMC6/utilities/audio/gameMusic.o
    0x00045f90   0x00000004   Data   RO         5130    .init_array         BUILD/LPC1768/ARMC6/utilities/hardware/hardware.o
    0x00045f94   0x00000004   Data   RO         5151    .init_array         BUILD/LPC1768/ARMC6/utilities/wave_player/wave_player.o
    0x00045f98   0x00000000   Data   RO         5425    .init_array         /Library/Application Support/Mbed Studio/mbed-studio-tools/ac6/bin/../lib/armlib/c_w.l(init_aeabi.o)


    Execution Region RW_IRAM1 (Base: 0x100000c8, Size: 0x00001548, Max: 0x00007f18, ABSOLUTE, COMPRESSED[0x000000e8])

    Base Addr    Size         Type   Attr      Idx    E Section Name        Object

    0x100000c8   0x00000004   Data   RW         5361    .data               /Library/Application Support/Mbed Studio/mbed-studio-tools/ac6/bin/../lib/armlib/c_w.l(stdio_streams.o)
    0x100000cc   0x00000004   Data   RW         5362    .data               /Library/Application Support/Mbed Studio/mbed-studio-tools/ac6/bin/../lib/armlib/c_w.l(stdio_streams.o)
    0x100000d0   0x00000004   Data   RW         5363    .data               /Library/Application Support/Mbed Studio/mbed-studio-tools/ac6/bin/../lib/armlib/c_w.l(stdio_streams.o)
    0x100000d4   0x00000004   Data   RW         5386    .data               /Library/Application Support/Mbed Studio/mbed-studio-tools/ac6/bin/../lib/armlib/c_w.l(strtok.o)
    0x100000d8   0x00000010   Data   RW         2809    .data..L_MergedGlobals  BUILD/LPC1768/ARMC6/mbed-os/platform/source/mbed_rtc_time.o
    0x100000e8   0x0000000c   Data   RW         4770    .data..L_MergedGlobals  BUILD/LPC1768/ARMC6/utilities/audio/gameMusic.o
    0x100000f4   0x00000004   Data   RW         4111    .data.SystemCoreClock  BUILD/LPC1768/ARMC6/mbed-os/targets/TARGET_NXP/TARGET_LPC176X/device/system_LPC17xx.o
    0x100000f8   0x00000040   Data   RW         2772    .data._ZL11filehandles  BUILD/LPC1768/ARMC6/mbed-os/platform/source/mbed_retarget.o
    0x10000138   0x00000007   Data   RW          391    .data.defaultSkins  BUILD/LPC1768/ARMC6/game/interfaces/registration/registration.o
    0x1000013f   0x00000001   PAD
    0x10000140   0x00000004   Data   RW         1671    .data.irq_handler   BUILD/LPC1768/ARMC6/mbed-os/hal/source/mbed_us_ticker_api.o
    0x10000144   0x00000007   Data   RW          320    .data.skins         BUILD/LPC1768/ARMC6/game/interfaces/menu/menu.o
    0x1000014b   0x0000012c   Data   RW          583    .data.userNames     BUILD/LPC1768/ARMC6/game/users/users.o
    0x10000277   0x00000001   PAD
    0x10000278   0x00000004   Zero   RW         5167    .bss                /Library/Application Support/Mbed Studio/mbed-studio-tools/ac6/bin/../lib/armlib/c_w.l(rt_errno_addr.o)
    0x1000027c   0x00000054   Zero   RW         5358    .bss                /Library/Application Support/Mbed Studio/mbed-studio-tools/ac6/bin/../lib/armlib/c_w.l(stdio_streams.o)
    0x100002d0   0x00000054   Zero   RW         5359    .bss                /Library/Application Support/Mbed Studio/mbed-studio-tools/ac6/bin/../lib/armlib/c_w.l(stdio_streams.o)
    0x10000324   0x00000054   Zero   RW         5360    .bss                /Library/Application Support/Mbed Studio/mbed-studio-tools/ac6/bin/../lib/armlib/c_w.l(stdio_streams.o)
    0x10000378   0x000000e4   Zero   RW         5382    .bss                /Library/Application Support/Mbed Studio/mbed-studio-tools/ac6/bin/../lib/armlib/c_w.l(rand.o)
    0x1000045c   0x0000002c   Zero   RW         5417    .bss                /Library/Application Support/Mbed Studio/mbed-studio-tools/ac6/bin/../lib/armlib/c_w.l(localtime.o)
    0x10000488   0x00000004   Zero   RW         5564    .bss                /Library/Application Support/Mbed Studio/mbed-studio-tools/ac6/bin/../lib/armlib/c_w.l(rt_heap_descriptor.o)
    0x1000048c   0x00000014   Zero   RW         5820    .bss                /Library/Application Support/Mbed Studio/mbed-studio-tools/ac6/bin/../lib/armlib/c_w.l(rt_locale.o)
    0x100004a0   0x00000008   Zero   RW          109    .bss..L_MergedGlobals  BUILD/LPC1768/ARMC6/game/characters/finalBoss/finalBoss.o
    0x100004a8   0x00000008   Zero   RW          166    .bss..L_MergedGlobals  BUILD/LPC1768/ARMC6/game/characters/player/player.o
    0x100004b0   0x00000020   Zero   RW          206    .bss..L_MergedGlobals  BUILD/LPC1768/ARMC6/game/gameLoops/game.o
    0x100004d0   0x0000000c   Zero   RW          225    .bss..L_MergedGlobals  BUILD/LPC1768/ARMC6/game/healthBars/healthBar.o
    0x100004dc   0x00000078   Zero   RW          282    .bss..L_MergedGlobals  BUILD/LPC1768/ARMC6/game/interfaces/login/login.o
    0x10000554   0x00000048   Zero   RW          322    .bss..L_MergedGlobals  BUILD/LPC1768/ARMC6/game/interfaces/menu/menu.o
    0x1000059c   0x00000078   Zero   RW          394    .bss..L_MergedGlobals  BUILD/LPC1768/ARMC6/game/interfaces/registration/registration.o
    0x10000614   0x0000000c   Zero   RW          536    .bss..L_MergedGlobals  BUILD/LPC1768/ARMC6/game/projectiles/projectile.o
    0x10000620   0x00000018   Zero   RW         1193    .bss..L_MergedGlobals  BUILD/LPC1768/ARMC6/mbed-os/drivers/source/SPI.o
    0x10000638   0x00000002   Zero   RW         1548    .bss..L_MergedGlobals  BUILD/LPC1768/ARMC6/mbed-os/hal/source/mbed_critical_section_api.o
    0x1000063a   0x00000002   PAD
    0x1000063c   0x00000010   Zero   RW         1873    .bss..L_MergedGlobals  BUILD/LPC1768/ARMC6/mbed-os/platform/source/FileBase.o
    0x1000064c   0x00000070   Zero   RW         2463    .bss..L_MergedGlobals  BUILD/LPC1768/ARMC6/mbed-os/platform/source/mbed_error.o
    0x100006bc   0x00000004   PAD
    0x100006c0   0x00000050   Zero   RW         2539    .bss..L_MergedGlobals  BUILD/LPC1768/ARMC6/mbed-os/platform/source/mbed_os_timer.o
    0x10000710   0x00000028   Zero   RW         2775    .bss..L_MergedGlobals  BUILD/LPC1768/ARMC6/mbed-os/platform/source/mbed_retarget.o
    0x10000738   0x00000008   Zero   RW         2831    .bss..L_MergedGlobals  BUILD/LPC1768/ARMC6/mbed-os/platform/source/mbed_sdk_boot.o
    0x10000740   0x00000014   Zero   RW         3730    .bss..L_MergedGlobals  BUILD/LPC1768/ARMC6/mbed-os/storage/filesystem/fat/ChaN/ff.o
    0x10000754   0x00000004   PAD
    0x10000758   0x00000010   Zero   RW         4320    .bss..L_MergedGlobals  BUILD/LPC1768/ARMC6/mbed-os/targets/TARGET_NXP/TARGET_LPC176X/serial_api.o
    0x10000768   0x0000006c   Zero   RW         5131    .bss..L_MergedGlobals  BUILD/LPC1768/ARMC6/utilities/hardware/hardware.o
    0x100007d4   0x0000004c   Zero   RW          283    .bss..L_MergedGlobals.1  BUILD/LPC1768/ARMC6/game/interfaces/login/login.o
    0x10000820   0x00000078   Zero   RW         4771    .bss..L_MergedGlobals.13  BUILD/LPC1768/ARMC6/utilities/audio/gameMusic.o
    0x10000898   0x00000044   Zero   RW          395    .bss..L_MergedGlobals.6  BUILD/LPC1768/ARMC6/game/interfaces/registration/registration.o
    0x100008dc   0x00000008   Zero   RW         2771    .bss._ZL16filehandle_mutex  BUILD/LPC1768/ARMC6/mbed-os/platform/source/mbed_retarget.o
    0x100008e4   0x00000008   Zero   RW         2808    .bss._ZL6_mutex     BUILD/LPC1768/ARMC6/mbed-os/platform/source/mbed_rtc_time.o
    0x100008ec   0x00000001   Zero   RW         3726    .bss._ZL7CurrVol    BUILD/LPC1768/ARMC6/mbed-os/storage/filesystem/fat/ChaN/ff.o
    0x100008ed   0x00000003   PAD
    0x100008f0   0x00000008   Zero   RW         3849    .bss._ZN4mbedL10_ffs_mutexE  BUILD/LPC1768/ARMC6/mbed-os/storage/filesystem/fat/source/FATFileSystem.o
    0x100008f8   0x00000010   Zero   RW         3847    .bss._ZN4mbedL4_ffsE  BUILD/LPC1768/ARMC6/mbed-os/storage/filesystem/fat/source/FATFileSystem.o
    0x10000908   0x00000001   Zero   RW         1672    .bss._us_ticker_initialized  BUILD/LPC1768/ARMC6/mbed-os/hal/source/mbed_us_ticker_api.o
    0x10000909   0x00000007   PAD
    0x10000910   0x00000250   Zero   RW         4751    .bss.audioPlayer    BUILD/LPC1768/ARMC6/utilities/audio/gameMusic.o
    0x10000b60   0x00000040   Zero   RW         4758    .bss.bSound         BUILD/LPC1768/ARMC6/utilities/audio/gameMusic.o
    0x10000ba0   0x00000040   Zero   RW         5148    .bss.backSound      BUILD/LPC1768/ARMC6/utilities/wave_player/wave_player.o
    0x10000be0   0x00000004   Zero   RW         2418    .bss.critical_section_reentrancy_counter  BUILD/LPC1768/ARMC6/mbed-os/platform/source/mbed_critical.o
    0x10000be4   0x00000002   Zero   RW         2582    .bss.deep_sleep_lock  BUILD/LPC1768/ARMC6/mbed-os/platform/source/mbed_power_mgmt.o
    0x10000be6   0x00000002   PAD
    0x10000be8   0x00000004   Zero   RW           62    .bss.enemyDLL       BUILD/LPC1768/ARMC6/game/characters/enemies/enemy.o
    0x10000bec   0x00000004   PAD
    0x10000bf0   0x00000038   Zero   RW         1674    .bss.events         BUILD/LPC1768/ARMC6/mbed-os/hal/source/mbed_us_ticker_api.o
    0x10000c28   0x0000005c   Zero   RW         5128    .bss.fs             BUILD/LPC1768/ARMC6/utilities/hardware/hardware.o
    0x10000c84   0x00000004   PAD
    0x10000c88   0x00000040   Zero   RW         4757    .bss.hSound         BUILD/LPC1768/ARMC6/utilities/audio/gameMusic.o
    0x10000cc8   0x00000001   Zero   RW         2462    .bss.halt_in_progress  BUILD/LPC1768/ARMC6/mbed-os/platform/source/mbed_error.o
    0x10000cc9   0x00000003   PAD
    0x10000ccc   0x00000004   Zero   RW         4317    .bss.irq_handler    BUILD/LPC1768/ARMC6/mbed-os/targets/TARGET_NXP/TARGET_LPC176X/serial_api.o
    0x10000cd0   0x00000040   Zero   RW         4754    .bss.lSound         BUILD/LPC1768/ARMC6/utilities/audio/gameMusic.o
    0x10000d10   0x00000040   Zero   RW         4760    .bss.loseSoundPlayer  BUILD/LPC1768/ARMC6/utilities/audio/gameMusic.o
    0x10000d50   0x00000040   Zero   RW         4752    .bss.mSound         BUILD/LPC1768/ARMC6/utilities/audio/gameMusic.o
    0x10000d90   0x00000001   Zero   RW         2461    .bss.mbed_error_in_progress  BUILD/LPC1768/ARMC6/mbed-os/platform/source/mbed_error.o
    0x10000d91   0x00000003   PAD
    0x10000d94   0x00000054   Zero   RW         2280    .bss.mbed_fault_context  BUILD/LPC1768/ARMC6/mbed-os/platform/source/TARGET_CORTEX_M/mbed_fault_handler.o
    0x10000de8   0x00000004   Zero   RW         2765    .bss.mbed_heap_size  BUILD/LPC1768/ARMC6/mbed-os/platform/source/mbed_retarget.o
    0x10000dec   0x00000004   Zero   RW         2764    .bss.mbed_heap_start  BUILD/LPC1768/ARMC6/mbed-os/platform/source/mbed_retarget.o
    0x10000df0   0x00000040   Zero   RW         4755    .bss.missileSoundPlayer  BUILD/LPC1768/ARMC6/utilities/audio/gameMusic.o
    0x10000e30   0x0000004c   Zero   RW         5126    .bss.myNav          BUILD/LPC1768/ARMC6/utilities/hardware/hardware.o
    0x10000e7c   0x00000004   PAD
    0x10000e80   0x00000040   Zero   RW         4753    .bss.pSound         BUILD/LPC1768/ARMC6/utilities/audio/gameMusic.o
    0x10000ec0   0x00000090   Zero   RW         5127    .bss.sd_block       BUILD/LPC1768/ARMC6/utilities/hardware/hardware.o
    0x10000f50   0x00000308   Zero   RW         5125    .bss.uLCD           BUILD/LPC1768/ARMC6/utilities/hardware/hardware.o
    0x10001258   0x000000e0   Zero   RW         4316    .bss.uart_data      BUILD/LPC1768/ARMC6/mbed-os/targets/TARGET_NXP/TARGET_LPC176X/serial_api.o
    0x10001338   0x00000001   Zero   RW         4388    .bss.us_ticker_inited  BUILD/LPC1768/ARMC6/mbed-os/targets/TARGET_NXP/TARGET_LPC176X/us_ticker.o
    0x10001339   0x00000007   PAD
    0x10001340   0x00000250   Zero   RW         5129    .bss.waver          BUILD/LPC1768/ARMC6/utilities/hardware/hardware.o
    0x10001590   0x00000040   Zero   RW         4759    .bss.winSoundPlayer  BUILD/LPC1768/ARMC6/utilities/audio/gameMusic.o
    0x100015d0   0x00000040   Zero   RW         4756    .bss.xSound         BUILD/LPC1768/ARMC6/utilities/audio/gameMusic.o


    Execution Region ARM_LIB_HEAP (Base: 0x10001610, Size: 0x000059d0, Max: 0x000059d0, ABSOLUTE)

    Base Addr    Size         Type   Attr      Idx    E Section Name        Object

    0x10001610   0x000059d0   Zero   RW            1    ARM_LIB_HEAP.bss    anon$$obj.o


    Execution Region ARM_LIB_STACK (Base: 0x10007000, Size: 0x00001000, Max: 0x00001000, ABSOLUTE)

    Base Addr    Size         Type   Attr      Idx    E Section Name        Object

    0x10007000   0x00001000   Zero   RW            2    ARM_LIB_STACK.bss   anon$$obj.o


    Execution Region RW_IRAM2 (Base: 0x2007c000, Size: 0x00000000, Max: 0x00004000, ABSOLUTE)

    **** No section assigned to this execution region ****


    Execution Region RW_IRAM3 (Base: 0x20080000, Size: 0x00000000, Max: 0x00004000, ABSOLUTE)

    **** No section assigned to this execution region ****


    Execution Region RW_IRAM4 (Base: 0x40038000, Size: 0x00000000, Max: 0x00000800, ABSOLUTE)

    **** No section assigned to this execution region ****


==============================================================================

Image component sizes


      Code (inc. data)   RO Data    RW Data    ZI Data      Debug   

     76078       4312     190736        416      31552      38904   Object Totals
         0          0         32          0      27088          0   (incl. Generated)
       140          0         19          2         47          0   (incl. Padding)
     18668        974        566         16        552      12900   Library Totals
        30          0          3          0          0          0   (incl. Padding)

==============================================================================


      Code (inc. data)   RO Data    RW Data    ZI Data      Debug   

     94746       5286     191302        432      32104      42764   Grand Totals
     94746       5286     191302        232      32104      42764   ELF Image Totals (compressed)
     94746       5286     191302        232          0          0   ROM Totals

==============================================================================

    Total RO  Size (Code + RO Data)               286048 ( 279.34kB)
    Total RW  Size (RW Data + ZI Data)             32536 (  31.77kB)
    Total ROM Size (Code + RO Data + RW Data)     286280 ( 279.57kB)

==============================================================================

